I/AwesomePlayer( 1870): reset
I/AwesomePlayer( 1870): cancel player events
V/AwesomePlayer( 1870): mAudioTrackVector clear
V/StagefrightPlayer( 1870): StagefrightPlayer
V/AwesomePlayer( 1870): setListener
V/StagefrightPlayer( 1870): initCheck
V/StagefrightPlayer( 1870): setDataSource(24, 2988352, 6028)
V/AwesomePlayer( 1870): setDataSource (35, 2988352, 6028)
I/AwesomePlayer( 1870): cancel player events
V/AwesomePlayer( 1870): mAudioTrackVector clear
V/AwesomePlayer( 1870): track of type 'audio/vorbis' does not publish bitrate
V/AwesomePlayer( 1870): mBitrate = -1 bits/sec
W/AwesomePlayer( 1870): couldn't get userdata - Weather
W/AwesomePlayer( 1870): couldn't get userdata - Authorization 
W/AwesomePlayer( 1870): couldn't get userdata - SnapShot 
V/AwesomePlayer( 1870): current audio track index (0) is added to vector
V/AwesomePlayer( 1870): setDataSource_l: Audio(1), Video(0)
I/AwesomePlayer( 1870): AwesomePlayer::setDataSource_l():: This is not a DRM content
V/MediaPlayerService( 1870): prepare
V/AwesomePlayer( 1870): prepareAsync
V/MediaPlayerService( 1870): wait for prepare
D/dalvikvm( 2783): GC_CONCURRENT freed 177K, 11% free 7290K/8135K, paused 17ms+12ms, total 101ms
V/AwesomePlayer( 1870): onPrepareAsyncEvent
V/AwesomePlayer( 1870): initAudioDecoder()
I/OMXCodec( 1870): Successfully allocated OMX node 'OMX.google.vorbis.decoder'
D/dalvikvm( 2763): GC_CONCURRENT freed 184K, 11% free 7315K/8135K, paused 13ms+3ms, total 117ms
D/dalvikvm( 2763): WAIT_FOR_CONCURRENT_GC blocked 42ms
V/AwesomePlayer( 1870): notifyListner_l() msg (5-MEDIA_SET_VIDEO_SIZE), ext1 (0), ext2 (0)
V/AudioCache( 1870): notify(0x41c59838, 5, 0, 0)
V/AudioCache( 1870): ignored
V/AwesomePlayer( 1870): notifyListner_l() msg (1-MEDIA_PREPARED), ext1 (0), ext2 (0)
V/AudioCache( 1870): notify(0x41c59838, 1, 0, 0)
V/AudioCache( 1870): prepared
V/AudioCache( 1870): wait - success
V/MediaPlayerService( 1870): start
V/StagefrightPlayer( 1870): start
V/AwesomePlayer( 1870): play
V/AwesomePlayer( 1870): AwesomePlayer::play_l():: This is not a DRM content
I/AudioPlayer( 1870):  Audioplayer kKeyAudioPCMFormat:1, 2, 0
I/AudioPlayer( 1870):  Audioplayer1 (2, 1)
V/AudioCache( 1870): open(44100, 2, 0x0, 1, 4)
V/MediaPlayerService( 1870): wait for playback complete
I/SurfaceFlinger( 1867): id=3(2) createSurf 0x437a1e9c (1280x752),3 flag=400, TurfaceView
V/AudioCache( 1870): write(0x41c57110, 4096)
V/AudioCache( 1870): memcpy(0x43175000, 0x41c57110, 4096)
D/KeyguardViewMediator( 2225): setHidden false
E/OMXCodec( 1870): [OMX.google.vorbis.decoder] err = -1011
V/AudioCache( 1870): write(0x41c57110, 4096)
V/AudioCache( 1870): memcpy(0x43176000, 0x41c57110, 4096)
V/AudioCache( 1870): write(0x41c57110, 4096)
V/AudioCache( 1870): memcpy(0x43177000, 0x41c57110, 4096)
V/AudioCache( 1870): write(0x41c57110, 4096)
V/AudioCache( 1870): memcpy(0x43178000, 0x41c57110, 4096)
V/AudioCache( 1870): write(0x41c57110, 4096)
V/AudioCache( 1870): memcpy(0x43179000, 0x41c57110, 4096)
V/AwesomePlayer( 1870): MEDIA_PLAYBACK_COMPLETE
V/AwesomePlayer( 1870): notifyListner_l() msg (2-MEDIA_PLAYBACK_COMPLETE), ext1 (0), ext2 (0)
V/AudioCache( 1870): notify(0x41c59838, 2, 0, 0)
V/AudioCache( 1870): playback complete - thread will wake up later
V/AudioCache( 1870): wait - success
V/StagefrightPlayer( 1870): reset
I/AwesomePlayer( 1870): reset
I/AwesomePlayer( 1870): cancel player events
V/AwesomePlayer( 1870): mAudioTrackVector clear
I/OMXCodec( 1870): [OMX.google.vorbis.decoder] stop() sendCommand(0x8, OMX_CommandStateSet, OMX_StateIdle)
I/OMXCodec( 1870): [OMX.google.vorbis.decoder] stopped in state 1
V/MediaPlayerService( 1870): MediaPlayerService::decode() using fd -
V/StagefrightPlayer( 1870): ~StagefrightPlayer
V/StagefrightPlayer( 1870): reset
I/AwesomePlayer( 1870): reset
I/AwesomePlayer( 1870): cancel player events
V/AwesomePlayer( 1870): mAudioTrackVector clear
I/AwesomePlayer( 1870): reset
I/AwesomePlayer( 1870): cancel player events
V/AwesomePlayer( 1870): mAudioTrackVector clear
V/AwesomePlayer( 1870): ~AwesomePlayer()
V/SoundPoolThread( 2731): Got message m=2, mData=3
V/MediaPlayer( 2731): decode(44, 2976852, 5352)
V/MediaPlayerService( 1870): decode(24, 2976852, 5352)
V/MediaPlayerService( 1870): player type = 3
V/MediaPlayerService( 1870):  create StagefrightPlayer
V/AwesomePlayer( 1870): setDefault
V/AwesomePlayer( 1870): constructor
V/AwesomePlayer( 1870): setDefault
I/AwesomePlayer( 1870): reset
I/AwesomePlayer( 1870): cancel player events
V/AwesomePlayer( 1870): mAudioTrackVector clear
V/StagefrightPlayer( 1870): StagefrightPlayer
V/AwesomePlayer( 1870): setListener
V/StagefrightPlayer( 1870): initCheck
V/StagefrightPlayer( 1870): setDataSource(24, 2976852, 5352)
V/AwesomePlayer( 1870): setDataSource (36, 2976852, 5352)
I/AwesomePlayer( 1870): cancel player events
V/AwesomePlayer( 1870): mAudioTrackVector clear
V/AwesomePlayer( 1870): track of type 'audio/vorbis' does not publish bitrate
V/AwesomePlayer( 1870): mBitrate = -1 bits/sec
W/AwesomePlayer( 1870): couldn't get userdata - Weather
W/AwesomePlayer( 1870): couldn't get userdata - Authorization 
W/AwesomePlayer( 1870): couldn't get userdata - SnapShot 
V/AwesomePlayer( 1870): current audio track index (0) is added to vector
V/AwesomePlayer( 1870): setDataSource_l: Audio(1), Video(0)
I/AwesomePlayer( 1870): AwesomePlayer::setDataSource_l():: This is not a DRM content
V/MediaPlayerService( 1870): prepare
V/AwesomePlayer( 1870): prepareAsync
V/MediaPlayerService( 1870): wait for prepare
V/AwesomePlayer( 1870): onPrepareAsyncEvent
V/AwesomePlayer( 1870): initAudioDecoder()
I/OMXCodec( 1870): Successfully allocated OMX node 'OMX.google.vorbis.decoder'
V/AwesomePlayer( 1870): notifyListner_l() msg (5-MEDIA_SET_VIDEO_SIZE), ext1 (0), ext2 (0)
V/AudioCache( 1870): notify(0x41c59838, 5, 0, 0)
V/AudioCache( 1870): ignored
V/AwesomePlayer( 1870): notifyListner_l() msg (1-MEDIA_PREPARED), ext1 (0), ext2 (0)
V/AudioCache( 1870): notify(0x41c59838, 1, 0, 0)
V/AudioCache( 1870): prepared
V/AudioCache( 1870): wait - success
V/MediaPlayerService( 1870): start
V/StagefrightPlayer( 1870): start
V/AwesomePlayer( 1870): play
V/AwesomePlayer( 1870): AwesomePlayer::play_l():: This is not a DRM content
E/OMXCodec( 1870): [OMX.google.vorbis.decoder] err = -1011
I/AudioPlayer( 1870):  Audioplayer kKeyAudioPCMFormat:1, 2, 0
I/AudioPlayer( 1870):  Audioplayer1 (2, 1)
V/AudioCache( 1870): open(44100, 2, 0x0, 1, 4)
V/MediaPlayerService( 1870): wait for playback complete
V/AudioCache( 1870): write(0x420dd560, 4096)
V/AudioCache( 1870): memcpy(0x43275000, 0x420dd560, 4096)
V/AudioCache( 1870): write(0x420dd560, 4096)
V/AudioCache( 1870): memcpy(0x43276000, 0x420dd560, 4096)
V/AudioCache( 1870): write(0x420dd560, 4096)
V/AudioCache( 1870): memcpy(0x43277000, 0x420dd560, 4096)
V/AudioCache( 1870): write(0x420dd560, 4096)
V/AudioCache( 1870): memcpy(0x43278000, 0x420dd560, 4096)
V/AudioCache( 1870): write(0x420dd560, 4096)
V/AudioCache( 1870): memcpy(0x43279000, 0x420dd560, 4096)
V/AwesomePlayer( 1870): MEDIA_PLAYBACK_COMPLETE
V/AwesomePlayer( 1870): notifyListner_l() msg (2-MEDIA_PLAYBACK_COMPLETE), ext1 (0), ext2 (0)
V/AudioCache( 1870): notify(0x41c59838, 2, 0, 0)
V/AudioCache( 1870): playback complete - thread will wake up later
V/AudioCache( 1870): wait - success
V/StagefrightPlayer( 1870): reset
I/AwesomePlayer( 1870): reset
I/AwesomePlayer( 1870): cancel player events
V/AwesomePlayer( 1870): mAudioTrackVector clear
I/OMXCodec( 1870): [OMX.google.vorbis.decoder] stop() sendCommand(0x9, OMX_CommandStateSet, OMX_StateIdle)
I/OMXCodec( 1870): [OMX.google.vorbis.decoder] stopped in state 1
V/MediaPlayerService( 1870): MediaPlayerService::decode() using fd -
V/StagefrightPlayer( 1870): ~StagefrightPlayer
V/StagefrightPlayer( 1870): reset
I/AwesomePlayer( 1870): reset
I/AwesomePlayer( 1870): cancel player events
V/AwesomePlayer( 1870): mAudioTrackVector clear
I/AwesomePlayer( 1870): reset
I/AwesomePlayer( 1870): cancel player events
V/AwesomePlayer( 1870): mAudioTrackVector clear
V/AwesomePlayer( 1870): ~AwesomePlayer()
V/SoundPoolThread( 2731): Got message m=2, mData=4
V/MediaPlayer( 2731): decode(45, 2982264, 6028)
V/MediaPlayerService( 1870): decode(24, 2982264, 6028)
V/MediaPlayerService( 1870): player type = 3
V/MediaPlayerService( 1870):  create StagefrightPlayer
V/AwesomePlayer( 1870): setDefault
V/AwesomePlayer( 1870): constructor
V/AwesomePlayer( 1870): setDefault
I/AwesomePlayer( 1870): reset
I/AwesomePlayer( 1870): cancel player events
V/AwesomePlayer( 1870): mAudioTrackVector clear
V/StagefrightPlayer( 1870): StagefrightPlayer
V/AwesomePlayer( 1870): setListener
V/StagefrightPlayer( 1870): initCheck
V/StagefrightPlayer( 1870): setDataSource(24, 2982264, 6028)
V/AwesomePlayer( 1870): setDataSource (37, 2982264, 6028)
I/AwesomePlayer( 1870): cancel player events
V/AwesomePlayer( 1870): mAudioTrackVector clear
V/AwesomePlayer( 1870): track of type 'audio/vorbis' does not publish bitrate
V/AwesomePlayer( 1870): mBitrate = -1 bits/sec
W/AwesomePlayer( 1870): couldn't get userdata - Weather
W/AwesomePlayer( 1870): couldn't get userdata - Authorization 
W/AwesomePlayer( 1870): couldn't get userdata - SnapShot 
V/AwesomePlayer( 1870): current audio track index (0) is added to vector
V/AwesomePlayer( 1870): setDataSource_l: Audio(1), Video(0)
I/AwesomePlayer( 1870): AwesomePlayer::setDataSource_l():: This is not a DRM content
V/MediaPlayerService( 1870): prepare
V/AwesomePlayer( 1870): prepareAsync
V/MediaPlayerService( 1870): wait for prepare
D/dalvikvm( 2225): GC_EXPLICIT freed 418K, 8% free 22671K/24519K, paused 4ms+18ms, total 209ms
I/ActivityThread( 2825): Pub com.sec.android.app.launcher.settings.id: com.android.launcher2.LauncherProviderID
V/AwesomePlayer( 1870): onPrepareAsyncEvent
V/AwesomePlayer( 1870): initAudioDecoder()
I/LogsProvider( 2794): onAccountsUpdated: Delete SNS log : spType = 0
I/LogsProvider( 2794): onAccountsUpdated: Delete SNS log : spType = 1
I/LogsProvider( 2794): onAccountsUpdated: Delete SNS log : spType = 2
I/LogsProvider( 2794): onAccountsUpdated: Delete SNS log : spType = 3
D/MediaScanner( 2740): Scanner initMutex res = 0
I/LogsProvider( 2794): onAccountsUpdated: Delete SNS log : spType = 4
I/LogsProvider( 2794): onAccountsUpdated: Delete SNS log : spType = 5
I/OMXCodec( 1870): Successfully allocated OMX node 'OMX.google.vorbis.decoder'
V/AwesomePlayer( 1870): notifyListner_l() msg (5-MEDIA_SET_VIDEO_SIZE), ext1 (0), ext2 (0)
V/AudioCache( 1870): notify(0x41c59838, 5, 0, 0)
V/AudioCache( 1870): ignored
V/AwesomePlayer( 1870): notifyListner_l() msg (1-MEDIA_PREPARED), ext1 (0), ext2 (0)
V/AudioCache( 1870): notify(0x41c59838, 1, 0, 0)
V/AudioCache( 1870): prepared
V/AudioCache( 1870): wait - success
V/MediaPlayerService( 1870): start
V/StagefrightPlayer( 1870): start
V/AwesomePlayer( 1870): play
V/AwesomePlayer( 1870): AwesomePlayer::play_l():: This is not a DRM content
I/AudioPlayer( 1870):  Audioplayer kKeyAudioPCMFormat:1, 2, 0
I/AudioPlayer( 1870):  Audioplayer1 (2, 1)
V/AudioCache( 1870): open(44100, 2, 0x0, 1, 4)
V/MediaPlayerService( 1870): wait for playback complete
V/AudioCache( 1870): write(0x420dd560, 4096)
V/AudioCache( 1870): memcpy(0x43375000, 0x420dd560, 4096)
E/OMXCodec( 1870): [OMX.google.vorbis.decoder] err = -1011
V/AudioCache( 1870): write(0x420dd560, 4096)
V/AudioCache( 1870): memcpy(0x43376000, 0x420dd560, 4096)
V/AudioCache( 1870): write(0x420dd560, 4096)
V/AudioCache( 1870): memcpy(0x43377000, 0x420dd560, 4096)
V/AudioCache( 1870): write(0x420dd560, 4096)
V/AudioCache( 1870): memcpy(0x43378000, 0x420dd560, 4096)
V/AudioCache( 1870): write(0x420dd560, 4096)
V/AudioCache( 1870): memcpy(0x43379000, 0x420dd560, 4096)
V/AwesomePlayer( 1870): MEDIA_PLAYBACK_COMPLETE
V/AwesomePlayer( 1870): notifyListner_l() msg (2-MEDIA_PLAYBACK_COMPLETE), ext1 (0), ext2 (0)
V/AudioCache( 1870): notify(0x41c59838, 2, 0, 0)
V/AudioCache( 1870): playback complete - thread will wake up later
V/AudioCache( 1870): wait - success
V/StagefrightPlayer( 1870): reset
I/AwesomePlayer( 1870): reset
I/AwesomePlayer( 1870): cancel player events
V/AwesomePlayer( 1870): mAudioTrackVector clear
I/OMXCodec( 1870): [OMX.google.vorbis.decoder] stop() sendCommand(0xa, OMX_CommandStateSet, OMX_StateIdle)
I/OMXCodec( 1870): [OMX.google.vorbis.decoder] stopped in state 1
V/MediaPlayerService( 1870): MediaPlayerService::decode() using fd -
V/StagefrightPlayer( 1870): ~StagefrightPlayer
V/StagefrightPlayer( 1870): reset
I/AwesomePlayer( 1870): reset
I/AwesomePlayer( 1870): cancel player events
V/AwesomePlayer( 1870): mAudioTrackVector clear
I/AwesomePlayer( 1870): reset
I/AwesomePlayer( 1870): cancel player events
V/AwesomePlayer( 1870): mAudioTrackVector clear
V/AwesomePlayer( 1870): ~AwesomePlayer()
D/dalvikvm( 2740): GC_CONCURRENT freed 251K, 12% free 7119K/8007K, paused 12ms+12ms, total 46ms
D/dalvikvm( 2783): GC_CONCURRENT freed 154K, 10% free 7658K/8455K, paused 11ms+15ms, total 67ms
D/dalvikvm( 2783): WAIT_FOR_CONCURRENT_GC blocked 27ms
D/dalvikvm( 2225): GC_FOR_ALLOC freed 36K, 8% free 22683K/24519K, paused 92ms, total 93ms
I/dalvikvm-heap( 2225): Grow heap (frag case) to 28.571MB for 6071312-byte allocation
D/dalvikvm( 2783): GC_CONCURRENT freed 156K, 10% free 8027K/8839K, paused 14ms+1ms, total 61ms
D/dalvikvm( 2225): GC_FOR_ALLOC freed 2K, 7% free 28610K/30471K, paused 86ms, total 86ms
I/dalvikvm( 2911): Turning on JNI app bug workarounds for target SDK version 12...
D/STATUSBAR-NetworkController( 2610): refreshSignalCluster: data=0 bt=false
I/ActivityThread( 2911): Pub com.google.settings: com.google.android.gsf.settings.GoogleSettingsProvider
D/dalvikvm( 2731): GC_CONCURRENT freed 457K, 14% free 7627K/8775K, paused 11ms+2ms, total 84ms
D/dalvikvm( 2731): WAIT_FOR_CONCURRENT_GC blocked 53ms
D/dalvikvm( 2610): GC_FOR_ALLOC freed 66K, 9% free 8363K/9095K, paused 81ms, total 81ms
I/dalvikvm-heap( 2610): Grow heap (frag case) to 9.260MB for 496816-byte allocation
D/dalvikvm( 2610): GC_CONCURRENT freed 8K, 8% free 8839K/9607K, paused 2ms+2ms, total 30ms
D/dalvikvm( 2610): WAIT_FOR_CONCURRENT_GC blocked 27ms
I/ActivityThread( 2911): Pub subscribedfeeds: com.google.android.gsf.subscribedfeeds.SubscribedFeedsProvider
D/dalvikvm( 2825): GC_CONCURRENT freed 199K, 11% free 7297K/8135K, paused 32ms+2ms, total 82ms
D/dalvikvm( 2825): WAIT_FOR_CONCURRENT_GC blocked 29ms
D/Launcher.Model( 2825): reloadBadges entered.
D/Launcher( 2825): Launcher ctor: 1098560552
D/Launcher( 2825): onCreate. savedInstanceState: null, Launcher: 1098560552
I/ActivityThread( 2911): Pub com.google.contacts.gal.provider: com.google.android.syncadapters.contacts.GalProvider
I/ActivityThread( 2740): Pub sisodownloads: com.sec.android.providers.downloads.SecDownloadProvider
D/dalvikvm( 2763): GC_CONCURRENT freed 156K, 11% free 7605K/8455K, paused 1ms+39ms, total 57ms
I/ActivityThread( 2763): Pub telephony: com.android.providers.telephony.TelephonyProvider
D/Launcher( 2825): Set device_provisioned: 1
D/Launcher( 2825): Confirm device_provisioned: 1
I/Launcher( 2825): HOMESCREENEDITMODE=false REPLACEHOTSEATAREAINEDITMODE=false
D/Launcher.Model( 2825): MenuAppModel.onLocaleChanged called
I/ActivityThread( 2911): Pub com.google.android.gsf.gservices: com.google.android.gsf.gservices.GservicesProvider
I/GservicesProvider( 2911): Gservices pushing to system: true; secure: true
D/STATUSBAR-NotificationService( 2225): cancelAllNotifications()
W/TelephonyProvider( 2763): onCreate: confFile=/system/etc/apns-conf.xml oldCheckSum=-1
I/ActivityThread( 2763): Pub sms;spamsms: com.android.providers.telephony.SmsProvider
I/ActivityThread( 2763): Pub com.android.phone.callsettings: com.android.phone.callsettings.CallSettingsProvider
D/LockPatternUtils( 2225): isPcwEnable = null
D/MtpService( 2740): addStorageLocked 65537 /storage/sdcard0
I/ActivityThread( 2763): Pub mms-sms: com.android.providers.telephony.MmsSmsProvider
I/ActivityThread( 2935): Pub com.sec.badge: com.sec.android.provider.badge.BadgeProvider
D/BadgeProvider( 2935): onCreate
D/BadgeProvider( 2935): DatabaseHelper
D/TP/MmsSmsProvider( 2763): set contact matching CLI digits:0
I/ActivityThread( 2763): Pub nwkinfo: com.android.providers.telephony.NwkInfoProvider
D/NwkInfoProvider( 2763): onCreate
E/NwkInfoProvider( 2763): [DB Version] getVersion: 2752519 - DatabaseHelper
I/ActivityThread( 2763): Pub icc: com.android.phone.IccProvider
D/MtpService( 2740): starting MTP server in PTP mode
I/ActivityThread( 2763): Pub channels: com.android.providers.telephony.ChannelsProvider
I/ActivityThread( 2763): Pub mms;spammms: com.android.providers.telephony.MmsProvider
V/MmsProvider( 2763): onCreate EnableMmsServerTime = true
D/MediaScanner( 2740): MediaScanner - mSkipList ()
V/PhoneApp( 2763): onCreate()...
V/PhoneApp( 2763): smallestScreenWidthDp800
D/MediaScanner( 2740): Constructor set externalStorageSdPath : /storage/extSdCard
E/MtpServerJNI( 2740): could not open MTP driver, errno: 2
D/MtpService( 2740): addStorageLocked 65537 /storage/sdcard0
E/MtpServerJNI( 2740): server is null in add_storage
E/MtpServerJNI( 2740): server is null in run
E/MtpServerJNI( 2740): server is null in cleanup
D/dalvikvm( 2225): GC_CONCURRENT freed 119K, 6% free 28668K/30471K, paused 23ms+12ms, total 480ms
D/dalvikvm( 2225): WAIT_FOR_CONCURRENT_GC blocked 301ms
D/dalvikvm( 2225): GC_FOR_ALLOC freed 40K, 7% free 28627K/30471K, paused 73ms, total 74ms
I/dalvikvm-heap( 2225): Grow heap (frag case) to 29.584MB for 1048592-byte allocation
D/dalvikvm( 2731): GC_CONCURRENT freed 457K, 13% free 7665K/8775K, paused 22ms+1ms, total 40ms
D/dalvikvm( 2731): WAIT_FOR_CONCURRENT_GC blocked 7ms
D/dalvikvm( 2731): GC_CONCURRENT freed 489K, 14% free 7659K/8839K, paused 11ms+1ms, total 23ms
D/dalvikvm( 2731): WAIT_FOR_CONCURRENT_GC blocked 6ms
D/dalvikvm( 2731): GC_CONCURRENT freed 454K, 13% free 7691K/8839K, paused 11ms+2ms, total 23ms
D/dalvikvm( 2731): WAIT_FOR_CONCURRENT_GC blocked 9ms
D/dalvikvm( 2731): GC_CONCURRENT freed 464K, 13% free 7696K/8839K, paused 12ms+1ms, total 26ms
D/dalvikvm( 2731): WAIT_FOR_CONCURRENT_GC blocked 12ms
D/dalvikvm( 2731): GC_CONCURRENT freed 555K, 14% free 7684K/8903K, paused 1ms+1ms, total 11ms
D/dalvikvm( 2731): WAIT_FOR_CONCURRENT_GC blocked 10ms
D/dalvikvm( 2225): GC_FOR_ALLOC freed 9K, 7% free 29641K/31559K, paused 377ms, total 377ms
I/LocationManagerService( 2225): request network (pid 2225) 86400000 86400000
I/LocationManagerService( 2225): request passive (pid 2225) 0 0
D/VolumePanel( 2225): change mode by MSG_RINGER_MODE_CHANGED
D/STATUSBAR-NotificationService( 2225): received android.intent.action.DORMANT_MODE_OFF
D/STATUSBAR-NotificationService( 2225): updateLightsLocked() : Turn off notification light
W/InputMethodManagerService( 2225): onReceive() calling hidecurrentInputLocked
V/BackupManagerService( 2225): Connected to Google transport
V/BackupManagerService( 2225): Registering transport com.google.android.backup/.BackupTransportService = com.google.android.backup.BackupTransportService$1@41c9ff88
D/DeviceInfo( 2225): SysScope Service connected
D/dalvikvm( 2783): GC_FOR_ALLOC freed 159K, 10% free 8293K/9159K, paused 202ms, total 208ms
I/dalvikvm-heap( 2783): Grow heap (frag case) to 9.767MB for 1099624-byte allocation
D/Launcher.BadgeCache, ( 2825): updateBadgeCounts, app[1] have 0 badges
D/Launcher.BadgeCache, ( 2825): updateBadgeCounts, app[0] have 12 badges
D/Launcher.BadgeCache, ( 2825): updateBadgeCounts, app[2] have 0 badges
D/Launcher.BadgeCache, ( 2825): updateBadgeCounts, app[-1] have 0 badges
D/Launcher.BadgeCache, ( 2825): updateBadgeCounts, app[-1] have 0 badges
D/Launcher.BadgeCache, ( 2825): updateBadgeCounts, app[-1] have 0 badges
D/Launcher.Model( 2825): reloadBadges, badges count : 1
D/Launcher.Model( 2825): reloadBadges, origCallbacks : java.lang.ref.WeakReference@417ab350
W/LockPatternKeyguardView( 2225): no unlock screen when trying to enable fallback
I/FlashBarService( 2610): CenterBarWindow
I/FlashBarService( 2610): CenterBarWindow : mDisplayWidth = 1280, mDisplayHeight = 752
I/FlashBarService( 2610): CenterBarWindow : mDisplayOrientation = 2
I/FlashBarService( 2610): CenterBarWindow : mCenterBarRefX = 640, mCenterBarRefY = 752
I/FlashBarService( 2610): addWindow view
I/FlashBarService( 2610): createLayoutParams
E/LockPatternKeyguardView( 2225): !!! callback setLockScreenReady
E/CircleUnlockRippleRenderer( 2225): CircleUnlockRippleRenderer setLockScreenReady
D/dalvikvm( 2783): GC_CONCURRENT freed <1K, 9% free 9366K/10247K, paused 54ms+1ms, total 136ms
D/dalvikvm( 2783): WAIT_FOR_CONCURRENT_GC blocked 25ms
D/dalvikvm( 2911): GC_CONCURRENT freed 205K, 11% free 7291K/8135K, paused 16ms+1ms, total 78ms
D/dalvikvm( 2911): WAIT_FOR_CONCURRENT_GC blocked 53ms
I/ActivityThread( 2911): Pub com.google.android.providers.talk: com.google.android.gsf.talk.TalkProvider
D/dalvikvm( 2610): GC_CONCURRENT freed 79K, 8% free 9297K/10055K, paused 2ms+2ms, total 42ms
D/dalvikvm( 2610): WAIT_FOR_CONCURRENT_GC blocked 33ms
D/KeyguardViewMediator( 2225): setHidden false
D/LockPatternKeyguardView( 2225): focused
D/CircleLockScreen( 2225): focused
D/LockPatternUtils( 2225): isPcwEnable = null
D/dalvikvm( 2825): GC_FOR_ALLOC freed 178K, 11% free 7483K/8327K, paused 63ms, total 63ms
I/dalvikvm-heap( 2825): Grow heap (frag case) to 8.273MB for 358416-byte allocation
D/dalvikvm( 2953): GC_CONCURRENT freed 164K, 10% free 7332K/8135K, paused 12ms+2ms, total 98ms
D/dalvikvm( 2953): WAIT_FOR_CONCURRENT_GC blocked 66ms
D/LockPatternUtils( 2225): isPcwEnable = null
V/LockPatternKeyguardView( 2225): Set visibility on com.android.internal.policy.impl.LockPatternKeyguardView$4@41de5d38 to 8388608
D/STATUSBAR-StatusBarManagerService( 2225): manageDisableList what=0x1200000 pkg=android
D/CircleLockScreen( 2225): onRefreshBatteryInfo() showPatteryInfo: true pluggedIn: true batteryLevel: 41
I/SPenGesture( 2225): mCurrentDisplayWidth: 1280, mCurrentDisplayHeight: 800, Rot: 0, deg: 0.0
D/SPenGesture( 2225): Initialized to portrait
D/NetworkLocationClient( 2911): binding to Intent { act=com.google.android.location.internal.ANDROID_NLP pkg=com.google.android.location }
D/dalvikvm( 2825): GC_FOR_ALLOC freed 2K, 11% free 7831K/8711K, paused 31ms, total 31ms
D/dalvikvm( 2610): GC_FOR_ALLOC freed 10K, 8% free 9286K/10055K, paused 62ms, total 62ms
I/dalvikvm-heap( 2610): Grow heap (frag case) to 10.689MB for 1048592-byte allocation
D/dalvikvm( 2610): GC_CONCURRENT freed <1K, 8% free 10310K/11143K, paused 2ms+2ms, total 29ms
D/dalvikvm( 2610): WAIT_FOR_CONCURRENT_GC blocked 25ms
D/dalvikvm( 2740): GC_CONCURRENT freed 243K, 12% free 7323K/8263K, paused 15ms+35ms, total 70ms
D/dalvikvm( 2731): GC_CONCURRENT freed 502K, 14% free 7678K/8903K, paused 1ms+4ms, total 29ms
D/dalvikvm( 2731): WAIT_FOR_CONCURRENT_GC blocked 25ms
D/dalvikvm( 2825): GC_CONCURRENT freed 255K, 11% free 8027K/8967K, paused 3ms+12ms, total 29ms
D/Launcher.HomeFragment( 2825): onCreate. savedInstanceState: null
D/dalvikvm( 2225): GC_FOR_ALLOC freed 7086K, 27% free 23920K/32391K, paused 107ms, total 108ms
D/Launcher.HomeFragment( 2825): onCreateView. savedInstanceState: null
E/WindowManager( 2225): Unknown window type: 2200
D/dalvikvm( 2731): No JNI_OnLoad found in /system/lib/libdwp.so 0x41746ef8, skipping init
I/FlashBarService( 2610): setWindow
I/FlashBarService( 2610): makeCenterBarLayout
I/FlashBarService( 2610): makeCenterBarRect
I/FlashBarService( 2610): drawCenterBar : mDisplayOrientation=2 pos(630, 0)
I/SimLockInfoResult( 2763): num:0, lockType:0, lock_key:0, numRetry:0
I/SimLockInfoResult( 2763): NOT_NEED numRetry: 0
D/dalvikvm( 2731): No JNI_OnLoad found in /system/lib/libXt9core.so 0x41746ef8, skipping init
I/ActivityThread( 2953): Pub com.google.android.maps.OfflineIndexProvider: com.google.googlenav.provider.OfflineIndexProvider
I/ActivityThread( 2953): Pub com.google.android.maps.SearchHistoryProvider: com.google.googlenav.provider.SearchHistoryProvider
I/ActivityThread( 2953): Pub com.google.android.maps.StarredItemProvider: com.google.googlenav.provider.StarredItemProvider
D/dalvikvm( 2763): GC_CONCURRENT freed 211K, 11% free 7869K/8775K, paused 2ms+12ms, total 34ms
D/dalvikvm( 2225): GC_CONCURRENT freed 20K, 20% free 25947K/32391K, paused 13ms+8ms, total 122ms
D/dalvikvm( 2225): WAIT_FOR_CONCURRENT_GC blocked 109ms
D/dalvikvm( 2225): WAIT_FOR_CONCURRENT_GC blocked 107ms
D/dalvikvm( 2225): WAIT_FOR_CONCURRENT_GC blocked 75ms
D/dalvikvm( 2225): WAIT_FOR_CONCURRENT_GC blocked 102ms
D/dalvikvm( 2225): WAIT_FOR_CONCURRENT_GC blocked 36ms
D/dalvikvm( 2225): WAIT_FOR_CONCURRENT_GC blocked 12ms
D/Launcher.Workspace( 2825): Width: 1280, Height: 752, SmallestWidth: 800, ScreenSize: 4
D/Launcher.Workspace( 2825): Screen Width: 1280, Height: 752, Density: 1.0, DensityDpi: 160
D/MotionRecognitionService( 2225):  ssp status : false
D/KeyguardViewMediator( 2225): setHidden false
D/KeyguardViewMediator( 2225): setHidden false
W/WindowManager( 2225): Window freeze timeout expired.
D/dalvikvm( 2953): GC_CONCURRENT freed 218K, 11% free 7618K/8519K, paused 17ms+3ms, total 36ms
D/dalvikvm( 2225): GC_FOR_ALLOC freed 20K, 14% free 27974K/32391K, paused 114ms, total 115ms
D/KeyguardViewMediator( 2225): setHidden false
D/CellLayoutChildren( 2825): setCellDimensions. width: 96, height: 98, gapX: 32, gapY: 0
D/NetworkLocationService( 2911): onBind(com.android.location.service.NetworkLocationProvider) com.google.android.location
D/dalvikvm( 2825): GC_CONCURRENT freed 220K, 10% free 8292K/9159K, paused 2ms+2ms, total 31ms
D/dalvikvm( 2740): GC_CONCURRENT freed 262K, 12% free 7498K/8455K, paused 12ms+4ms, total 37ms
D/dalvikvm( 2225): GC_CONCURRENT freed 20K, 8% free 30002K/32391K, paused 14ms+5ms, total 146ms
D/dalvikvm( 2225): WAIT_FOR_CONCURRENT_GC blocked 96ms
D/dalvikvm( 2225): WAIT_FOR_CONCURRENT_GC blocked 93ms
D/dalvikvm( 2225): WAIT_FOR_CONCURRENT_GC blocked 100ms
D/dalvikvm( 2225): WAIT_FOR_CONCURRENT_GC blocked 84ms
D/dalvikvm( 2225): WAIT_FOR_CONCURRENT_GC blocked 52ms
D/dalvikvm( 2225): WAIT_FOR_CONCURRENT_GC blocked 86ms
D/dalvikvm( 2225): WAIT_FOR_CONCURRENT_GC blocked 49ms
D/dalvikvm( 2225): WAIT_FOR_CONCURRENT_GC blocked 78ms
I/SearchManagerService( 2225): Building list of searchable activities
E/WifiP2pStateTracker( 2225): getNetworkInfo : NetworkInfo: type: wifi_p2p[], state: UNKNOWN/IDLE, reason: (unspecified), extra: (none), roaming: false, failover: false, isAvailable: false
I/Choreographer( 2225): Skipped 142 frames!  The application may be doing too much work on its main thread.
D/KeyguardViewMediator( 2225): setHidden false
D/NetworkLocationService( 2911): onBind(com.android.location.service.GeocodeProvider) com.google.android.location
D/KeyguardViewMediator( 2225): setHidden false
V/LockPatternKeyguardView( 2225): *** dispatchDraw() time: 24972
D/SyncManager( 2225): setSyncAutomatically:  provider subscribedfeeds, user 0 -> true
D/SyncManager( 2225): setSyncAutomatically: already set to true, doing nothing
I/ActivityThread( 2953): Pub com.google.android.maps.SuggestionProvider: com.google.googlenav.suggest.android.SuggestContentProvider
D/dalvikvm( 2953): GC_CONCURRENT freed 169K, 10% free 7883K/8711K, paused 1ms+2ms, total 34ms
I/ActivityThread( 2953): Pub com.google.android.maps.LayerInfoProvider: com.google.googlenav.layer.LayerInfoProvider
I/gmmInternalNlpService( 2911): internal NLP onStart(com.google.android.location.internal.ANDROID_NLP) com.google.android.location
D/NetworkLocationClient( 2911): onServiceConnected to ComponentInfo{com.google.android.location/com.google.android.location.internal.server.NetworkLocationService}
I/ActivityThread( 2953): Pub com.google.android.maps.TrafficAppWidgetProvider: com.google.googlenav.appwidget.traffic.TrafficAppWidgetProvider
I/ActivityThread( 2953): Pub com.google.android.maps.LocalActivePlacesProvider: com.google.googlenav.provider.LocalActivePlacesProvider
I/ActivityThread( 2953): Pub com.google.android.maps.LocalSuggestionProvider: com.google.googlenav.provider.LocalSuggestionProvider
I/ActivityThread( 2953): Pub com.google.android.maps.NavigationAvailabilityProvider: com.google.googlenav.provider.NavigationAvailabilityProvider
D/        ( 2763): [ApnContext:default] set reason as dataEnabled,current state IDLE
D/        ( 2763): [ApnContext:default] setRetryCount: 0
D/        ( 2763): [ApnContext:mms] set reason as dataEnabled,current state IDLE
D/        ( 2763): [ApnContext:mms] setRetryCount: 0
D/        ( 2763): [ApnContext:supl] set reason as dataEnabled,current state IDLE
D/        ( 2763): [ApnContext:supl] setRetryCount: 0
D/        ( 2763): [ApnContext:dun] set reason as dataEnabled,current state IDLE
D/        ( 2763): [ApnContext:dun] setRetryCount: 0
D/        ( 2763): [ApnContext:hipri] set reason as dataEnabled,current state IDLE
D/        ( 2763): [ApnContext:hipri] setRetryCount: 0
D/        ( 2763): [ApnContext:fota] set reason as dataEnabled,current state IDLE
D/        ( 2763): [ApnContext:fota] setRetryCount: 0
D/        ( 2763): [ApnContext:ims] set reason as dataEnabled,current state IDLE
D/        ( 2763): [ApnContext:ims] setRetryCount: 0
D/        ( 2763): [ApnContext:cbs] set reason as dataEnabled,current state IDLE
D/        ( 2763): [ApnContext:cbs] setRetryCount: 0
D/KeyguardViewMediator( 2225): setHidden false
D/KeyguardViewMediator( 2225): setHidden false
D/CAT     ( 2763): CatBIPManager: Inside CatBIPManager
D/dalvikvm( 2225): GC_FOR_ALLOC freed 128K, 4% free 31458K/32647K, paused 85ms, total 86ms
E/WifiP2pStateTracker( 2225): getNetworkInfo : NetworkInfo: type: wifi_p2p[], state: UNKNOWN/IDLE, reason: (unspecified), extra: (none), roaming: false, failover: false, isAvailable: false
D/KeyguardViewMediator( 2225): setHidden false
D/STATUSBAR-StatusBarManagerService( 2225): setSystemUiVisibility(0xe00000)
D/STATUSBAR-StatusBarManagerService( 2225): manageDisableList what=0xe00000 pkg=WindowManager.LayoutParams
D/CAT     ( 2763): CatService: Is running
D/CAT     ( 2763): CatService: NEW sInstance
D/CallManager( 2763): registerPhone(GSM Handler (com.android.internal.telephony.PhoneProxy) {41816d00})
D/dalvikvm( 2610): GC_FOR_ALLOC freed 1442K, 18% free 9785K/11911K, paused 40ms, total 50ms
V/SoundPoolThread( 2610): beginThread
V/SoundPoolThread( 2610): run
V/SoundPoolThread( 2610): Got message m=2, mData=1
V/MediaPlayer( 2610): decode(65, 878296, 4764)
V/MediaPlayerService( 1870): decode(24, 878296, 4764)
V/MediaPlayerService( 1870): player type = 3
V/MediaPlayerService( 1870):  create StagefrightPlayer
V/AwesomePlayer( 1870): setDefault
V/AwesomePlayer( 1870): constructor
V/AwesomePlayer( 1870): setDefault
I/AwesomePlayer( 1870): reset
I/AwesomePlayer( 1870): cancel player events
V/AwesomePlayer( 1870): mAudioTrackVector clear
V/StagefrightPlayer( 1870): StagefrightPlayer
V/AwesomePlayer( 1870): setListener
V/StagefrightPlayer( 1870): initCheck
V/StagefrightPlayer( 1870): setDataSource(24, 878296, 4764)
V/AwesomePlayer( 1870): setDataSource (38, 878296, 4764)
I/AwesomePlayer( 1870): cancel player events
V/AwesomePlayer( 1870): mAudioTrackVector clear
V/LockPatternKeyguardView( 2225): *** dispatchDraw() time: 25429
V/AwesomePlayer( 1870): track of type 'audio/vorbis' does not publish bitrate
V/AwesomePlayer( 1870): mBitrate = -1 bits/sec
W/AwesomePlayer( 1870): couldn't get userdata - Weather
W/AwesomePlayer( 1870): couldn't get userdata - Authorization 
W/AwesomePlayer( 1870): couldn't get userdata - SnapShot 
V/AwesomePlayer( 1870): current audio track index (0) is added to vector
V/AwesomePlayer( 1870): setDataSource_l: Audio(1), Video(0)
I/AwesomePlayer( 1870): AwesomePlayer::setDataSource_l():: This is not a DRM content
V/MediaPlayerService( 1870): prepare
V/AwesomePlayer( 1870): prepareAsync
V/MediaPlayerService( 1870): wait for prepare
V/AwesomePlayer( 1870): onPrepareAsyncEvent
V/AwesomePlayer( 1870): initAudioDecoder()
I/OMXCodec( 1870): Successfully allocated OMX node 'OMX.google.vorbis.decoder'
V/AwesomePlayer( 1870): notifyListner_l() msg (5-MEDIA_SET_VIDEO_SIZE), ext1 (0), ext2 (0)
V/AudioCache( 1870): notify(0x41c59838, 5, 0, 0)
V/AudioCache( 1870): ignored
V/AwesomePlayer( 1870): notifyListner_l() msg (1-MEDIA_PREPARED), ext1 (0), ext2 (0)
V/AudioCache( 1870): notify(0x41c59838, 1, 0, 0)
V/AudioCache( 1870): prepared
V/AudioCache( 1870): wait - success
V/MediaPlayerService( 1870): start
V/StagefrightPlayer( 1870): start
V/AwesomePlayer( 1870): play
V/AwesomePlayer( 1870): AwesomePlayer::play_l():: This is not a DRM content
D/Launcher.SWidgetPkgMgr( 2825):   ----> running samsung widgets loader
D/Launcher.Model( 2825): startLoader. isLaunching: true
D/Launcher.Model( 2825): Begin LoaderTask: 1098142304
D/Launcher.Model( 2825): Setting thread priority to DEFAULT
D/Launcher.Model( 2825): step 1: loading workspace
D/Launcher.Model( 2825): loadAndBindWorkspace mWorkspaceLoaded: false, mRefreshRequired: true
D/dalvikvm( 3054): GC_CONCURRENT freed 170K, 11% free 7312K/8135K, paused 2ms+12ms, total 46ms
I/AudioPlayer( 1870):  Audioplayer kKeyAudioPCMFormat:1, 1, 0
I/AudioPlayer( 1870):  Audioplayer1 (1, 1)
V/AudioCache( 1870): open(44100, 1, 0x0, 1, 4)
V/MediaPlayerService( 1870): wait for playback complete
V/AudioCache( 1870): write(0x420dd560, 2048)
V/AudioCache( 1870): memcpy(0x43475000, 0x420dd560, 2048)
V/AudioCache( 1870): write(0x420dd560, 2048)
V/AudioCache( 1870): memcpy(0x43475800, 0x420dd560, 2048)
V/AudioCache( 1870): write(0x420dd560, 2048)
V/AudioCache( 1870): memcpy(0x43476000, 0x420dd560, 2048)
V/AudioCache( 1870): write(0x420dd560, 2048)
V/AudioCache( 1870): memcpy(0x43476800, 0x420dd560, 2048)
V/AudioCache( 1870): write(0x420dd560, 2048)
V/AudioCache( 1870): memcpy(0x43477000, 0x420dd560, 2048)
V/AudioCache( 1870): write(0x420dd560, 2048)
V/AudioCache( 1870): memcpy(0x43477800, 0x420dd560, 2048)
V/AudioCache( 1870): write(0x420dd560, 2048)
V/AudioCache( 1870): memcpy(0x43478000, 0x420dd560, 2048)
V/AudioCache( 1870): write(0x420dd560, 2048)
V/AudioCache( 1870): memcpy(0x43478800, 0x420dd560, 2048)
E/OMXCodec( 1870): [OMX.google.vorbis.decoder] err = -1011
V/AudioCache( 1870): write(0x420dd560, 2048)
V/AudioCache( 1870): memcpy(0x43479000, 0x420dd560, 2048)
V/AudioCache( 1870): write(0x420dd560, 2048)
V/AudioCache( 1870): memcpy(0x43479800, 0x420dd560, 2048)
V/AudioCache( 1870): write(0x420dd560, 2048)
V/AudioCache( 1870): memcpy(0x4347a000, 0x420dd560, 2048)
V/AudioCache( 1870): write(0x420dd560, 2048)
V/AudioCache( 1870): memcpy(0x4347a800, 0x420dd560, 2048)
V/AudioCache( 1870): write(0x420dd560, 320)
V/AudioCache( 1870): memcpy(0x4347b000, 0x420dd560, 320)
D/NotificationMgr( 2763): updateNotificationsAtStartup()...
V/AwesomePlayer( 1870): MEDIA_PLAYBACK_COMPLETE
V/AwesomePlayer( 1870): notifyListner_l() msg (2-MEDIA_PLAYBACK_COMPLETE), ext1 (0), ext2 (0)
V/AudioCache( 1870): notify(0x41c59838, 2, 0, 0)
V/AudioCache( 1870): playback complete - thread will wake up later
V/AudioCache( 1870): wait - success
V/StagefrightPlayer( 1870): reset
I/AwesomePlayer( 1870): reset
I/AwesomePlayer( 1870): cancel player events
V/AwesomePlayer( 1870): mAudioTrackVector clear
I/OMXCodec( 1870): [OMX.google.vorbis.decoder] stop() sendCommand(0xb, OMX_CommandStateSet, OMX_StateIdle)
I/OMXCodec( 1870): [OMX.google.vorbis.decoder] stopped in state 1
V/MediaPlayerService( 1870): MediaPlayerService::decode() using fd -
V/StagefrightPlayer( 1870): ~StagefrightPlayer
V/StagefrightPlayer( 1870): reset
I/AwesomePlayer( 1870): reset
I/AwesomePlayer( 1870): cancel player events
V/AwesomePlayer( 1870): mAudioTrackVector clear
I/AwesomePlayer( 1870): reset
I/AwesomePlayer( 1870): cancel player events
V/AwesomePlayer( 1870): mAudioTrackVector clear
V/AwesomePlayer( 1870): ~AwesomePlayer()
V/SoundPoolThread( 2610): Got message m=2, mData=2
V/MediaPlayer( 2610): decode(66, 883112, 10523)
V/MediaPlayerService( 1870): decode(24, 883112, 10523)
V/MediaPlayerService( 1870): player type = 3
V/MediaPlayerService( 1870):  create StagefrightPlayer
V/AwesomePlayer( 1870): setDefault
V/AwesomePlayer( 1870): constructor
V/AwesomePlayer( 1870): setDefault
I/AwesomePlayer( 1870): reset
I/AwesomePlayer( 1870): cancel player events
V/AwesomePlayer( 1870): mAudioTrackVector clear
V/StagefrightPlayer( 1870): StagefrightPlayer
V/AwesomePlayer( 1870): setListener
V/StagefrightPlayer( 1870): initCheck
V/StagefrightPlayer( 1870): setDataSource(24, 883112, 10523)
V/AwesomePlayer( 1870): setDataSource (39, 883112, 10523)
I/AwesomePlayer( 1870): cancel player events
V/AwesomePlayer( 1870): mAudioTrackVector clear
V/AwesomePlayer( 1870): track of type 'audio/vorbis' does not publish bitrate
V/AwesomePlayer( 1870): mBitrate = -1 bits/sec
W/AwesomePlayer( 1870): couldn't get userdata - Weather
W/AwesomePlayer( 1870): couldn't get userdata - Authorization 
W/AwesomePlayer( 1870): couldn't get userdata - SnapShot 
V/AwesomePlayer( 1870): current audio track index (0) is added to vector
V/AwesomePlayer( 1870): setDataSource_l: Audio(1), Video(0)
I/AwesomePlayer( 1870): AwesomePlayer::setDataSource_l():: This is not a DRM content
V/MediaPlayerService( 1870): prepare
V/AwesomePlayer( 1870): prepareAsync
V/MediaPlayerService( 1870): wait for prepare
V/AwesomePlayer( 1870): onPrepareAsyncEvent
V/AwesomePlayer( 1870): initAudioDecoder()
I/OMXCodec( 1870): Successfully allocated OMX node 'OMX.google.vorbis.decoder'
D/NotificationMgr( 2763): - start call log query...
D/NotificationMgr( 2763): - updating in-call notification at startup...
V/AwesomePlayer( 1870): notifyListner_l() msg (5-MEDIA_SET_VIDEO_SIZE), ext1 (0), ext2 (0)
V/AudioCache( 1870): notify(0x41c59838, 5, 0, 0)
V/AudioCache( 1870): ignored
V/AwesomePlayer( 1870): notifyListner_l() msg (1-MEDIA_PREPARED), ext1 (0), ext2 (0)
V/AudioCache( 1870): notify(0x41c59838, 1, 0, 0)
V/AudioCache( 1870): prepared
V/AudioCache( 1870): wait - success
V/MediaPlayerService( 1870): start
V/StagefrightPlayer( 1870): start
V/AwesomePlayer( 1870): play
V/AwesomePlayer( 1870): AwesomePlayer::play_l():: This is not a DRM content
D/dalvikvm( 3068): GC_CONCURRENT freed 175K, 11% free 7321K/8135K, paused 2ms+1ms, total 80ms
D/dalvikvm( 3068): WAIT_FOR_CONCURRENT_GC blocked 54ms
I/AudioPlayer( 1870):  Audioplayer kKeyAudioPCMFormat:1, 2, 0
I/AudioPlayer( 1870):  Audioplayer1 (2, 1)
V/AudioCache( 1870): open(44100, 2, 0x0, 1, 4)
V/MediaPlayerService( 1870): wait for playback complete
V/AudioCache( 1870): write(0x41c57110, 4096)
V/AudioCache( 1870): memcpy(0x43575000, 0x41c57110, 4096)
V/AudioCache( 1870): write(0x41c57110, 4096)
V/AudioCache( 1870): memcpy(0x43576000, 0x41c57110, 4096)
V/AudioCache( 1870): write(0x41c57110, 4096)
V/AudioCache( 1870): memcpy(0x43577000, 0x41c57110, 4096)
V/AudioCache( 1870): write(0x41c57110, 4096)
V/AudioCache( 1870): memcpy(0x43578000, 0x41c57110, 4096)
V/AudioCache( 1870): write(0x41c57110, 4096)
V/AudioCache( 1870): memcpy(0x43579000, 0x41c57110, 4096)
V/AudioCache( 1870): write(0x41c57110, 4096)
V/AudioCache( 1870): memcpy(0x4357a000, 0x41c57110, 4096)
V/AudioCache( 1870): write(0x41c57110, 4096)
V/AudioCache( 1870): memcpy(0x4357b000, 0x41c57110, 4096)
V/AudioCache( 1870): write(0x41c57110, 4096)
V/AudioCache( 1870): memcpy(0x4357c000, 0x41c57110, 4096)
V/AudioCache( 1870): write(0x41c57110, 4096)
V/AudioCache( 1870): memcpy(0x4357d000, 0x41c57110, 4096)
V/AudioCache( 1870): write(0x41c57110, 4096)
V/AudioCache( 1870): memcpy(0x4357e000, 0x41c57110, 4096)
V/AudioCache( 1870): write(0x41c57110, 4096)
V/AudioCache( 1870): memcpy(0x4357f000, 0x41c57110, 4096)
V/AudioCache( 1870): write(0x41c57110, 4096)
V/AudioCache( 1870): memcpy(0x43580000, 0x41c57110, 4096)
V/AudioCache( 1870): write(0x41c57110, 4096)
V/AudioCache( 1870): memcpy(0x43581000, 0x41c57110, 4096)
V/AudioCache( 1870): write(0x41c57110, 4096)
V/AudioCache( 1870): memcpy(0x43582000, 0x41c57110, 4096)
V/AudioCache( 1870): write(0x41c57110, 4096)
V/AudioCache( 1870): memcpy(0x43583000, 0x41c57110, 4096)
V/AudioCache( 1870): write(0x41c57110, 4096)
V/AudioCache( 1870): memcpy(0x43584000, 0x41c57110, 4096)
V/AudioCache( 1870): write(0x41c57110, 4096)
V/AudioCache( 1870): memcpy(0x43585000, 0x41c57110, 4096)
V/AudioCache( 1870): write(0x41c57110, 4096)
V/AudioCache( 1870): memcpy(0x43586000, 0x41c57110, 4096)
V/AudioCache( 1870): write(0x41c57110, 4096)
V/AudioCache( 1870): memcpy(0x43587000, 0x41c57110, 4096)
E/OMXCodec( 1870): [OMX.google.vorbis.decoder] err = -1011
V/AudioCache( 1870): write(0x41c57110, 4096)
V/AudioCache( 1870): memcpy(0x43588000, 0x41c57110, 4096)
V/AudioCache( 1870): write(0x41c57110, 4096)
V/AudioCache( 1870): memcpy(0x43589000, 0x41c57110, 4096)
V/AudioCache( 1870): write(0x41c57110, 4096)
V/AudioCache( 1870): memcpy(0x4358a000, 0x41c57110, 4096)
V/AwesomePlayer( 1870): MEDIA_PLAYBACK_COMPLETE
V/AwesomePlayer( 1870): notifyListner_l() msg (2-MEDIA_PLAYBACK_COMPLETE), ext1 (0), ext2 (0)
V/AudioCache( 1870): notify(0x41c59838, 2, 0, 0)
V/AudioCache( 1870): playback complete - thread will wake up later
V/AudioCache( 1870): wait - success
V/StagefrightPlayer( 1870): reset
I/AwesomePlayer( 1870): reset
I/AwesomePlayer( 1870): cancel player events
V/AwesomePlayer( 1870): mAudioTrackVector clear
I/OMXCodec( 1870): [OMX.google.vorbis.decoder] stop() sendCommand(0xc, OMX_CommandStateSet, OMX_StateIdle)
I/OMXCodec( 1870): [OMX.google.vorbis.decoder] stopped in state 1
V/MediaPlayerService( 1870): MediaPlayerService::decode() using fd -
V/StagefrightPlayer( 1870): ~StagefrightPlayer
V/StagefrightPlayer( 1870): reset
I/AwesomePlayer( 1870): reset
I/AwesomePlayer( 1870): cancel player events
V/AwesomePlayer( 1870): mAudioTrackVector clear
I/AwesomePlayer( 1870): reset
I/AwesomePlayer( 1870): cancel player events
V/AwesomePlayer( 1870): mAudioTrackVector clear
V/AwesomePlayer( 1870): ~AwesomePlayer()
D/Launcher.HomeFragment( 2825): onActivityCreated. savedInstanceState: null
D/MenuAppsGridFragment( 2825): onCreateView. savedInstanceState: null
D/ClockWidget( 2225): received MISSED_EVENT intent !! 
D/ClockWidget( 2225): received MISSED_EVENT intent !! 
I/MiniModeAppsPanel( 2610): EditPanel UI is Enabled.
W/MiniModeAppsPanelDataStorage( 2610): minimode file does not exist.
D/VoIPInterfaceManager( 2225): getState()...
D/VoIPInterfaceManager( 2225):     Not exist call session
D/VoIPInterfaceManager( 2225): getState()...
D/VoIPInterfaceManager( 2225):     Not exist call session
D/Launcher.MenuAppsGrid( 2825): Created: com.android.launcher2.MenuAppsGrid@41882d48
D/Launcher.SWidgetPkgMgr( 2825): (Xml)  -----> widget title=Weather Widget vertical width=384 height=352
D/Launcher.SWidgetPkgMgr( 2825): (Xml)  -----> widget title=Weather Widget horizontal width=480 height=292
E/Bluetooth HS/HF( 2763): handlePreciseCallStateChange() mPhone=IDLE, mFCall=IDLE, mBCall=IDLE, mRCall=IDLE, mCallsetup=0, mCall=0, mCallheld=0
W/SignalStrength( 2763): getGsmLevel=0
W/SignalStrength( 2763): getLevel=0 (SignalStrength: 99 -1 -1 -1 -1 -1 -1 -1 -1 -1 2147483647 -1 gsm|lte ffffffff)
D/Launcher( 2825): onStart, Launcher: 1098560552
D/Launcher.HomeFragment( 2825): onStart
D/Launcher( 2825): onResume, Launcher: 1098560552
D/Launcher.SWidgetPkgMgr( 2825): (Xml)  -----> widget title=S Planner Widget vertical width=576 height=480
D/Launcher.SWidgetPkgMgr( 2825): (Xml)  -----> widget title=S Planner Widget horizontal width=736 height=390
D/dalvikvm( 3068): GC_CONCURRENT freed 144K, 10% free 7674K/8519K, paused 11ms+16ms, total 69ms
D/Launcher.SWidgetPkgMgr( 2825): (Xml)  -----> widget title=S Planner Widget vertical width=384 height=480
D/Launcher.SWidgetPkgMgr( 2825): (Xml)  -----> widget title=S Planner Widget horizontal width=480 height=390
D/Launcher.SWidgetPkgMgr( 2825): (Xml)  -----> widget title=S Planner Widget vertical width=384 height=480
D/Launcher.SWidgetPkgMgr( 2825): (Xml)  -----> widget title=S Planner Widget horizontal width=480 height=390
D/Launcher.SWidgetPkgMgr( 2825):   ----> samsungwidgets loader completed
E/Launcher( 2825): Error finding setting, default accessibility to not found: accessibility_enabled
D/Launcher.HomeFragment( 2825): onResume
W/dalvikvm( 3068): VFY: unable to resolve static field 573 (PR_SET_DUMPABLE) in Landroid/system/OsConstants;
D/dalvikvm( 3068): VFY: replacing opcode 0x60 at 0x000b
D/MenuAppsGridFragment( 2825): onResume
W/AlarmManager( 2225): FACTORY_ON= 0
E/AudioPolicyService( 1870): getOutput() tid 2166 ++
E/AudioPolicyService( 1870): getOutput() tid 2166 --
V/AudioPolicyManagerBase( 1870): getOutput() stream 0, samplingRate 0, format 0, channelMask 3, flags 0
V/AudioPolicyManagerBase( 1870): getOutputsForDevice device 0002 -> 0002
V/AudioPolicyManagerBase( 1870): getOutput() returns output 2
E/AudioPolicyService( 1870): getOutput() tid 1870 ++
E/AudioPolicyService( 1870): getOutput() tid 1870 --
V/AudioPolicyManagerBase( 1870): getOutput() stream 0, samplingRate 0, format 0, channelMask 3, flags 0
V/AudioPolicyManagerBase( 1870): getOutputsForDevice device 0002 -> 0002
V/AudioPolicyManagerBase( 1870): getOutput() returns output 2
E/AudioPolicyService( 1870): getOutput() tid 2173 ++
E/AudioPolicyService( 1870): getOutput() tid 2173 --
V/AudioPolicyManagerBase( 1870): getOutput() stream 0, samplingRate 44100, format 1, channelMask 1, flags 4
V/AudioPolicyManagerBase( 1870): getOutputsForDevice device 0002 -> 0002
V/AudioPolicyManagerBase( 1870): getOutput() returns output 2
I/dalvikvm( 3068): Failed resolving Lcom/google/android/gms/common/h/c; interface 98 'Landroid/content/pm/PackageManager$OnPermissionsChangedListener;'
W/dalvikvm( 3068): Link of class 'Lcom/google/android/gms/common/h/c;' failed
E/dalvikvm( 3068): Could not find class 'com.google.android.gms.common.h.c', referenced from method com.google.android.gms.common.app.GmsApplication.onCreate
W/dalvikvm( 3068): VFY: unable to resolve new-instance 2620 (Lcom/google/android/gms/common/h/c;) in Lcom/google/android/gms/common/app/GmsApplication;
D/dalvikvm( 3068): VFY: replacing opcode 0x22 at 0x006f
I/dalvikvm( 3068): Failed resolving Lcom/google/android/gms/common/h/c; interface 98 'Landroid/content/pm/PackageManager$OnPermissionsChangedListener;'
W/dalvikvm( 3068): Link of class 'Lcom/google/android/gms/common/h/c;' failed
D/dalvikvm( 3068): DexOpt: unable to opt direct call 0x2bcc at 0x71 in Lcom/google/android/gms/common/app/GmsApplication;.onCreate
I/MultiDex( 3068): VM with version 1.6.0 does not have multidex support
I/MultiDex( 3068): install
I/Choreographer( 2825): Skipped 74 frames!  The application may be doing too much work on its main thread.
D/PhoneApp( 2763): registerForMMIandSSNotifications...
D/Launcher( 2825): onAttachedToWindow
I/MultiDex( 3068): MultiDexExtractor.load(/data/app/com.google.android.gms-2.apk, false)
D/PhoneUtils( 2763): setAudioMode()...IDLE
D/PhoneUtils( 2763): setAudioMode() no change: MODE_NORMAL
D/ECN     ( 2763): ECNUtils##createInstance
D/ECN     ( 2763): ECNUtils##retrieve
I/MultiDex( 3068): loading existing secondary dex files
D/ECN     ( 2763): ECNUtils##retrieve: ecnUSSD - #119#ecnStatus - trueecnHexCode - 030708090B0C0E0F24405B5C5D5E5F601C1D1E1F1012131415161718191AecnDigits - 897023415618307564290729486153
D/ECN     ( 2763): ECNUtils##retrieve
D/ECN     ( 2763): ECNUtils##retrieve: ecnUSSD - #119#ecnStatus - trueecnHexCode - 030708090B0C0E0F24405B5C5D5E5F601C1D1E1F1012131415161718191AecnDigits - 897023415618307564290729486153
D/ECN     ( 2763): ECNUtils##save
D/ECN     ( 2763): ECNUtils##save: ecnUSSD - #119#ecnStatus - trueecnHexCode - 030708090B0C0E0F24405B5C5D5E5F601C1D1E1F1012131415161718191AecnDigits - 897023415618307564290729486153
I/IccCard ( 2763): handleMessage: 3
D/SIMCardUpdateMonitor ( 2225):  action is : android.intent.action.SIM_STATE_CHANGED
D/SIMCardUpdateMonitor ( 2225):  state Extra is : NOT_READY
D/SIMCardUpdateMonitor ( 2225):  SIM Card State :UNKNOWN
D/ClockWidget( 2225): refreshTime()
W/CellLayout( 2825): CellLayoutWithResizableWidgets setting height to 686. parent specified: 684
D/ClockWidget( 2225): TTS Message = It is 20 50, Sunday, February 7
I/SurfaceFlinger( 1867): id=4(1) createSurf 0x43587fb4 (1x1),1 flag=0, Mauncher
D/KeyguardViewMediator( 2225): setHidden false
D/dalvikvm( 2825): GC_CONCURRENT freed 264K, 10% free 8545K/9415K, paused 1ms+13ms, total 79ms
V/LockPatternKeyguardView( 2225): *** dispatchDraw() time: 25744
I/MultiDex( 3068): load found 3 secondary dex files
D/KeyguardViewMediator( 2225): setHidden false
D/libEGL  ( 2825): loaded /system/lib/egl/libEGL_mali.so
D/libEGL  ( 2825): loaded /system/lib/egl/libGLESv1_CM_mali.so
D/libEGL  ( 2825): loaded /system/lib/egl/libGLESv2_mali.so
D/        ( 2825): Device driver API match
D/        ( 2825): Device driver API version: 10
D/        ( 2825): User space API version: 10 
D/        ( 2825): mali: REVISION=Linux-r2p4-02rel0 BUILD_DATE=Tue Oct 16 15:37:13 KST 2012 
D/MiniModeAppManager( 2610): MiniModeAppManager() : Tablet mode
D/MiniModeAppManager( 2610): MiniModeAppManager() : Tablet mode
I/MultiDex( 3068): install done
I/ActivityThread( 3068): Pub com.google.android.gms.auth.accounts: com.google.android.gms.auth.be.AccountContentProvider
E/AudioService( 2225): ##################################################
E/AudioService( 2225): ### RIL State is changed
E/AudioService( 2225): ##################################################
I/AudioHardwareTinyALSA( 1870): setParameters(ril_connected=1)
I/AudioHardwareTinyALSA( 1870): ### CLK state - PcmClk : 0 / ModemPath : 0
I/AudioHardwareTinyALSA( 1870): connect RILD ok
I/audio_wfd_hw( 1870): adev_set_parameters() ril_connected=1
E/AudioService( 2225): ##################################################
E/AudioService( 2225): ### RIL State is changed
E/AudioService( 2225): ##################################################
I/AudioHardwareTinyALSA( 1870): setParameters(ril_connected=1)
I/AudioHardwareTinyALSA( 1870): ### CLK state - PcmClk : 0 / ModemPath : 0
I/AudioHardwareTinyALSA( 1870): connect RILD ok
I/audio_wfd_hw( 1870): adev_set_parameters() ril_connected=1
D/GsmSmsDispatcher( 2763): [CB] DuplicatedCbMessage: Clear duplicated CB Messages from hash map.
D/dalvikvm( 2610): GC_CONCURRENT freed 37K, 12% free 10591K/11911K, paused 13ms+19ms, total 125ms
