D/dalvikvm( 3514): VFY: replacing opcode 0x62 at 0x0047
D/STATUSBAR-NetworkController( 2610): refreshSignalCluster: data=0 bt=false
D/STATUSBAR-SignalClusterView( 2610): mSeparateMobileGroup=8
D/STATUSBAR-SignalClusterView( 2610): mSeparateMobileGroup=8
D/STATUSBAR-SignalClusterView( 2610): mSeparateMobileGroup=8
D/STATUSBAR-NetworkController( 2610): refreshSignalCluster: data=0 bt=false
D/STATUSBAR-SignalClusterView( 2610): mSeparateMobileGroup=8
D/STATUSBAR-SignalClusterView( 2610): mSeparateMobileGroup=8
D/STATUSBAR-SignalClusterView( 2610): mSeparateMobileGroup=8
D/dalvikvm( 3514): DexOpt: couldn't find field Landroid/content/pm/ApplicationInfo;.splitSourceDirs
I/dalvikvm( 3514): DexOpt: unable to optimize instance field ref 0x0035 at 0x63 in Lcom/google/android/gms/common/util/ay;.b
D/dalvikvm( 3514): Trying to load lib /data/data/com.google.android.gms/lib/libgmscore.so 0x41748848
V/LockPatternKeyguardView( 2225): *** dispatchDraw() time: 31004
D/dalvikvm( 3514): Added shared lib /data/data/com.google.android.gms/lib/libgmscore.so 0x41748848
D/dalvikvm( 3514): No JNI_OnLoad found in /data/data/com.google.android.gms/lib/libgmscore.so 0x41748848, skipping init
D/CellLayoutChildren( 2825): setCellDimensions. width: 96, height: 104, gapX: 24, gapY: 20
D/CellLayout( 2825): setGridSize(8, 5)
D/dalvikvm( 3514): Trying to load lib /data/data/com.google.android.gms/lib/libconscrypt_gmscore_jni.so 0x41748848
D/dalvikvm( 3514): Added shared lib /data/data/com.google.android.gms/lib/libconscrypt_gmscore_jni.so 0x41748848
V/JNIHelp ( 3514): Registering com/google/android/gms/org/conscrypt/NativeCrypto's 240 native methods...
D/CellLayoutChildren( 2825): setCellDimensions. width: 96, height: 104, gapX: 24, gapY: 20
D/CellLayout( 2825): setGridSize(8, 5)
D/CellLayoutChildren( 2825): setCellDimensions. width: 96, height: 104, gapX: 24, gapY: 20
D/CellLayout( 2825): setGridSize(8, 5)
W/CellLayout( 2825): CellLayoutMenu setting height to 600. parent specified: -40
W/CellLayout( 2825): CellLayoutMenu setting height to 600. parent specified: -40
W/CellLayout( 2825): CellLayoutMenu setting height to 600. parent specified: -40
D/AlarmManagerService( 2225): Kernel timezone updated to -330 minutes west of GMT
D/ClockWidget( 2225): refreshTime()
D/AlarmManagerService( 2225): Kernel timezone updated to -330 minutes west of GMT
D/ClockWidget( 2225): TTS Message = It is 20 50, Sunday, February 7
D/STATUSBAR-Clock( 2610): onReceive() - ACTION_TIMEZONE_CHANGED
W/SignalStrength( 2610): getGsmLevel=0
W/SignalStrength( 2610): getLevel=0 (SignalStrength: 1 -1 -1 -1 -1 -1 -1 -1 -1 -1 -1 -1 gsm|lte 0)
V/LockPatternKeyguardView( 2225): *** dispatchDraw() time: 31059
D/STATUSBAR-Clock( 2610): onReceive() - ACTION_TIMEZONE_CHANGED
D/STATUSBAR-NetworkController( 2610): onServiceStateChanged state=0
D/STATUSBAR-NetworkController( 2610): updateDataNetType()
D/dalvikvm( 3514): GC_CONCURRENT freed 367K, 12% free 7829K/8839K, paused 1ms+4ms, total 37ms
D/dalvikvm( 3514): WAIT_FOR_CONCURRENT_GC blocked 13ms
I/WifiService( 2225): Booster FLAG : 1
I/WifiService( 2225): mBoosterFLAG : 1
I/WifiService( 2225): current booster mode : FullMode
D/STATUSBAR-NetworkController( 2610): Nothing, mRoamingIconId = 0
D/WifiService( 2225): onDataConnectionStateChanged: state --1, networkType - GPRS
D/dalvikvm( 3514): Trying to load lib /data/data/com.google.android.gms/lib/libgmscore.so 0x41748848
D/dalvikvm( 3514): Shared lib '/data/data/com.google.android.gms/lib/libgmscore.so' already loaded in same CL 0x41748848
D/dalvikvm( 3514): Trying to load lib /data/data/com.google.android.gms/lib/libconscrypt_gmscore_jni.so 0x41748848
D/dalvikvm( 3514): Shared lib '/data/data/com.google.android.gms/lib/libconscrypt_gmscore_jni.so' already loaded in same CL 0x41748848
D/NotificationMgr( 2763): cancelNetworkSelection()...
D/ClockWidget( 2225): received MISSED_EVENT intent !! 
D/MobileDataStateTracker( 2225): default: Received state=DISCONNECTED, old=DISCONNECTED, reason=nwTypeChanged
D/STATUSBAR-NotificationService( 2225): updateLightsLocked() : Turn off notification light
D/PhoneApp( 2763): mReceiver: ACTION_ANY_DATA_CONNECTION_STATE_CHANGED
W/SignalStrength( 2225): getGsmLevel=2
W/SignalStrength( 2225): getLevel=2 (SignalStrength: 1 -1 -1 -1 -1 -1 -1 -1 -1 -1 -1 -1 gsm|lte 2)
W/SignalStrength( 2225): getGsmLevel=2
W/SignalStrength( 2225): getLevel=2 (SignalStrength: 8 -1 -1 -1 -1 -1 -1 -1 -1 -1 -1 -1 gsm|lte 2)
I/ProviderInstaller( 3514): Installed default security provider GmsCore_OpenSSL
W/SignalStrength( 2225): getGsmDbm=-111
W/SignalStrength( 2225): getDbm=-111
W/SignalStrength( 2225): getGsmAsuLevel=1
W/SignalStrength( 2225): getAsuLevel=1
W/SignalStrength( 2225): getGsmDbm=-97
W/SignalStrength( 2225): getDbm=-97
W/SignalStrength( 2225): getGsmAsuLevel=8
W/SignalStrength( 2225): getAsuLevel=8
D/STATUSBAR-NetworkController( 2610): onDataConnectionStateChanged: state=-1 type=1
D/STATUSBAR-NetworkController( 2610): updateDataNetType()
W/AlarmManager( 2225): FACTORY_ON= 0
D/STATUSBAR-NetworkController( 2610): Nothing, mRoamingIconId = 0
D/STATUSBAR-NetworkController( 2610): refreshSignalCluster: data=-1 bt=false
D/STATUSBAR-SignalClusterView( 2610): mSeparateMobileGroup=8
D/STATUSBAR-SignalClusterView( 2610): mSeparateMobileGroup=8
D/STATUSBAR-SignalClusterView( 2610): mSeparateMobileGroup=8
D/STATUSBAR-NetworkController( 2610): refreshSignalCluster: data=-1 bt=false
D/STATUSBAR-SignalClusterView( 2610): mSeparateMobileGroup=8
D/STATUSBAR-SignalClusterView( 2610): mSeparateMobileGroup=8
D/STATUSBAR-SignalClusterView( 2610): mSeparateMobileGroup=8
D/dalvikvm( 3553): GC_CONCURRENT freed 189K, 11% free 7300K/8135K, paused 17ms+13ms, total 71ms
D/StatusBar( 2610): expanding top notification at 0entry.userCollapsed() = false
D/dalvikvm( 2825): GC_CONCURRENT freed 771K, 11% free 12134K/13575K, paused 12ms+18ms, total 62ms
D/dalvikvm( 2825): WAIT_FOR_CONCURRENT_GC blocked 45ms
W/SignalStrength( 2610): getGsmLevel=2
W/SignalStrength( 2610): getLevel=2 (SignalStrength: 1 -1 -1 -1 -1 -1 -1 -1 -1 -1 -1 -1 gsm|lte 2)
W/SignalStrength( 2610): getGsmLevel=2
W/SignalStrength( 2610): getLevel=2 (SignalStrength: 1 -1 -1 -1 -1 -1 -1 -1 -1 -1 -1 -1 gsm|lte 2)
D/STATUSBAR-NetworkController( 2610): onSignalStrengthsChanged signalStrength=SignalStrength: 1 -1 -1 -1 -1 -1 -1 -1 -1 -1 -1 -1 gsm|lte 2 level=2
D/STATUSBAR-NetworkController( 2610): refreshSignalCluster: data=-1 bt=false
D/STATUSBAR-SignalClusterView( 2610): mSeparateMobileGroup=8
D/STATUSBAR-SignalClusterView( 2610): mSeparateMobileGroup=8
D/STATUSBAR-SignalClusterView( 2610): mSeparateMobileGroup=8
D/STATUSBAR-NetworkController( 2610): refreshSignalCluster: data=-1 bt=false
D/STATUSBAR-SignalClusterView( 2610): mSeparateMobileGroup=8
D/STATUSBAR-SignalClusterView( 2610): mSeparateMobileGroup=8
D/STATUSBAR-SignalClusterView( 2610): mSeparateMobileGroup=8
W/SignalStrength( 2610): getGsmLevel=2
W/SignalStrength( 2610): getLevel=2 (SignalStrength: 8 -1 -1 -1 -1 -1 -1 -1 -1 -1 -1 -1 gsm|lte 2)
W/SignalStrength( 2610): getGsmLevel=2
W/SignalStrength( 2610): getLevel=2 (SignalStrength: 8 -1 -1 -1 -1 -1 -1 -1 -1 -1 -1 -1 gsm|lte 2)
D/STATUSBAR-NetworkController( 2610): onSignalStrengthsChanged signalStrength=SignalStrength: 8 -1 -1 -1 -1 -1 -1 -1 -1 -1 -1 -1 gsm|lte 2 level=2
W/AlarmManager( 2225): FACTORY_ON= 0
I/ActivityThread( 3553): Pub com.android.mms.SuggestionsProvider: com.android.mms.SuggestionsProvider
I/dalvikvm( 3514): Could not find method android.os.HandlerThread.quitSafely, referenced from method com.google.android.gms.wearable.service.WearableService.onDestroy
W/dalvikvm( 3514): VFY: unable to resolve virtual method 830: Landroid/os/HandlerThread;.quitSafely ()Z
D/dalvikvm( 3514): VFY: replacing opcode 0x6e at 0x00b8
I/dalvikvm( 3514): Could not find method android.os.Process.myUserHandle, referenced from method com.google.android.gms.wearable.service.n.a
W/dalvikvm( 3514): VFY: unable to resolve static method 923: Landroid/os/Process;.myUserHandle ()Landroid/os/UserHandle;
D/dalvikvm( 3514): VFY: replacing opcode 0x71 at 0x002f
D/dalvikvm( 3514): GC_CONCURRENT freed 219K, 10% free 8167K/9031K, paused 12ms+3ms, total 39ms
D/dalvikvm( 3514): WAIT_FOR_CONCURRENT_GC blocked 16ms
D/dalvikvm( 3514): WAIT_FOR_CONCURRENT_GC blocked 18ms
D/WearableService( 3514): callingUid 10018, callindPid: 3514
E/dalvikvm( 3514): Could not find class 'android.telecom.TelecomManager', referenced from method com.google.android.gms.wearable.service.y.a
W/dalvikvm( 3514): VFY: unable to resolve check-cast 374 (Landroid/telecom/TelecomManager;) in Lcom/google/android/gms/wearable/service/y;
D/dalvikvm( 3514): VFY: replacing opcode 0x1f at 0x0054
W/dalvikvm( 3514): VFY: unable to find class referenced in signature (Landroid/telecom/TelecomManager;)
I/dalvikvm( 3514): Could not find method android.content.Context.checkSelfPermission, referenced from method com.google.android.gms.common.h.b.d
W/dalvikvm( 3514): VFY: unable to resolve virtual method 293: Landroid/content/Context;.checkSelfPermission (Ljava/lang/String;)I
D/dalvikvm( 3514): VFY: replacing opcode 0x6e at 0x002a
E/dalvikvm( 3514): Could not find class 'android.app.AppOpsManager', referenced from method com.google.android.gms.common.kz.a
W/dalvikvm( 3514): VFY: unable to resolve check-cast 36 (Landroid/app/AppOpsManager;) in Lcom/google/android/gms/common/kz;
D/dalvikvm( 3514): VFY: replacing opcode 0x1f at 0x0010
I/dalvikvm( 3514): Could not find method android.content.pm.PackageManager.getPackageInstaller, referenced from method com.google.android.gms.common.kz.a
W/dalvikvm( 3514): VFY: unable to resolve virtual method 446: Landroid/content/pm/PackageManager;.getPackageInstaller ()Landroid/content/pm/PackageInstaller;
D/dalvikvm( 3514): VFY: replacing opcode 0x6e at 0x000d
I/dalvikvm( 3514): Could not find method android.app.Notification$Builder.setLocalOnly, referenced from method com.google.android.gms.common.kz.b
W/dalvikvm( 3514): VFY: unable to resolve virtual method 155: Landroid/app/Notification$Builder;.setLocalOnly (Z)Landroid/app/Notification$Builder;
D/dalvikvm( 3514): VFY: replacing opcode 0x6e at 0x0206
I/dalvikvm( 3514): DexOpt: access denied from Lcom/google/android/gms/common/kz; to field Landroid/app/Notification;.extras
W/dalvikvm( 3514): VFY: unable to resolve instance field 27
D/dalvikvm( 3514): VFY: replacing opcode 0x54 at 0x0225
E/dalvikvm( 3514): Could not find class 'android.os.UserManager', referenced from method com.google.android.gms.common.kz.j
W/dalvikvm( 3514): VFY: unable to resolve check-cast 245 (Landroid/os/UserManager;) in Lcom/google/android/gms/common/kz;
D/dalvikvm( 3514): VFY: replacing opcode 0x1f at 0x000e
W/Resources( 3553): Converting to string: TypedValue{t=0x10/d=0x1 a=-1}
W/Resources( 3553): Converting to string: TypedValue{t=0x10/d=0x1 a=-1}
E/GmsWearableLS( 3068): GoogleApiClient connection failed: ConnectionResult{statusCode=API_UNAVAILABLE, resolution=null, message=null}
W/Resources( 3553): Converting to string: TypedValue{t=0x10/d=0x2 a=-1}
D/dalvikvm( 2825): GC_FOR_ALLOC freed 269K, 8% free 13485K/14535K, paused 20ms, total 20ms
W/Resources( 3553): Converting to string: TypedValue{t=0x10/d=0x1 a=-1}
W/Resources( 3553): Converting to string: TypedValue{t=0x10/d=0x1 a=-1}
W/Resources( 3553): Converting to string: TypedValue{t=0x10/d=0x2 a=-1}
D/dalvikvm( 3514): GC_CONCURRENT freed 162K, 9% free 8534K/9351K, paused 11ms+2ms, total 37ms
D/dalvikvm( 3514): WAIT_FOR_CONCURRENT_GC blocked 16ms
D/dalvikvm( 3068): GC_CONCURRENT freed 402K, 14% free 8594K/9991K, paused 14ms+3ms, total 71ms
D/dalvikvm( 3068): WAIT_FOR_CONCURRENT_GC blocked 21ms
D/dalvikvm( 3068): WAIT_FOR_CONCURRENT_GC blocked 15ms
D/dalvikvm( 3553): GC_CONCURRENT freed 196K, 11% free 7519K/8391K, paused 1ms+32ms, total 47ms
D/dalvikvm( 3068): WAIT_FOR_CONCURRENT_GC blocked 0ms
D/dalvikvm( 2825): GC_CONCURRENT freed 434K, 7% free 15107K/16199K, paused 11ms+14ms, total 45ms
D/dalvikvm( 2825): WAIT_FOR_CONCURRENT_GC blocked 24ms
D/Launcher.Model( 2825): Normal End LoaderTask: 1099505920
D/Launcher( 2825): onTrimMemory. Level: 5
D/dalvikvm( 3068): GC_EXPLICIT freed 372K, 14% free 8625K/9991K, paused 19ms+5ms, total 62ms
D/dalvikvm( 3068): WAIT_FOR_CONCURRENT_GC blocked 47ms
D/NativeLibraryUtils( 3514): Install completed successfully. count=13 extracted=0
D/dalvikvm( 3068): GC_FOR_ALLOC freed 4K, 14% free 8620K/9991K, paused 28ms, total 29ms
I/dalvikvm-heap( 3068): Grow heap (frag case) to 9.158MB for 65552-byte allocation
D/dalvikvm( 3068): GC_FOR_ALLOC freed 32K, 15% free 8652K/10119K, paused 26ms, total 26ms
D/dalvikvm( 3068): GC_FOR_ALLOC freed 73K, 15% free 8683K/10119K, paused 27ms, total 27ms
I/dalvikvm-heap( 3068): Grow heap (frag case) to 9.334MB for 186718-byte allocation
D/AbsListView( 3553): Get MotionRecognitionManager
D/MotionRecognitionService( 2225):  ssp status : false
D/dalvikvm( 3068): GC_FOR_ALLOC freed 1K, 15% free 8864K/10311K, paused 31ms, total 31ms
D/dalvikvm( 3553): GC_CONCURRENT freed 180K, 10% free 7823K/8647K, paused 1ms+2ms, total 14ms
D/dalvikvm( 3068): GC_FOR_ALLOC freed 96K, 15% free 8768K/10311K, paused 26ms, total 26ms
D/AbsListView( 3553): Get MotionRecognitionManager
D/AbsListView( 3553): Get MotionRecognitionManager
D/CountryDetector( 2225): The first listener is added
D/SyncManager( 2225): setIsSyncable: , provider com.google.android.location.reporting, user 0 -> 1
D/SyncManager( 2225): setIsSyncable: already set to 1, doing nothing
D/SyncManager( 2225): setSyncAutomatically:  provider com.google.android.location.reporting, user 0 -> true
D/SyncManager( 2225): setSyncAutomatically: already set to true, doing nothing
D/dalvikvm( 3068): GC_CONCURRENT freed 435K, 14% free 8929K/10311K, paused 3ms+3ms, total 27ms
V/TP/MmsSmsProvider( 2763): query,matched:13
D/TP/MmsSmsProvider( 2763): match 13:Elapsed time : 1.072 ms
V/TP/MmsSmsProvider( 2763): query,matched:12
D/TP/MmsSmsProvider( 2763): match 12:Elapsed time : 1.773 ms
D/MmsSmsDatabaseHelper( 2763): [MmsSmsDb] tableName: threads hasAutoIncrement: CREATE TABLE threads (_id INTEGER PRIMARY KEY AUTOINCREMENT,date INTEGER DEFAULT 0,message_count INTEGER DEFAULT 0,recipient_ids TEXT,snippet TEXT,snippet_cs INTEGER DEFAULT 0,read INTEGER DEFAULT 1,type INTEGER DEFAULT 0,error INTEGER DEFAULT 0,has_attachment INTEGER DEFAULT 0,unread_count INTEGER DEFAULT 0,alert_expired INTEGER DEFAULT 1,reply_all INTEGER DEFAULT -1,group_snippet TEXT,message_type INTEGER DEFAULT 0,display_recipient_ids TEXT) result: true
D/MmsSmsDatabaseHelper( 2763): [MmsSmsDb] tableName: canonical_addresses hasAutoIncrement: CREATE TABLE canonical_addresses (_id INTEGER PRIMARY KEY AUTOINCREMENT,address TEXT) result: true
D/MmsSmsDatabaseHelper( 2763): [getWritableDatabase] hasAutoIncrementThreads: true hasAutoIncrementAddresses: true
V/TP/MmsSmsProvider( 2763): deleteConversation threadId: 9223372036854775807
D/TP/MmsSmsProvider( 2763): delete URI_CONVERSATIONS_MESSAGES affectedRows=0
V/TP/MmsSmsProvider( 2763): delete threadId: 9223372036854775807
D/TP/MmsSmsProvider( 2763): need read changed broadcast:false
W/AlarmManager( 2225): FACTORY_ON= 0
W/AlarmManager( 2225): FACTORY_ON= 0
D/dalvikvm( 3068): GC_CONCURRENT freed 859K, 16% free 8737K/10311K, paused 12ms+3ms, total 42ms
D/dalvikvm( 3068): WAIT_FOR_CONCURRENT_GC blocked 9ms
D/dalvikvm( 3068): WAIT_FOR_CONCURRENT_GC blocked 8ms
V/MmsProvider( 2763): Delete uri=content://mms/drm, match=17
W/AlarmManager( 2225): FACTORY_ON= 0
D/MmsProvider( 2763): delete table=drm, deletedRows=0
W/dalvikvm( 3068): VFY: unable to find class referenced in signature (Lcom/android/location/provider/ActivityChangedEvent;)
I/dalvikvm( 3068): Could not find method com.android.location.provider.ActivityChangedEvent.getActivityRecognitionEvents, referenced from method com.google.android.location.activity.bd.a
W/dalvikvm( 3068): VFY: unable to resolve virtual method 2492: Lcom/android/location/provider/ActivityChangedEvent;.getActivityRecognitionEvents ()Ljava/lang/Iterable;
D/dalvikvm( 3068): VFY: replacing opcode 0x6e at 0x0007
I/GCoreUlr( 3068): WorldUpdater:android.location.PROVIDERS_CHANGED: Ensuring that reporting is active for [account#-1#]
I/GCoreUlr( 3068): Registered for wifi state change updates
D/dalvikvm( 2225): WAIT_FOR_CONCURRENT_GC blocked 0ms
W/AlarmManager( 2225): FACTORY_ON= 0
W/AlarmManager( 2225): FACTORY_ON= 0
D/dalvikvm( 2225): GC_EXPLICIT freed 1096K, 6% free 32846K/34759K, paused 3ms+7ms, total 94ms
V/TP/MmsSmsProvider( 2763): query,matched:0
V/TP/MmsSmsProvider( 2763): getSimpleConversations entered.
D/TP/MmsSmsProvider( 2763): match 0:Elapsed time : 3.888 ms
D/WifiP2pService( 2225): P2pDisabledState{ what=131204 }
W/AlarmManager( 2225): FACTORY_ON= 0
D/Launcher( 2825): onTrimMemory. Level: 5
D/dalvikvm( 2763): GC_CONCURRENT freed 323K, 11% free 8331K/9351K, paused 2ms+3ms, total 28ms
V/TP/MmsSmsProvider( 2763): update uri: content://mms-sms/db_synchronization
D/StatusChecker( 3458): onReceive : android.intent.action.SERVICE_STATE
D/StatusChecker( 3458): Service state changed : 3
D/StatusChecker( 3458): onReceive : android.intent.action.SERVICE_STATE
D/StatusChecker( 3458): Service state changed : 3
V/SipBroadcastReceiver( 2763): SipBroadcastReceiver onReceive
I/GCoreUlr( 3068): GMS FLP location and AR updates requested: {"description":"default","newRequest":true,"samplePeriodMs":120000,"sampleReason":"default","sampleSource":"internal","timestampMs":1454858452652}
W/AlarmManager( 2225): FACTORY_ON= 0
W/AlarmManager( 2225): FACTORY_ON= 0
D/WifiP2pService( 2225): P2pDisabledState{ what=131204 }
W/AlarmManager( 2225): FACTORY_ON= 0
W/AlarmManager( 2225): FACTORY_ON= 0
D/dalvikvm( 2911): GC_CONCURRENT freed 195K, 11% free 8121K/9095K, paused 12ms+2ms, total 27ms
D/dalvikvm( 2911): WAIT_FOR_CONCURRENT_GC blocked 7ms
D/dalvikvm( 2911): GC_CONCURRENT freed 175K, 10% free 8430K/9287K, paused 12ms+3ms, total 40ms
W/SignalStrength( 2225): getGsmLevel=3
W/SignalStrength( 2225): getLevel=3 (SignalStrength: 8 -1 -1 -1 -1 -1 -1 -1 -1 -1 -1 -1 gsm|lte 3)
W/SignalStrength( 2610): getGsmLevel=3
W/SignalStrength( 2610): getLevel=3 (SignalStrength: 8 -1 -1 -1 -1 -1 -1 -1 -1 -1 -1 -1 gsm|lte 3)
W/SignalStrength( 2610): getGsmLevel=3
W/SignalStrength( 2610): getLevel=3 (SignalStrength: 8 -1 -1 -1 -1 -1 -1 -1 -1 -1 -1 -1 gsm|lte 3)
W/SignalStrength( 2225): getGsmLevel=3
W/SignalStrength( 2225): getLevel=3 (SignalStrength: 12 -1 -1 -1 -1 -1 -1 -1 -1 -1 -1 -1 gsm|lte 3)
W/SignalStrength( 2225): getGsmDbm=-97
W/SignalStrength( 2225): getDbm=-97
W/SignalStrength( 2225): getGsmAsuLevel=8
W/SignalStrength( 2225): getAsuLevel=8
D/STATUSBAR-NetworkController( 2610): onSignalStrengthsChanged signalStrength=SignalStrength: 8 -1 -1 -1 -1 -1 -1 -1 -1 -1 -1 -1 gsm|lte 3 level=3
D/STATUSBAR-NetworkController( 2610): refreshSignalCluster: data=-1 bt=false
D/STATUSBAR-SignalClusterView( 2610): mSeparateMobileGroup=8
W/SignalStrength( 2225): getGsmDbm=-89
W/SignalStrength( 2225): getDbm=-89
W/SignalStrength( 2225): getGsmAsuLevel=12
W/SignalStrength( 2225): getAsuLevel=12
W/SignalStrength( 2610): getGsmLevel=3
W/SignalStrength( 2610): getLevel=3 (SignalStrength: 12 -1 -1 -1 -1 -1 -1 -1 -1 -1 -1 -1 gsm|lte 3)
W/SignalStrength( 2610): getGsmLevel=3
W/SignalStrength( 2610): getLevel=3 (SignalStrength: 12 -1 -1 -1 -1 -1 -1 -1 -1 -1 -1 -1 gsm|lte 3)
W/dalvikvm( 2911): VFY: unable to resolve static field 573 (PR_SET_DUMPABLE) in Landroid/system/OsConstants;
D/dalvikvm( 2911): VFY: replacing opcode 0x60 at 0x000b
D/STATUSBAR-SignalClusterView( 2610): mSeparateMobileGroup=8
D/STATUSBAR-SignalClusterView( 2610): mSeparateMobileGroup=8
D/STATUSBAR-NetworkController( 2610): refreshSignalCluster: data=-1 bt=false
D/STATUSBAR-SignalClusterView( 2610): mSeparateMobileGroup=8
D/STATUSBAR-SignalClusterView( 2610): mSeparateMobileGroup=8
D/STATUSBAR-SignalClusterView( 2610): mSeparateMobileGroup=8
D/STATUSBAR-NetworkController( 2610): onSignalStrengthsChanged signalStrength=SignalStrength: 12 -1 -1 -1 -1 -1 -1 -1 -1 -1 -1 -1 gsm|lte 3 level=3
I/dalvikvm( 2911): Failed resolving Lcom/google/android/gms/common/h/c; interface 98 'Landroid/content/pm/PackageManager$OnPermissionsChangedListener;'
W/dalvikvm( 2911): Link of class 'Lcom/google/android/gms/common/h/c;' failed
E/dalvikvm( 2911): Could not find class 'com.google.android.gms.common.h.c', referenced from method com.google.android.gms.common.app.GmsApplication.onCreate
W/dalvikvm( 2911): VFY: unable to resolve new-instance 2620 (Lcom/google/android/gms/common/h/c;) in Lcom/google/android/gms/common/app/GmsApplication;
D/dalvikvm( 2911): VFY: replacing opcode 0x22 at 0x006f
I/dalvikvm( 2911): Failed resolving Lcom/google/android/gms/common/h/c; interface 98 'Landroid/content/pm/PackageManager$OnPermissionsChangedListener;'
W/dalvikvm( 2911): Link of class 'Lcom/google/android/gms/common/h/c;' failed
D/dalvikvm( 2911): DexOpt: unable to opt direct call 0x2bcc at 0x71 in Lcom/google/android/gms/common/app/GmsApplication;.onCreate
I/MultiDex( 2911): VM with version 1.6.0 does not have multidex support
I/MultiDex( 2911): install
I/MultiDex( 2911): MultiDexExtractor.load(/data/app/com.google.android.gms-2.apk, false)
I/MultiDex( 2911): loading existing secondary dex files
I/MultiDex( 2911): load found 3 secondary dex files
I/MultiDex( 2911): install done
I/dalvikvm( 2911): Could not find method android.provider.Settings$Global.getInt, referenced from method com.google.android.gms.common.util.e.j
W/dalvikvm( 2911): VFY: unable to resolve static method 1099: Landroid/provider/Settings$Global;.getInt (Landroid/content/ContentResolver;Ljava/lang/String;I)I
D/dalvikvm( 2911): VFY: replacing opcode 0x71 at 0x000e
D/dalvikvm( 2911): DexOpt: couldn't find static field Landroid/os/Build;.SUPPORTED_ABIS
W/dalvikvm( 2911): VFY: unable to resolve static field 141 (SUPPORTED_ABIS) in Landroid/os/Build;
D/dalvikvm( 2911): VFY: replacing opcode 0x62 at 0x000a
D/dalvikvm( 2911): DexOpt: couldn't find field Landroid/content/pm/ApplicationInfo;.splitSourceDirs
W/dalvikvm( 2911): VFY: unable to resolve instance field 53
D/dalvikvm( 2911): VFY: replacing opcode 0x54 at 0x005f
D/dalvikvm( 2911): DexOpt: couldn't find static field Landroid/os/Build;.SUPPORTED_ABIS
W/dalvikvm( 2911): VFY: unable to resolve static field 141 (SUPPORTED_ABIS) in Landroid/os/Build;
D/dalvikvm( 2911): VFY: replacing opcode 0x62 at 0x0047
D/dalvikvm( 2911): DexOpt: couldn't find field Landroid/content/pm/ApplicationInfo;.splitSourceDirs
I/dalvikvm( 2911): DexOpt: unable to optimize instance field ref 0x0035 at 0x63 in Lcom/google/android/gms/common/util/ay;.b
D/dalvikvm( 2911): Trying to load lib /data/data/com.google.android.gms/lib/libgmscore.so 0x417cf6b8
D/dalvikvm( 2911): Added shared lib /data/data/com.google.android.gms/lib/libgmscore.so 0x417cf6b8
D/dalvikvm( 2911): No JNI_OnLoad found in /data/data/com.google.android.gms/lib/libgmscore.so 0x417cf6b8, skipping init
D/dalvikvm( 2911): Trying to load lib /data/data/com.google.android.gms/lib/libconscrypt_gmscore_jni.so 0x417cf6b8
D/dalvikvm( 2911): Added shared lib /data/data/com.google.android.gms/lib/libconscrypt_gmscore_jni.so 0x417cf6b8
V/JNIHelp ( 2911): Registering com/google/android/gms/org/conscrypt/NativeCrypto's 240 native methods...
D/dalvikvm( 2911): GC_CONCURRENT freed 354K, 11% free 8576K/9607K, paused 11ms+2ms, total 27ms
D/dalvikvm( 2911): Trying to load lib /data/data/com.google.android.gms/lib/libgmscore.so 0x417cf6b8
D/dalvikvm( 2911): Shared lib '/data/data/com.google.android.gms/lib/libgmscore.so' already loaded in same CL 0x417cf6b8
D/dalvikvm( 2911): Trying to load lib /data/data/com.google.android.gms/lib/libconscrypt_gmscore_jni.so 0x417cf6b8
D/dalvikvm( 2911): Shared lib '/data/data/com.google.android.gms/lib/libconscrypt_gmscore_jni.so' already loaded in same CL 0x417cf6b8
I/ProviderInstaller( 2911): Installed default security provider GmsCore_OpenSSL
E/dalvikvm( 2911): Could not find class 'android.os.UserHandle', referenced from method com.google.android.gms.gcm.f.a
W/dalvikvm( 2911): VFY: unable to resolve check-cast 244 (Landroid/os/UserHandle;) in Lcom/google/android/gms/gcm/f;
D/dalvikvm( 2911): VFY: replacing opcode 0x1f at 0x0138
D/dalvikvm( 2911): GC_CONCURRENT freed 218K, 9% free 8932K/9799K, paused 12ms+1ms, total 33ms
D/dalvikvm( 2911): WAIT_FOR_CONCURRENT_GC blocked 11ms
D/dalvikvm( 2911): WAIT_FOR_CONCURRENT_GC blocked 12ms
I/dalvikvm( 2911): Could not find method android.app.AlarmManager.set, referenced from method com.google.android.gms.common.stats.c.a
W/dalvikvm( 2911): VFY: unable to resolve virtual method 91: Landroid/app/AlarmManager;.set (IJJJLandroid/app/PendingIntent;Landroid/os/WorkSource;)V
D/dalvikvm( 2911): VFY: replacing opcode 0x74 at 0x0076
D/dalvikvm( 3621): GC_CONCURRENT freed 166K, 10% free 7329K/8135K, paused 2ms+2ms, total 16ms
D/dalvikvm( 3621): WAIT_FOR_CONCURRENT_GC blocked 8ms
W/dalvikvm( 2911): VFY: unable to find class referenced in signature (Landroid/net/Network;)
W/dalvikvm( 2911): VFY: unable to find class referenced in signature (Landroid/net/Network;)
W/dalvikvm( 2911): VFY: unable to find class referenced in signature (Landroid/net/Network;)
I/dalvikvm( 2911): Could not find method android.net.Network.openConnection, referenced from method com.google.android.gms.http.g.a
W/dalvikvm( 2911): VFY: unable to resolve virtual method 915: Landroid/net/Network;.openConnection (Ljava/net/URL;)Ljava/net/URLConnection;
D/dalvikvm( 2911): VFY: replacing opcode 0x6e at 0x00bb
D/dalvikvm( 2911): GC_CONCURRENT freed 241K, 9% free 9345K/10247K, paused 12ms+12ms, total 45ms
E/dalvikvm( 2911): Could not find class 'android.app.AppOpsManager', referenced from method com.google.android.gms.common.kz.a
W/dalvikvm( 2911): VFY: unable to resolve check-cast 36 (Landroid/app/AppOpsManager;) in Lcom/google/android/gms/common/kz;
D/dalvikvm( 2911): VFY: replacing opcode 0x1f at 0x0010
I/dalvikvm( 2911): Could not find method android.content.pm.PackageManager.getPackageInstaller, referenced from method com.google.android.gms.common.kz.a
W/dalvikvm( 2911): VFY: unable to resolve virtual method 446: Landroid/content/pm/PackageManager;.getPackageInstaller ()Landroid/content/pm/PackageInstaller;
D/dalvikvm( 2911): VFY: replacing opcode 0x6e at 0x000d
I/dalvikvm( 2911): Could not find method android.app.Notification$Builder.setLocalOnly, referenced from method com.google.android.gms.common.kz.b
W/dalvikvm( 2911): VFY: unable to resolve virtual method 155: Landroid/app/Notification$Builder;.setLocalOnly (Z)Landroid/app/Notification$Builder;
D/dalvikvm( 2911): VFY: replacing opcode 0x6e at 0x0206
I/dalvikvm( 2911): DexOpt: access denied from Lcom/google/android/gms/common/kz; to field Landroid/app/Notification;.extras
W/dalvikvm( 2911): VFY: unable to resolve instance field 27
D/dalvikvm( 2911): VFY: replacing opcode 0x54 at 0x0225
D/dalvikvm( 3621): GC_CONCURRENT freed 150K, 10% free 7702K/8519K, paused 1ms+11ms, total 23ms
E/dalvikvm( 2911): Could not find class 'android.os.UserManager', referenced from method com.google.android.gms.common.kz.j
W/dalvikvm( 2911): VFY: unable to resolve check-cast 245 (Landroid/os/UserManager;) in Lcom/google/android/gms/common/kz;
D/dalvikvm( 2911): VFY: replacing opcode 0x1f at 0x000e
W/dalvikvm( 3621): VFY: unable to resolve static field 573 (PR_SET_DUMPABLE) in Landroid/system/OsConstants;
D/dalvikvm( 3621): VFY: replacing opcode 0x60 at 0x000b
I/dalvikvm( 3621): Failed resolving Lcom/google/android/gms/common/h/c; interface 98 'Landroid/content/pm/PackageManager$OnPermissionsChangedListener;'
W/dalvikvm( 3621): Link of class 'Lcom/google/android/gms/common/h/c;' failed
E/dalvikvm( 3621): Could not find class 'com.google.android.gms.common.h.c', referenced from method com.google.android.gms.common.app.GmsApplication.onCreate
W/dalvikvm( 3621): VFY: unable to resolve new-instance 2620 (Lcom/google/android/gms/common/h/c;) in Lcom/google/android/gms/common/app/GmsApplication;
D/dalvikvm( 3621): VFY: replacing opcode 0x22 at 0x006f
I/dalvikvm( 3621): Failed resolving Lcom/google/android/gms/common/h/c; interface 98 'Landroid/content/pm/PackageManager$OnPermissionsChangedListener;'
W/dalvikvm( 3621): Link of class 'Lcom/google/android/gms/common/h/c;' failed
D/dalvikvm( 3621): DexOpt: unable to opt direct call 0x2bcc at 0x71 in Lcom/google/android/gms/common/app/GmsApplication;.onCreate
D/dalvikvm( 2911): DexOpt: couldn't find field Landroid/os/Message;.sendingUid
W/dalvikvm( 2911): VFY: unable to resolve instance field 149
D/dalvikvm( 2911): VFY: replacing opcode 0x52 at 0x0006
I/MultiDex( 3621): VM with version 1.6.0 does not have multidex support
I/MultiDex( 3621): install
I/MultiDex( 3621): MultiDexExtractor.load(/data/app/com.google.android.gms-2.apk, false)
D/KeyguardViewMediator( 2225): handleTimeout
E/lights  ( 2225): write_int failed to open /sys/class/sec/sec_touchkey/brightness
I/GCM     ( 2911): GTalk not used, disabling GSF
D/PowerManagerService( 2225): releaseWakeLockLocked flags=0x0 tag=keyguard
I/PowerManagerService( 2225): Ulight 0x7->0x3|0x0
I/MultiDex( 3621): loading existing secondary dex files
I/MultiDex( 3621): load found 3 secondary dex files
I/dalvikvm( 2911): Could not find method android.provider.Settings$Global.getInt, referenced from method com.google.android.gms.gcm.be.a
W/dalvikvm( 2911): VFY: unable to resolve static method 1099: Landroid/provider/Settings$Global;.getInt (Landroid/content/ContentResolver;Ljava/lang/String;I)I
D/dalvikvm( 2911): VFY: replacing opcode 0x71 at 0x00b4
I/MultiDex( 3621): install done
I/ActivityThread( 3621): Pub com.google.android.gms.photos.iu.EsGoogleIuProvider: com.google.android.libraries.social.autobackup.AutoBackupProvider
I/dalvikvm( 2911): Could not find method android.app.AlarmManager.setAndAllowWhileIdle, referenced from method com.google.android.gms.gcm.a.a
W/dalvikvm( 2911): VFY: unable to resolve virtual method 93: Landroid/app/AlarmManager;.setAndAllowWhileIdle (IJLandroid/app/PendingIntent;)V
D/dalvikvm( 2911): VFY: replacing opcode 0x6e at 0x0038
D/NativeLibraryUtils( 2911): Install completed successfully. count=13 extracted=0
I/dalvikvm( 2911): Could not find method android.os.PowerManager.isDeviceIdleMode, referenced from method com.google.android.gms.gcm.bq.d
W/dalvikvm( 2911): VFY: unable to resolve virtual method 1058: Landroid/os/PowerManager;.isDeviceIdleMode ()Z
D/dalvikvm( 2911): VFY: replacing opcode 0x6e at 0x003e
D/AlarmManagerService( 2225): Kernel timezone updated to -330 minutes west of GMT
W/SignalStrength( 2610): getGsmLevel=3
D/STATUSBAR-NetworkController( 2610): onServiceStateChanged state=0
W/SignalStrength( 2610): getLevel=3 (SignalStrength: 12 -1 -1 -1 -1 -1 -1 -1 -1 -1 -1 -1 gsm|lte 3)
E/dalvikvm( 2911): Could not find class 'android.telephony.CellInfoGsm', referenced from method com.google.android.gms.gcm.d.a
W/dalvikvm( 2911): VFY: unable to resolve instanceof 420 (Landroid/telephony/CellInfoGsm;) in Lcom/google/android/gms/gcm/d;
D/dalvikvm( 2911): VFY: replacing opcode 0x20 at 0x002b
D/STATUSBAR-NetworkController( 2610): updateDataNetType()
D/STATUSBAR-NetworkController( 2610): Nothing, mRoamingIconId = 0
I/WifiService( 2225): Booster FLAG : 1
I/WifiService( 2225): mBoosterFLAG : 1
I/WifiService( 2225): current booster mode : FullMode
D/WifiService( 2225): onDataConnectionStateChanged: state --1, networkType - EDGE
I/ActivityThread( 3621): Pub com.google.android.gms.download: com.google.android.gms.common.download.provider.DownloadsProvider
I/dalvikvm( 2911): Could not find method android.os.PowerManager.isDeviceIdleMode, referenced from method com.google.android.gms.gcm.b.c
W/dalvikvm( 2911): VFY: unable to resolve virtual method 1058: Landroid/os/PowerManager;.isDeviceIdleMode ()Z
D/dalvikvm( 2911): VFY: replacing opcode 0x6e at 0x0022
D/STATUSBAR-NetworkController( 2610): onDataConnectionStateChanged: state=-1 type=2
D/STATUSBAR-NetworkController( 2610): updateDataNetType()
D/MobileDataStateTracker( 2225): default: Received state=DISCONNECTED, old=DISCONNECTED, reason=nwTypeChanged
D/STATUSBAR-NetworkController( 2610): Nothing, mRoamingIconId = 0
D/MobileDataStateTracker( 2225): fota: Received state=DISCONNECTED, old=DISCONNECTED, reason=dataAttached
D/MobileDataStateTracker( 2225): dun: Received state=DISCONNECTED, old=DISCONNECTED, reason=dataAttached
D/MobileDataStateTracker( 2225): supl: Received state=DISCONNECTED, old=DISCONNECTED, reason=dataAttached
D/MobileDataStateTracker( 2225): hipri: Received state=DISCONNECTED, old=DISCONNECTED, reason=dataAttached
I/ActivityThread( 3621): Pub com.google.android.gms.plus;com.google.android.gms.plus.action: com.google.android.gms.plus.provider.PlusProvider
D/MobileDataStateTracker( 2225): ims: Received state=DISCONNECTED, old=DISCONNECTED, reason=dataAttached
D/MobileDataStateTracker( 2225): mms: Received state=DISCONNECTED, old=DISCONNECTED, reason=dataAttached
D/MobileDataStateTracker( 2225): cbs: Received state=DISCONNECTED, old=DISCONNECTED, reason=dataAttached
D/PhoneApp( 2763): mReceiver: ACTION_ANY_DATA_CONNECTION_STATE_CHANGED
D/PhoneApp( 2763): mReceiver: ACTION_ANY_DATA_CONNECTION_STATE_CHANGED
D/PhoneApp( 2763): mReceiver: ACTION_ANY_DATA_CONNECTION_STATE_CHANGED
D/PhoneApp( 2763): mReceiver: ACTION_ANY_DATA_CONNECTION_STATE_CHANGED
D/MobileDataStateTracker( 2225): fota: Received state=DISCONNECTED, old=DISCONNECTED, reason=dataAttached
D/MobileDataStateTracker( 2225): dun: Received state=DISCONNECTED, old=DISCONNECTED, reason=dataAttached
D/MobileDataStateTracker( 2225): supl: Received state=DISCONNECTED, old=DISCONNECTED, reason=dataAttached
D/PhoneApp( 2763): mReceiver: ACTION_ANY_DATA_CONNECTION_STATE_CHANGED
D/PhoneApp( 2763): mReceiver: ACTION_ANY_DATA_CONNECTION_STATE_CHANGED
D/MobileDataStateTracker( 2225): hipri: Received state=DISCONNECTED, old=DISCONNECTED, reason=dataAttached
D/MobileDataStateTracker( 2225): ims: Received state=DISCONNECTED, old=DISCONNECTED, reason=dataAttached
D/MobileDataStateTracker( 2225): mms: Received state=DISCONNECTED, old=DISCONNECTED, reason=dataAttached
D/MobileDataStateTracker( 2225): cbs: Received state=DISCONNECTED, old=DISCONNECTED, reason=dataAttached
D/PhoneApp( 2763): mReceiver: ACTION_ANY_DATA_CONNECTION_STATE_CHANGED
D/PhoneApp( 2763): mReceiver: ACTION_ANY_DATA_CONNECTION_STATE_CHANGED
D/PhoneApp( 2763): mReceiver: ACTION_ANY_DATA_CONNECTION_STATE_CHANGED
D/dalvikvm( 3621): GC_CONCURRENT freed 451K, 13% free 7800K/8903K, paused 1ms+12ms, total 45ms
D/PhoneApp( 2763): mReceiver: ACTION_ANY_DATA_CONNECTION_STATE_CHANGED
D/PhoneApp( 2763): mReceiver: ACTION_ANY_DATA_CONNECTION_STATE_CHANGED
D/PhoneApp( 2763): mReceiver: ACTION_ANY_DATA_CONNECTION_STATE_CHANGED
D/PhoneApp( 2763): mReceiver: ACTION_ANY_DATA_CONNECTION_STATE_CHANGED
D/PhoneApp( 2763): mReceiver: ACTION_ANY_DATA_CONNECTION_STATE_CHANGED
D/PhoneApp( 2763): mReceiver: ACTION_ANY_DATA_CONNECTION_STATE_CHANGED
W/AlarmManager( 2225): FACTORY_ON= 0
W/AlarmManager( 2225): FACTORY_ON= 0
I/ActivityThread( 3621): Pub com.google.android.gms.photos.autobackup.debugfileprovider: android.support.v4.content.FileProvider
I/ActivityThread( 3621): Pub com.google.android.gms.reminders: com.google.android.gms.reminders.provider.RemindersProvider
I/GCM     ( 2911): GCM config loaded
D/GCM     ( 2911): GcmService start Intent { act=com.google.android.gms.INITIALIZE flg=0x10 pkg=com.google.android.gms cmp=com.google.android.gms/.gcm.GcmService } com.google.android.gms.INITIALIZE
D/ConnectivityService( 2225): handleInetConditionChange: no active default network - ignore
W/AlarmManager( 2225): FACTORY_ON= 0
I/ActivityThread( 3621): Pub com.google.android.gms.chromesync.persistence.provider: com.google.android.gms.chromesync.persistence.ContentProvider
I/ActivityThread( 3621): Pub com.google.android.gms.icing.proxy.apps: com.google.android.gms.icing.proxy.AppsContentProvider
I/ActivityThread( 3621): Pub com.google.android.gms.icing.proxy.sms: com.google.android.gms.icing.proxy.SmsContentProvider
I/ActivityThread( 3621): Pub com.google.android.gms.common.stats.net.contentprovider: com.google.android.gms.common.stats.net.contentprovider.NetworkUsageContentProvider
I/ActivityThread( 3621): Pub com.google.android.gms.people: com.google.android.gms.people.service.PeopleContentProvider
I/ActivityThread( 3621): Pub com.google.android.gms.appstate: com.google.android.gms.appstate.provider.AppStateContentProvider
I/ActivityThread( 3621): Pub com.google.android.gms.games.background: com.google.android.gms.games.chimera.GamesContentProviderProxy
I/dalvikvm( 3621): Could not find method android.content.ContentProvider.canonicalize, referenced from method com.google.android.chimera.ContentProviderProxy.superCanonicalize
W/dalvikvm( 3621): VFY: unable to resolve virtual method 255: Landroid/content/ContentProvider;.canonicalize (Landroid/net/Uri;)Landroid/net/Uri;
D/dalvikvm( 3621): VFY: replacing opcode 0x6f at 0x0000
I/dalvikvm( 3621): Could not find method android.content.ContentProvider.openAssetFile, referenced from method com.google.android.chimera.ContentProviderProxy.superOpenAssetFile
W/dalvikvm( 3621): VFY: unable to resolve virtual method 265: Landroid/content/ContentProvider;.openAssetFile (Landroid/net/Uri;Ljava/lang/String;Landroid/os/CancellationSignal;)Landroid/content/res/AssetFileDescriptor;
D/dalvikvm( 3621): VFY: replacing opcode 0x6f at 0x0000
I/dalvikvm( 3621): Could not find method android.content.ContentProvider.openFile, referenced from method com.google.android.chimera.ContentProviderProxy.superOpenFile
W/dalvikvm( 3621): VFY: unable to resolve virtual method 267: Landroid/content/ContentProvider;.openFile (Landroid/net/Uri;Ljava/lang/String;Landroid/os/CancellationSignal;)Landroid/os/ParcelFileDescriptor;
D/dalvikvm( 3621): VFY: replacing opcode 0x6f at 0x0000
I/dalvikvm( 3621): Could not find method android.content.ContentProvider.openTypedAssetFile, referenced from method com.google.android.chimera.ContentProviderProxy.superOpenTypedAssetFile
W/dalvikvm( 3621): VFY: unable to resolve virtual method 271: Landroid/content/ContentProvider;.openTypedAssetFile (Landroid/net/Uri;Ljava/lang/String;Landroid/os/Bundle;Landroid/os/CancellationSignal;)Landroid/content/res/AssetFileDescriptor;
D/dalvikvm( 3621): VFY: replacing opcode 0x6f at 0x0000
I/dalvikvm( 3621): Could not find method android.content.ContentProvider.uncanonicalize, referenced from method com.google.android.chimera.ContentProviderProxy.superUncanonicalize
W/dalvikvm( 3621): VFY: unable to resolve virtual method 277: Landroid/content/ContentProvider;.uncanonicalize (Landroid/net/Uri;)Landroid/net/Uri;
D/dalvikvm( 3621): VFY: replacing opcode 0x6f at 0x0000
I/ActivityThread( 3621): Pub com.google.android.gms.auth.api.credentials.be.persistence.TemporaryValueProvider: com.google.android.gms.auth.api.credentials.be.persistence.TemporaryValueProvider
I/ActivityThread( 3621): Pub com.google.android.gms.auth.confirm: com.google.android.gms.auth.CredentialStateContentProvider
I/ActivityThread( 3621): Pub com.google.android.gms.ads.adinfo: com.google.android.gms.ads.adinfo.AdvertisingInfoContentProvider
I/ActivityThread( 3621): Pub com.google.android.gms.games: com.google.android.gms.games.provider.NotificationStubContentProvider
I/ActivityThread( 3621): Pub com.google.android.gms.drive.sync: com.google.android.gms.drive.metadata.sync.syncadapter.StubContentProvider
I/ActivityThread( 3621): Pub com.google.android.gms.auth.api.credentials: com.google.android.gms.auth.api.credentials.sync.CredentialContentProvider
I/ActivityThread( 3621): Pub com.google.android.gms.chromesync: com.google.android.gms.chromesync.sync.SyncContentProvider
I/ActivityThread( 3621): Pub com.google.android.gms.people.export: com.google.android.gms.people.debug.PeopleExportProvider
I/dalvikvm( 3621): Could not find method android.provider.Settings$Global.getInt, referenced from method com.google.android.gms.common.util.e.j
W/dalvikvm( 3621): VFY: unable to resolve static method 1099: Landroid/provider/Settings$Global;.getInt (Landroid/content/ContentResolver;Ljava/lang/String;I)I
D/dalvikvm( 3621): VFY: replacing opcode 0x71 at 0x000e
D/dalvikvm( 3621): DexOpt: couldn't find static field Landroid/os/Build;.SUPPORTED_ABIS
W/dalvikvm( 3621): VFY: unable to resolve static field 141 (SUPPORTED_ABIS) in Landroid/os/Build;
D/dalvikvm( 3621): VFY: replacing opcode 0x62 at 0x000a
D/dalvikvm( 3621): DexOpt: couldn't find field Landroid/content/pm/ApplicationInfo;.splitSourceDirs
W/dalvikvm( 3621): VFY: unable to resolve instance field 53
D/dalvikvm( 3621): VFY: replacing opcode 0x54 at 0x005f
D/dalvikvm( 3621): DexOpt: couldn't find static field Landroid/os/Build;.SUPPORTED_ABIS
W/dalvikvm( 3621): VFY: unable to resolve static field 141 (SUPPORTED_ABIS) in Landroid/os/Build;
D/dalvikvm( 3621): VFY: replacing opcode 0x62 at 0x0047
D/dalvikvm( 3621): DexOpt: couldn't find field Landroid/content/pm/ApplicationInfo;.splitSourceDirs
I/dalvikvm( 3621): DexOpt: unable to optimize instance field ref 0x0035 at 0x63 in Lcom/google/android/gms/common/util/ay;.b
D/dalvikvm( 3621): Trying to load lib /data/data/com.google.android.gms/lib/libgmscore.so 0x41753a60
D/dalvikvm( 3621): Added shared lib /data/data/com.google.android.gms/lib/libgmscore.so 0x41753a60
D/dalvikvm( 3621): No JNI_OnLoad found in /data/data/com.google.android.gms/lib/libgmscore.so 0x41753a60, skipping init
D/dalvikvm( 3621): Trying to load lib /data/data/com.google.android.gms/lib/libconscrypt_gmscore_jni.so 0x41753a60
D/dalvikvm( 3621): Added shared lib /data/data/com.google.android.gms/lib/libconscrypt_gmscore_jni.so 0x41753a60
V/JNIHelp ( 3621): Registering com/google/android/gms/org/conscrypt/NativeCrypto's 240 native methods...
D/dalvikvm( 3621): GC_CONCURRENT freed 266K, 11% free 8058K/8967K, paused 12ms+2ms, total 29ms
D/dalvikvm( 3621): WAIT_FOR_CONCURRENT_GC blocked 5ms
D/dalvikvm( 3621): Trying to load lib /data/data/com.google.android.gms/lib/libgmscore.so 0x41753a60
D/dalvikvm( 3621): Shared lib '/data/data/com.google.android.gms/lib/libgmscore.so' already loaded in same CL 0x41753a60
D/dalvikvm( 3621): Trying to load lib /data/data/com.google.android.gms/lib/libconscrypt_gmscore_jni.so 0x41753a60
D/dalvikvm( 3621): Shared lib '/data/data/com.google.android.gms/lib/libconscrypt_gmscore_jni.so' already loaded in same CL 0x41753a60
I/ProviderInstaller( 3621): Installed default security provider GmsCore_OpenSSL
D/AuthorizationBluetoothService( 2911): Received GmsCore event: Intent { act=com.google.android.gms.INITIALIZE flg=0x10 pkg=com.google.android.gms cmp=com.google.android.gms/.auth.be.proximity.authorization.bt.AuthorizationBluetoothService$AutoStarter }.
E/dalvikvm( 2911): Could not find class 'android.os.UserManager', referenced from method com.google.android.gms.auth.be.proximity.authorization.bt.b.a
W/dalvikvm( 2911): VFY: unable to resolve check-cast 245 (Landroid/os/UserManager;) in Lcom/google/android/gms/auth/be/proximity/authorization/bt/b;
D/dalvikvm( 2911): VFY: replacing opcode 0x1f at 0x002d
E/AuthorizationBluetoothService( 2911): Proximity feature is not enabled.
D/dalvikvm( 3621): GC_CONCURRENT freed 220K, 10% free 8359K/9223K, paused 12ms+2ms, total 35ms
D/dalvikvm( 3621): WAIT_FOR_CONCURRENT_GC blocked 8ms
I/dalvikvm( 2911): Could not find method android.app.PendingIntent.getCreatorUid, referenced from method com.google.android.gms.auth.d.a
W/dalvikvm( 2911): VFY: unable to resolve virtual method 319: Landroid/app/PendingIntent;.getCreatorUid ()I
D/dalvikvm( 2911): VFY: replacing opcode 0x6e at 0x008d
I/dalvikvm( 2911): Could not find method android.app.P