W/PackageManager( 2225): Unknown permission com.amazon.dcp.sso.permission.USE_DEVICE_CREDENTIALS in package com.amazon.kindle
W/PackageManager( 2225): Unknown permission com.amazon.dcp.sso.permission.MANAGE_COR_PFM in package com.amazon.kindle
W/PackageManager( 2225): Unknown permission com.amazon.dcp.sso.permission.CUSTOMER_ATTRIBUTE_SERVICE in package com.amazon.kindle
W/PackageManager( 2225): Unknown permission amazon.permission.COLLECT_METRICS in package com.amazon.kindle
W/PackageManager( 2225): Unknown permission conv.svc.sec.nearby.MEDIACONTROL in package com.sec.pcw
W/PackageManager( 2225): Unknown permission com.google.android.voicesearch.SHORTCUTS_ACCESS in package com.google.android.googlequicksearchbox
W/PackageManager( 2225): Unknown permission com.google.android.ears.permission.WRITE in package com.google.android.googlequicksearchbox
W/PackageManager( 2225): Unknown permission android.permission.MEDIA_CONTENT_CONTROL in package com.google.android.googlequicksearchbox
W/PackageManager( 2225): Unknown permission android.permission.INTERACT_ACROSS_USERS in package com.google.android.googlequicksearchbox
W/PackageManager( 2225): Unknown permission android.permission.REAL_GET_TASKS in package com.google.android.googlequicksearchbox
W/PackageManager( 2225): Unknown permission com.google.android.apps.googlevoice.permission.AUTO_SEND in package com.google.android.googlequicksearchbox
W/PackageManager( 2225): Unknown permission com.google.android.hangouts.START_HANGOUT in package com.google.android.googlequicksearchbox
W/PackageManager( 2225): Unknown permission android.permission.MANAGE_VOICE_KEYPHRASES in package com.google.android.googlequicksearchbox
W/PackageManager( 2225): Unknown permission com.android.chrome.PRERENDER_URL in package com.google.android.googlequicksearchbox
W/PackageManager( 2225): Unknown permission android.permission.CAPTURE_AUDIO_HOTWORD in package com.google.android.googlequicksearchbox
W/PackageManager( 2225): Not granting permission android.permission.STOP_APP_SWITCHES to package com.google.android.googlequicksearchbox (protectionLevel=18 flags=0x1bbec5)
W/PackageManager( 2225): Not granting permission android.permission.STATUS_BAR to package com.google.android.googlequicksearchbox (protectionLevel=18 flags=0x1bbec5)
W/PackageManager( 2225): Not granting permission android.permission.BIND_APPWIDGET to package com.google.android.googlequicksearchbox (protectionLevel=18 flags=0x1bbec5)
W/PackageManager( 2225): Unknown permission com.google.android.launcher.permission.CONTENT_REDIRECT in package com.google.android.googlequicksearchbox
W/PackageManager( 2225): Unknown permission android.permission.READ_INTERNAL_STORAGE in package com.roamingsoft.manager
W/PackageManager( 2225): Unknown permission android.permission.ACCESS_COARSE_UPDATES in package com.roamingsoft.manager
W/PackageManager( 2225): Unknown permission com.android.email.ACCOUNT_INTENT in package com.android.exchange
W/PackageManager( 2225): Unknown permission android.permission.READ_OWNER_DATA in package com.android.exchange
W/PackageManager( 2225): Not granting permission android.permission.BIND_DEVICE_ADMIN to package com.android.exchange (protectionLevel=2 flags=0x8be45)
W/PackageManager( 2225): Unknown permission com.android.providers.im.permission.READ_ONLY in package com.google.android.apps.maps
W/PackageManager( 2225): Not granting permission android.permission.ACCOUNT_MANAGER to package com.sec.msc.learninghub (protectionLevel=2 flags=0x18be45)
W/PackageManager( 2225): Unknown permission android.permission.ACCESS_GPS in package com.android.settings.mt
W/PackageManager( 2225): Unknown permission android.permission.ACCESS_LOCATION in package com.android.settings.mt
W/PackageManager( 2225): Unknown permission android.permission.WRITE_OWNER_DATA in package com.infraware.PolarisOfficeStdForTablet
W/PackageManager( 2225): Unknown permission android.permission.READ_OWNER_DATA in package com.infraware.PolarisOfficeStdForTablet
W/PackageManager( 2225): Not granting permission android.permission.ACCOUNT_MANAGER to package com.infraware.PolarisOfficeStdForTablet (protectionLevel=2 flags=0x18be45)
W/PackageManager( 2225): Unknown permission android.permission.WRITE_OWNER_DATA in package com.tk.dmfmdk.free.fengaj
W/PackageManager( 2225): Not granting permission android.permission.INSTALL_PACKAGES to package com.tk.dmfmdk.free.fengaj (protectionLevel=18 flags=0x8be44)
W/PackageManager( 2225): Unknown permission com.sec.android.daemonapp.ap.yahoostock.stockclock.permission.YAHOO_DAEMON_ACCESS_INTENT in package com.samsung.topicwall
W/PackageManager( 2225): Unknown permission com.sec.android.daemonapp.ap.yahoonews.permission.YAHOO_DAEMON_ACCESS_INTENT in package com.samsung.topicwall
W/PackageManager( 2225): Unknown permission android.permission.WRITE_INTERNAL_STORAGE in package com.sec.android.app.samsungapps
W/PackageManager( 2225): Unknown permission com.sec.android.provider.samsungapps.permission.WRITE in package com.sec.android.app.samsungapps
W/PackageManager( 2225): Unknown permission com.sec.android.provider.samsungapps.permission.READ in package com.sec.android.app.samsungapps
W/PackageManager( 2225): Unknown permission android.permission.WIFI_LOCK in package com.sec.android.app.samsungapps
W/PackageManager( 2225): Unknown permission com.sec.spp.push.permission.ACCESS_SPP_SERVER in package com.sec.android.app.samsungapps
W/PackageManager( 2225): Unknown permission android.permission.ACCESS_DEV_STORAGE in package com.sec.android.saslideshow
W/PackageManager( 2225): Unknown permission com.sec.android.app.sns3.sp.facebook.permission.READ_DB in package com.sec.android.saslideshow
W/PackageManager( 2225): Unknown permission com.diotek.penmemo.util.PenMemoProvider.permission.READ in package com.sec.android.saslideshow
W/PackageManager( 2225): Unknown permission com.diotek.penmemo.util.PenMemoProvider.permission.WRITE in package com.sec.android.saslideshow
W/PackageManager( 2225): Unknown permission com.google.android.gallery3d.permission.PICASA_STORE in package com.google.android.apps.plus
W/PackageManager( 2225): Unknown permission com.google.android.hangouts.START_HANGOUT in package com.google.android.apps.plus
W/PackageManager( 2225): Unknown permission android.permission.REAL_GET_TASKS in package com.android.vending
W/PackageManager( 2225): Not granting permission android.permission.SEND_DOWNLOAD_COMPLETED_INTENTS to package com.android.vending (protectionLevel=2 flags=0xabec5)
W/PackageManager( 2225): Unknown permission android.permission.USE_FINGERPRINT in package com.android.vending
W/PackageManager( 2225): Unknown permission android.permission.GET_PACKAGE_IMPORTANCE in package com.android.vending
W/PackageManager( 2225): Unknown permission android.permission.GET_ACCOUNTS_PRIVILEGED in package com.android.vending
W/PackageManager( 2225): Unknown permission android.permission.INSTALL_GRANT_RUNTIME_PERMISSIONS in package com.android.vending
W/PackageManager( 2225): Unknown permission android.permission.GRANT_RUNTIME_PERMISSIONS in package com.android.vending
W/PackageManager( 2225): Unknown permission android.permission.REVOKE_RUNTIME_PERMISSIONS in package com.android.vending
W/PackageManager( 2225): Unknown permission android.permission.MANAGE_USERS in package com.android.vending
W/PackageManager( 2225): Unknown permission android.permission.INTERACT_ACROSS_USERS in package com.android.vending
W/PackageManager( 2225): Not granting permission android.permission.WRITE_SECURE_SETTINGS to package com.android.vending (protectionLevel=50 flags=0xabec5)
W/PackageManager( 2225): Not granting permission android.permission.FORCE_STOP_PACKAGES to package com.android.vending (protectionLevel=2 flags=0xabec5)
W/PackageManager( 2225): Unknown permission android.permission.ACCESS_DEV_STORAGE in package com.sec.android.providers.downloads
W/PackageManager( 2225): Not granting permission android.permission.READ_LOGS to package org.edx.mobile (protectionLevel=50 flags=0x8be44)
W/PackageManager( 2225): Not granting permission android.permission.ACCESS_DRM to package com.sec.android.app.music (protectionLevel=2 flags=0x18be45)
W/PackageManager( 2225): Not granting permission com.google.android.gm.permission.READ_GMAIL to package com.sec.android.app.music (protectionLevel=2 flags=0x18be45)
W/PackageManager( 2225): Not granting permission android.permission.FORCE_STOP_PACKAGES to package com.sec.android.app.music (protectionLevel=2 flags=0x18be45)
W/PackageManager( 2225): Not granting permission android.permission.INTERNAL_SYSTEM_WINDOW to package com.sec.android.app.music (protectionLevel=2 flags=0x18be45)
W/PackageManager( 2225): Unknown permission com.android.samsung.rmt_exercise.permission.KEYSTRING in package com.sec.phone
W/PackageManager( 2225): Unknown permission com.sec.modem.settings.permission.KEYSTRING in package com.sec.phone
W/PackageManager( 2225): Unknown permission com.samsung.InputEventApp.permission.UTS_DM_CMD in package com.sec.phone
W/PackageManager( 2225): Unknown permission com.android.vending.billing.IBillingAccountService.BIND2 in package com.google.android.gsf.login
W/PackageManager( 2225): Unknown permission com.android.chrome.TOS_ACKED in package com.google.android.gsf.login
W/PackageManager( 2225): Unknown permission com.sec.android.app.sns3.permission.READ_SNSDB in package com.android.calendar
W/PackageManager( 2225): Unknown permission com.sec.android.app.sns3.sp.facebook.permission.READ_DB in package com.android.calendar
W/PackageManager( 2225): Not granting permission android.permission.INTERNAL_SYSTEM_WINDOW to package com.android.calendar (protectionLevel=2 flags=0x19be45)
W/PackageManager( 2225): Unknown permission com.sec.android.widgetapp.q1_penmemo.permission.READ in package com.android.calendar
W/PackageManager( 2225): Unknown permission com.sec.android.widgetapp.ap.yahoostock.stockclock.permission.YAHOO_DAEMON_ACCESS_PROVIDER in package com.sec.android.daemonapp.ap.yahoostock.stockclock
W/PackageManager( 2225): Unknown permission com.sec.android.widgetapp.at.yahoostock.jp.stockclock.permission.YAHOO_DAEMON_ACCESS_PROVIDER in package com.sec.android.daemonapp.ap.yahoostock.stockclock
W/PackageManager( 2225): Unknown permission com.sec.android.widgetapp.stockclock.permission.YAHOO_DAEMON_ACCESS_PROVIDER in package com.sec.android.daemonapp.ap.yahoostock.stockclock
W/PackageManager( 2225): Unknown permission com.sec.android.widgetapp.ap.yahoostock.jp.stockclock.permission.YAHOO_DAEMON_ACCESS_PROVIDER in package com.sec.android.daemonapp.ap.yahoostock.stockclock
W/PackageManager( 2225): Unknown permission com.android.samsung.rmt_exercise.permission.KEYSTRING in package com.sec.android.app.factorymode
W/PackageManager( 2225): Unknown permission com.sec.modem.settings.permission.KEYSTRING in package com.sec.android.app.factorymode
W/PackageManager( 2225): Unknown permission com.android.setting.testingsettings.permission.KEYSTRING in package com.sec.android.app.factorymode
W/PackageManager( 2225): Unknown permission android.permission.OBSERVE_GRANT_REVOKE_PERMISSIONS in package com.google.android.gms
W/PackageManager( 2225): Unknown permission android.permission.INTERACT_ACROSS_USERS in package com.google.android.gms
W/PackageManager( 2225): Unknown permission android.permission.CAPTURE_VIDEO_OUTPUT in package com.google.android.gms
W/PackageManager( 2225): Unknown permission android.permission.CAPTURE_AUDIO_OUTPUT in package com.google.android.gms
W/PackageManager( 2225): Unknown permission android.permission.RECOVERY in package com.google.android.gms
W/PackageManager( 2225): Unknown permission android.permission.READ_DREAM_STATE in package com.google.android.gms
W/PackageManager( 2225): Unknown permission android.permission.RECEIVE_DATA_ACTIVITY_CHANGE in package com.google.android.gms
W/PackageManager( 2225): Unknown permission android.permission.PROVIDE_TRUST_AGENT in package com.google.android.gms
W/PackageManager( 2225): Unknown permission com.google.android.apps.enterprise.dmagent.permission.AutoSyncPermission in package com.google.android.gms
W/PackageManager( 2225): Not granting permission android.permission.PACKAGE_USAGE_STATS to package com.google.android.gms (protectionLevel=18 flags=0x83ec5)
W/PackageManager( 2225): Unknown permission android.permission.LOCATION_HARDWARE in package com.google.android.gms
W/PackageManager( 2225): Unknown permission android.permission.GET_APP_OPS_STATS in package com.google.android.gms
W/PackageManager( 2225): Unknown permission android.permission.UPDATE_APP_OPS_STATS in package com.google.android.gms
W/PackageManager( 2225): Unknown permission android.permission.CAPTURE_AUDIO_HOTWORD in package com.google.android.gms
W/PackageManager( 2225): Unknown permission android.permission.MANAGE_VOICE_KEYPHRASES in package com.google.android.gms
W/PackageManager( 2225): Unknown permission android.permission.REAL_GET_TASKS in package com.google.android.gms
W/PackageManager( 2225): Unknown permission com.google.android.hangouts.START_HANGOUT in package com.google.android.gms
W/PackageManager( 2225): Unknown permission android.permission.ACCESS_NETWORK_CONDITIONS in package com.google.android.gms
W/PackageManager( 2225): Unknown permission android.permission.MANAGE_DEVICE_ADMINS in package com.google.android.gms
W/PackageManager( 2225): Unknown permission android.permission.READ_WIFI_CREDENTIAL in package com.google.android.gms
W/PackageManager( 2225): Unknown permission android.permission.SCORE_NETWORKS in package com.google.android.gms
W/PackageManager( 2225): Not granting permission android.permission.MODIFY_PHONE_STATE to package com.google.android.gms (protectionLevel=18 flags=0x83ec5)
W/PackageManager( 2225): Unknown permission android.permission.CONTROL_INCALL_EXPERIENCE in package com.google.android.gms
W/PackageManager( 2225): Not granting permission android.permission.MANAGE_USB to package com.google.android.gms (protectionLevel=18 flags=0x83ec5)
W/PackageManager( 2225): Not granting permission android.permission.CALL_PRIVILEGED to package com.google.android.gms (protectionLevel=18 flags=0x83ec5)
W/PackageManager( 2225): Unknown permission android.permission.BLUETOOTH_PRIVILEGED in package com.google.android.gms
W/PackageManager( 2225): Unknown permission android.permission.USER_ACTIVITY in package com.google.android.gms
W/PackageManager( 2225): Unknown permission android.permission.MODIFY_AUDIO_ROUTING in package com.google.android.gms
W/PackageManager( 2225): Unknown permission android.permission.CAPTURE_SECURE_VIDEO_OUTPUT in package com.google.android.gms
W/PackageManager( 2225): Not granting permission android.permission.READ_FRAME_BUFFER to package com.google.android.gms (protectionLevel=18 flags=0x83ec5)
W/PackageManager( 2225): Unknown permission com.google.android.wearable.READ_SETTINGS in package com.google.android.gms
W/PackageManager( 2225): Not granting permission android.permission.MODIFY_NETWORK_ACCOUNTING to package com.google.android.gms (protectionLevel=18 flags=0x83ec5)
W/PackageManager( 2225): Unknown permission android.permission.INTENT_FILTER_VERIFICATION_AGENT in package com.google.android.gms
W/PackageManager( 2225): Unknown permission android.permission.LOCAL_MAC_ADDRESS in package com.google.android.gms
W/PackageManager( 2225): Unknown permission android.permission.CHANGE_DEVICE_IDLE_TEMP_WHITELIST in package com.google.android.gms
W/PackageManager( 2225): Unknown permission android.permission.NOTIFY_PENDING_SYSTEM_UPDATE in package com.google.android.gms
W/PackageManager( 2225): Unknown permission android.permission.BODY_SENSORS in package com.google.android.gms
W/PackageManager( 2225): Unknown permission com.android.voicemail.permission.READ_VOICEMAIL in package com.google.android.gms
W/PackageManager( 2225): Unknown permission android.permission.MANAGE_DOCUMENTS in package com.google.android.gms
W/PackageManager( 2225): Unknown permission android.permission.INTERACT_ACROSS_USERS in package com.sec.spp.push
W/PackageManager( 2225): Unknown permission com.sec.spp.permission.TOKEN_a1a30b694300dac6f59ae7b791d9eef52f677d5a5fe53412b7608126d463248f21f62f60c9bc92da81138bf6f292302d960c7273f648e5596bc9fea9ca594701e696c0917204658ac9f0e74745807472e9d3e9977f667274ee768334b7f9004f9a0046decafe7e068ad420d39e629d727f6b28195b118d7f7a4230be62243bd1 in package com.sec.spp.push
W/PackageManager( 2225): Unknown permission com.sec.spp.permission.TOKEN_93826e86cec89c5a525ae83ddf9ebd98ecc233c92e8756bc704afa2d0778c64fdb5fef0d4cf09b8d73963b6df482827430806db3a69e587adc1c167cc50e7207453c58ea58cad7caaef5646b8deb9556378af5867696aa51fbca0e2f918d7d12a6f0b7acd5bba2d48c6688ee2089b816ad6fb0bc395f6986b71129090f423d3d in package com.sec.spp.push
W/PackageManager( 2225): Unknown permission com.dashwire.config.launcher.SEND_HOMESCREEN_RESULT in package com.sec.android.app.launcher
W/PackageManager( 2225): Unknown permission com.sec.android.providers.insight.permission.READ_INSIGHT_DB in package com.sec.android.app.launcher
W/PackageManager( 2225): Unknown permission com.samsung.android.providers.context.permission.READ_APP_USAGE_DB in package com.sec.android.app.launcher
W/PackageManager( 2225): Not granting permission android.permission.STATUS_BAR_SERVICE to package com.blotcanvas.celapp.tvf.activity (protectionLevel=2 flags=0xbe44)
W/PackageManager( 2225): Not granting permission android.permission.HARDWARE_TEST to package com.sec.android.app.worldclock (protectionLevel=2 flags=0x8be45)
W/PackageManager( 2225): Not granting permission android.permission.DEVICE_POWER to package com.sec.android.app.worldclock (protectionLevel=2 flags=0x8be45)
W/PackageManager( 2225): Not granting permission android.permission.READ_INPUT_STATE to package com.sec.android.app.worldclock (protectionLevel=2 flags=0x8be45)
W/PackageManager( 2225): Unknown permission android.permission.RECEIVE_SHUTDOWN in package com.sec.android.app.worldclock
W/PackageManager( 2225): Not granting permission android.permission.INTERNAL_SYSTEM_WINDOW to package com.sec.android.app.worldclock (protectionLevel=2 flags=0x8be45)
W/PackageManager( 2225): Not granting permission com.google.android.gm.permission.WRITE_GMAIL to package com.sec.android.app.worldclock (protectionLevel=2 flags=0x8be45)
W/PackageManager( 2225): Not granting permission com.google.android.gm.permission.READ_GMAIL to package com.sec.android.app.worldclock (protectionLevel=2 flags=0x8be45)
W/PackageManager( 2225): Not granting permission android.permission.ACCOUNT_MANAGER to package com.sec.android.sCloudSync (protectionLevel=2 flags=0x8be05)
W/PackageManager( 2225): Unknown permission com.sec.android.widgetapp.q1_penmemo.permission.WRITE in package com.sec.android.sCloudSync
W/PackageManager( 2225): Unknown permission com.sec.android.widgetapp.q1_penmemo.permission.READ in package com.sec.android.sCloudSync
W/PackageManager( 2225): Unknown permission com.infraware.provider.SNoteProvider.permission.READ in package com.sec.android.sCloudSync
W/PackageManager( 2225): Unknown permission com.infraware.provider.SNoteProvider.permission.WRITE in package com.sec.android.sCloudSync
W/PackageManager( 2225): Unknown permission android.permission.READ_OWNER_DATA in package com.sec.android.app.SecSetupWizard
W/PackageManager( 2225): Unknown permission android.permission.WRITE_OWNER_DATA in package com.sec.android.app.SecSetupWizard
W/PackageManager( 2225): Not granting permission android.permission.ACCESS_ALL_DOWNLOADS to package com.fiverr.fiverr (protectionLevel=2 flags=0x18be44)
W/PackageManager( 2225): Unknown permission com.sec.android.widgetapp.q1_penmemo.permission.READ in package com.diotek.mini_penmemo
W/PackageManager( 2225): Unknown permission com.sec.android.widgetapp.q1_penmemo.permission.WRITE in package com.diotek.mini_penmemo
W/PackageManager( 2225): Unknown permission android.permission.READ_GMAIL in package com.diotek.mini_penmemo
W/PackageManager( 2225): Unknown permission android.permission.WRITE_GMAIL in package com.diotek.mini_penmemo
W/PackageManager( 2225): Unknown permission android.permission.READ_OWNER_DATA in package com.android.email
W/PackageManager( 2225): Not granting permission android.permission.BIND_DEVICE_ADMIN to package com.android.email (protectionLevel=2 flags=0x18be45)
W/PackageManager( 2225): Unknown permission com.seven.Z7.permission.ACCESS_PROVIDER in package com.android.email
W/PackageManager( 2225): Unknown permission com.seven.Z7.permission.ACCESS_EVENTS in package com.android.email
W/PackageManager( 2225): Not granting permission android.permission.ACCOUNT_MANAGER to package com.android.email (protectionLevel=2 flags=0x18be45)
W/PackageManager( 2225): Unknown permission android.permission.ACCESS_DEV_STORAGE in package com.android.email
W/PackageManager( 2225): Not granting permission android.permission.CLEAR_APP_USER_DATA to package com.android.email (protectionLevel=2 flags=0x18be45)
W/PackageManager( 2225): Unknown permission android.permission.STORAGE in package com.tinder
W/PackageManager( 2225): Not granting permission android.permission.INTERNAL_SYSTEM_WINDOW to package com.sec.android.widgetapp.programmonitorwidget (protectionLevel=2 flags=0x8be45)
W/PackageManager( 2225): Not granting permission android.permission.FORCE_STOP_PACKAGES to package com.sec.android.widgetapp.programmonitorwidget (protectionLevel=2 flags=0x8be45)
W/PackageManager( 2225): Not granting permission android.permission.CLEAR_APP_USER_DATA to package com.sec.android.widgetapp.programmonitorwidget (protectionLevel=2 flags=0x8be45)
W/PackageManager( 2225): Not granting permission com.sec.android.app.controlpanel.permission.GET_INTENT_ACTION_AFTER_FORCESTOP to package com.sec.android.widgetapp.programmonitorwidget (protectionLevel=2 flags=0x8be45)
W/PackageManager( 2225): Unknown permission com.sec.android.permission.READ_MEMO in package com.wssnps
W/PackageManager( 2225): Unknown permission com.sec.android.permission.WRITE_MEMO in package com.wssnps
W/PackageManager( 2225): Unknown permission com.sec.android.widgetapp.q1_penmemo.permission.READ in package com.wssnps
W/PackageManager( 2225): Unknown permission com.sec.android.widgetapp.q1_penmemo.permission.WRITE in package com.wssnps
W/PackageManager( 2225): Unknown permission android.permission.READ_MMS in package com.wssnps
W/PackageManager( 2225): Unknown permission android.permission.WRITE_MMS in package com.wssnps
W/PackageManager( 2225): Unknown permission android.permission.READ_TASKS in package com.wssnps
W/PackageManager( 2225): Unknown permission android.permission.WRITE_TASKS in package com.wssnps
W/PackageManager( 2225): Unknown permission com.sec.android.app.fm.BROADCAST_DETECT in package com.wssnps
W/PackageManager( 2225): Unknown permission com.sec.mms.action.MMS_BNR in package com.wssnps
W/PackageManager( 2225): Unknown permission com.sec.android.app.minidiary.service.BROADCAST_DETECT in package com.wssnps
W/PackageManager( 2225): Not granting permission android.permission.ACCOUNT_MANAGER to package com.sec.android.sCloudBackupApp (protectionLevel=2 flags=0x8be05)
W/PackageManager( 2225): Unknown permission com.sec.android.widgetapp.ap.yahoonews.permission.YAHOO_ACCESS_PROVIDER in package com.sec.android.daemonapp.ap.yahoonews
W/PackageManager( 2225): Unknown permission com.android.launcher.permission.PRELOAD_WORKSPACE in package com.google.android.partnersetup
W/PackageManager( 2225): Unknown permission android.permission.ENABLE_KEYGUARD in package com.sec.android.sCloudRelayData
W/PackageManager( 2225): Unknown permission android.permission.ACCESS_DEV_STORAGE in package com.sec.android.app.myfiles
W/PackageManager( 2225): Unknown permission sstream.app.StoryProvider.WRITE.PERMISSION in package com.sec.chaton
W/PackageManager( 2225): Unknown permission com.sec.spp.permission.TOKEN_13b9cdc89f21278b87e0488ad5efb298532ad60905603d81a5145b0a03ce869cca937166ae9a01578767a15e8a36b9cc849a1de35bdc3facc1512f316ef9d09467c514442069ec167c16a8c8e67a4c641fc8d4b6394660a151f95a04e5c397de36c8df48dfbe0d12c45e76e6ca5a21f595994dd136023407173f9b983e2fa208 in package com.sec.chaton
W/PackageManager( 2225): Unknown permission com.sec.spp.permission.TOKEN_b812511e2555d7a9d56c85891a0936d216e03c4b02b4a456ac5436ed7bace19bcf81ebd22f0e1219cadc119bffc06b494407603bcca0f3e05464d67fc08f39f7944efbcd5c2045e5ee2135da66f97c54096ebc37707f4f0a4c1ed78962b8c5e39d1079951648d807e7ea6049c58114e55e95386c9244fa9280a5a7a20e4a2931 in package com.sec.chaton
W/PackageManager( 2225): Unknown permission android.permission.INTERACT_ACROSS_USERS in package com.sec.chaton
W/PackageManager( 2225): Unknown permission android.permission.INTERACT_ACROSS_USERS_FULL in package com.sec.chaton
W/PackageManager( 2225): Not granting permission android.permission.STATUS_BAR_SERVICE to package com.sec.android.cloudagent.dropboxoobe (protectionLevel=2 flags=0x8be45)
W/PackageManager( 2225): Unknown permission com.facebook.katana.provider.ACCESS in package com.facebook.orca
W/PackageManager( 2225): Unknown permission com.htc.launcher.permission.READ_SETTINGS in package com.facebook.orca
W/PackageManager( 2225): Unknown permission com.htc.launcher.permission.UPDATE_SHORTCUT in package com.facebook.orca
W/PackageManager( 2225): Unknown permission com.sonyericsson.home.permission.BROADCAST_BADGE in package com.facebook.orca
W/PackageManager( 2225): Unknown permission com.facebook.home.permission.WRITE_BADGES in package com.facebook.orca
W/PackageManager( 2225): Unknown permission com.nokia.pushnotifications.permission.RECEIVE in package com.facebook.orca
W/PackageManager( 2225): Unknown permission com.amazon.device.messaging.permission.RECEIVE in package com.facebook.orca
W/PackageManager( 2225): Not granting permission android.permission.SET_ORIENTATION to package com.nekki.shadowfight (protectionLevel=2 flags=0x8be44)
W/PackageManager( 2225): Unknown permission com.google.android.c2dm.permission.REGISTRATION in package com.nekki.shadowfight
W/PackageManager( 2225): Not granting permission android.permission.HARDWARE_TEST to package com.sec.android.app.clockpackage (protectionLevel=2 flags=0x8be45)
W/PackageManager( 2225): Not granting permission android.permission.DEVICE_POWER to package com.sec.android.app.clockpackage (protectionLevel=2 flags=0x8be45)
W/PackageManager( 2225): Not granting permission android.permission.READ_INPUT_STATE to package com.sec.android.app.clockpackage (protectionLevel=2 flags=0x8be45)
W/PackageManager( 2225): Unknown permission android.permission.RECEIVE_SHUTDOWN in package com.sec.android.app.clockpackage
W/PackageManager( 2225): Unknown permission android.permission.SCREEN in package com.sec.android.app.clockpackage
W/PackageManager( 2225): Unknown permission com.sec.android.daemonapp.ap.accuweather.permission.ACCU_DAEMON_ACCESS_INTENT in package com.sec.android.app.clockpackage
W/PackageManager( 2225): Unknown permission com.sec.android.daemonapp.ap.yahoostock.stockclock.permission.YAHOO_DAEMON_ACCESS_INTENT in package com.sec.android.app.clockpackage
W/PackageManager( 2225): Unknown permission com.sec.android.daemonapp.ap.yahoonews.permission.YAHOO_DAEMON_ACCESS_INTENT in package com.sec.android.app.clockpackage
W/PackageManager( 2225): Unknown permission com.sec.android.daemonapp.ap.kweather.permission.KW_DAEMON_ACCESS_INTENT in package com.sec.android.app.clockpackage
W/PackageManager( 2225): Unknown permission com.sec.android.widgetapp.ap.edaily.stockclock.permission.EDAILY_DAEMON_ACCESS_PROVIDER in package com.sec.android.app.clockpackage
W/PackageManager( 2225): Unknown permission com.sec.android.widgetapp.ap.edaily.stockclock.permission.EDAILY_DAEMON_ACCESS_INTENT in package com.sec.android.app.clockpackage
W/PackageManager( 2225): Unknown permission com.sec.android.daemonapp.ap.yonhapnews.permission.YONHAP_DAEMON_ACCESS_PROVIDER in package com.sec.android.app.clockpackage
W/PackageManager( 2225): Unknown permission com.sec.android.widgetapp.ap.yonhapnews.permission.YONHAP_DAEMON_ACCESS_INTENT in package com.sec.android.app.clockpackage
W/PackageManager( 2225): Unknown permission com.sec.android.daemonapp.ap.sinaweather.permission.SINA_DAEMON_ACCESS_INTENT in package com.sec.android.app.clockpackage
W/PackageManager( 2225): Unknown permission com.sec.android.widgetapp.ap.sinastock.stockclock.permission.SINA_DAEMON_ACCESS_PROVIDER in package com.sec.android.app.clockpackage
W/PackageManager( 2225): Unknown permission com.sec.android.widgetapp.ap.sinastock.stockclock.permission.SINA_DAEMON_ACCESS_INTENT in package com.sec.android.app.clockpackage
W/PackageManager( 2225): Unknown permission com.sec.android.daemonapp.ap.sinanews.permission.SINA_DAEMON_ACCESS_PROVIDER in package com.sec.android.app.clockpackage
W/PackageManager( 2225): Unknown permission com.sec.android.widgetapp.ap.sinanews.permission.SINA_DAEMON_ACCESS_INTENT in package com.sec.android.app.clockpackage
W/PackageManager( 2225): Unknown permission com.sprint.permission.SPRINT4G in package com.android.systemui
W/PackageManager( 2225): Unknown permission com.sec.android.app.clockpackage.permission.READ_ALARM in package com.samsung.sec.android.application.csc
W/PackageManager( 2225): Unknown permission com.sec.android.app.clockpackage.permission.WRITE_ALARM in package com.samsung.sec.android.application.csc
W/PackageManager( 2225): Unknown permission android.permission.ACCESS_DEV_STORAGE in package com.sec.android.app.videoplayer
W/PackageManager( 2225): Unknown permission com.sec.android.permission.READ_MEMO in package com.sec.android.app.DataCreate
W/PackageManager( 2225): Unknown permission com.sec.android.permission.WRITE_MEMO in package com.sec.android.app.DataCreate
W/PackageManager( 2225): Unknown permission com.sec.android.widgetapp.q1_penmemo.permission.READ in package com.sec.android.app.DataCreate
W/PackageManager( 2225): Unknown permission com.sec.android.widgetapp.q1_penmemo.permission.WRITE in package com.sec.android.app.DataCreate
W/PackageManager( 2225): Unknown permission com.infraware.provider.SNoteProvider.permission.READ in package com.sec.android.app.DataCreate
W/PackageManager( 2225): Unknown permission com.infraware.provider.SNoteProvider.permission.WRITE in package com.sec.android.app.DataCreate
W/PackageManager( 2225): Unknown permission android.permission.MANAGE_DOCUMENTS in package com.delphicoder.flud
W/PackageManager( 2225): Unknown permission android.permission.MANAGE_DOCUMENTS in package com.google.android.youtube
W/PackageManager( 2225): Unknown permission com.infraware.provider.SNoteProvider.permission.READ in package com.sec.android.Kies
W/PackageManager( 2225): Unknown permission com.infraware.provider.SNoteProvider.permission.WRITE in package com.sec.android.Kies
W/PackageManager( 2225): Not granting permission android.permission.BROADCAST_PACKAGE_REMOVED to package com.sec.android.contextaware (protectionLevel=2 flags=0x8be45)
W/PackageManager( 2225): Unknown permission android.permission.READ_OWNER_DATA in package com.axis.mobile
W/PackageManager( 2225): Unknown permission android.permission.INTERACT_ACROSS_USERS_FULL in package com.axis.mobile
D/dalvikvm( 2225): GC_CONCURRENT freed 1389K, 19% free 14164K/17415K, paused 2ms+3ms, total 79ms
D/dalvikvm( 2225): WAIT_FOR_CONCURRENT_GC blocked 45ms
D/dalvikvm( 2225): GC_EXPLICIT freed 203K, 20% free 13960K/17415K, paused 2ms+3ms, total 68ms
I/BootTime( 2225): !@Total Package Scan Time:2885
I/BootTime( 2225): !@Total Time Taken:5500
I/SystemServer( 2225): !@endofPackageManager
I/SystemServer( 2225): Account Manager
I/SystemServer( 2225): Content Manager
D/DirEncryptionManager( 2225): Unable to get DirEncryptService instance.
I/ActivityThread( 2225): Pub settings: com.android.providers.settings.SettingsProvider
I/SystemServer( 2225): DirEncryptService.SystemReady
D/DirEncryptService( 2225): Calling systemReady
I/SystemServer( 2225): System Content Providers
I/ActivityThread( 2225): Pub com.android.security: com.android.providers.security.SecurityPoliciesProvider
D/SecurityPoliciesProvider( 2225): Static initialization
I/SystemServer( 2225): Lights Service
I/SystemServer( 2225): Battery Service
D/BatteryService( 2225): Led Charging Settings = true
D/BatteryService( 2225): Led Low Battery Settings = false
D/BatteryService( 2225): update start
D/dalvikvm( 2225): No JNI_OnLoad found in /system/lib/libImmVibeJ.so 0x0, skipping init
I/ImmVibe ( 2225): JOEM_IMMVIBE: Version 3.4.55.8.
I/ImmVibe ( 2225): 
D/BatteryService( 2225): level:41 scale:100 status:3 health:2 present:true voltage: 3749 temperature: 222 technology: Li-ion AC powered:false USB powered:true icon:17303192 invalid charger:0
I/SystemServer( 2225): Vibrator Service
D/PowerManagerService( 2225): Dynamic AutoBrightness is Enabled. mDynamicAutoBrightnessEnabled = true
D/PowerManagerService( 2225): mAutoBrightnessLevels =             15    150    1500    15000
D/PowerManagerService( 2225): mAutoBrightnessHysteresisLevels =     7    75    1000    10000
D/PowerManagerService( 2225): mLcdBacklightValues =               38    90    150    205    255    
D/PowerManagerService( 2225): mValueOfVirtualZeroCandela = 29
D/PowerManagerService( 2225): mLowHysteresisPoints = (0,36),  (0,43),  (10,90),  (100,150),  (1500,205),  (10000,255),  
D/PowerManagerService( 2225): mBrightnessValuePoints = (0,36),  (5,36),  (5,43),  (50,90),  (500,150),  (5000,205),  (15000,230),  (15000,255),  
D/PowerManagerService( 2225): mHighHysteresisPoints = (0,36),  (5,36),  (15,43),  (150,90),  (1500,150),  (15000,205),  (16000,255),  
D/PowerManagerService( 2225): mMinimumExpressiveBrightnessValues = 30, 36, 40, 
D/PowerManagerService( 2225): mAutoBrightnessLevels =             15    150    1500    15000
D/PowerManagerService( 2225): mAutoBrightnessHysteresisLevels =     7    75    1000    10000
D/PowerManagerService( 2225): mLcdBacklightValues =               38    90    150    205    255    
D/PowerManagerService( 2225): mValueOfVirtualZeroCandela = 29
D/PowerManagerService( 2225): mLowHysteresisPoints = (0,36),  (0,43),  (10,90),  (100,150),  (1500,205),  (10000,255),  
D/PowerManagerService( 2225): mBrightnessValuePoints = (0,36),  (5,36),  (5,43),  (50,90),  (500,150),  (5000,205),  (15000,230),  (15000,255),  
D/PowerManagerService( 2225): mHighHysteresisPoints = (0,36),  (5,36),  (15,43),  (150,90),  (1500,150),  (15000,205),  (16000,255),  
D/PowerManagerService( 2225): mMinimumExpressiveBrightnessValues = 30, 36, 40, 
I/PowerManagerService( 2225): fileWriteInt : /sys/class/backlight/panel/auto_brightness  value : 0
D/PowerManagerService( 2225): setScreenOffTimeouts mKeylightDelay=1500 mDimDelay=21500 mScreenOffDelay=7000 mDimScreen=true
E/lights  ( 2225): write_int failed to open /sys/class/sec/sec_touchkey/brightness
E/lights  ( 2225): write_int failed to open /sys/class/sec/sec_touchkey/brightness
E/lights  ( 2225): write_int failed to open /sys/class/leds/keyboard-backlight/brightness
D/lights  ( 2225): LCD : 255 +
D/lights  ( 2225): LCD : 255 -
D/PowerManagerService( 2225): settings DB update : mDynamicAutoBrightnessRatioValueSetting : 0  mDynamicAutoBrightnessRatio : -0.40951008
D/PowerManagerService( 2225): lightSensorChangedLocked value=-1 immediate=true
D/PowerManagerService( 2225): SettingsObserver : update : userActivity()
D/PowerManagerService( 2225): reactivateScreenLocksLocked mProxIgnoredBecauseScreenTurnedOff=false
D/PowerManagerService( 2225): setPowerState : mBootCompleted : false, newState |= ALL_BRIGHT
I/PowerManagerService( 2225): Ulight 0x1->0xf|0x0
I/PowerManagerService( 2225): Light Animator Finished currentValue=255
D/PowerManagerService( 2225): setPowerState : mBootCompleted : false, newState |= ALL_BRIGHT
D/PowerManagerService( 2225): setScreenOffTimeouts mKeylightDelay=1500 mDimDelay=21500 mScreenOffDelay=7000 mDimScreen=true
D/PowerManagerService( 2225): initSupportedFrequency dvfs 
D/PowerManagerService( 2225): initSupportedFrequency : DVFS : mSupportedFrequency : 1400000
D/PowerManagerService( 2225): initSupportedFrequency : DVFS : mSupportedFrequency : 1300000
D/PowerManagerService( 2225): initSupportedFrequency : DVFS : mSupportedFrequency : 1200000
D/PowerManagerService( 2225): initSupportedFrequency : DVFS : mSupportedFrequency : 1100000
D/PowerManagerService( 2225): initSupportedFrequency : DVFS : mSupportedFrequency : 1000000
D/PowerManagerService( 2225): initSupportedFrequency : DVFS : mSupportedFrequency : 900000
D/PowerManagerService( 2225): initSupportedFrequency : DVFS : mSupportedFrequency : 800000
D/PowerManagerService( 2225): initSupportedFrequency : DVFS : mSupportedFrequency : 700000
D/PowerManagerService( 2225): initSupportedFrequency : DVFS : mSupportedFrequency : 600000
D/PowerManagerService( 2225): initSupportedFrequency : DVFS : mSupportedFrequency : 500000
D/PowerManagerService( 2225): initSupportedFrequency : DVFS : mSupportedFrequency : 400000
D/PowerManagerService( 2225): initSupportedFrequency : DVFS : mSupportedFrequency : 300000
D/PowerManagerService( 2225): initSupportedFrequency : DVFS : mSupportedFrequency : 200000
D/PowerManagerService( 2225): setPowerState : mBootCompleted : false, newState |= ALL_BRIGHT
I/SystemServer( 2225): Alarm Manager
D/AlarmManagerService( 2225): Kernel timezone updated to -330 minutes west of GMT
W/AlarmManager( 2225): FACTORY_ON= 0
W/AlarmManager( 2225): FACTORY_ON= 0
V/AlarmManager( 2225): ___SyncScheduler ACTIVATED___
I/SystemServer( 2225): Init Watchdog
I/SystemServer( 2225): Window Manager
D/dalvikvm( 2225): GC_FOR_ALLOC freed 846K, 18% free 14353K/17415K, paused 63ms, total 63ms
V/WindowManager( 2225): config_windowManagerDefaultRotation = 0
I/InputManager( 2225): Initializing input manager
D/InputDispatcher( 2225): to control touch backlight at bottom
D/InputDispatcher( 2225): setTouchKeyDeviceId : 0xffffffff
D/InputDispatcher( 2225): setTouchscreenId : 0xffffffff
D/InputDispatcher( 2225): setPenId : 0xffffffff
D/InputReader( 2225): Constructor for InputReader()
D/KeyguardViewMediator( 2225): onSimStateChanged: READY
W/StatusBarManager( 2225): warning: no STATUS_BAR_SERVICE
V/SoundPoolThread( 2225): beginThread
V/SoundPoolThread( 2225): run
V/SoundPoolThread( 2225): Got message m=2, mData=1
V/MediaPlayer( 2225): decode(60, 0, 11682)
V/MediaPlayerService( 1870): decode(24, 0, 11682)
V/MediaPlayerService( 1870): player type = 3
V/MediaPlayerService( 1870):  create StagefrightPlayer
V/AwesomePlayer( 1870): setDefault
V/AwesomePlayer( 1870): constructor
V/AwesomePlayer( 1870): setDefault
I/AwesomePlayer( 1870): reset
I/AwesomePlayer( 1870): cancel player events
V/AwesomePlayer( 1870): mAudioTrackVector clear
V/StagefrightPlayer( 1870): StagefrightPlayer
V/AwesomePlayer( 1870): setListener
V/StagefrightPlayer( 1870): initCheck
V/StagefrightPlayer( 1870): setDataSource(24, 0, 11682)
V/AwesomePlayer( 1870): setDataSource (26, 0, 11682)
I/AwesomePlayer( 1870): cancel player events
V/AwesomePlayer( 1870): mAudioTrackVector clear
D/SensorManager( 2225): sensors_get_supported_func
D/SensorManager( 2225): sensors_get_supported_func ret = 5
V/WindowOrientationListener( 2225): support wide tablet 
V/AwesomePlayer( 1870): track of type 'audio/vorbis' does not publish bitrate
V/AwesomePlayer( 1870): mBitrate = -1 bits/sec
W/AwesomePlayer( 1870): couldn't get userdata - Weather
W/AwesomePlayer( 1870): couldn't get userdata - Authorization 
W/AwesomePlayer( 1870): couldn't get userdata - SnapShot 
V/AwesomePlayer( 1870): current audio track index (0) is added to vector
V/AwesomePlayer( 1870): setDataSource_l: Audio(1), Video(0)
I/AwesomePlayer( 1870): AwesomePlayer::setDataSource_l():: This is not a DRM content
V/MediaPlayerService( 1870): prepare
V/AwesomePlayer( 1870): prepareAsync
V/MediaPlayerService( 1870): wait for prepare
V/AwesomePlayer( 1870): onPrepareAsyncEvent
V/AwesomePlayer( 1870): initAudioDecoder()
I/ServiceManager( 1867): Check passed after 11 seconds for android.permission.ACCESS_SURFACE_FLINGER from uid=1000 pid=1878
D/PermissionCache( 1867): checking android.permission.ACCESS_SURFACE_FLINGER for uid=1000 => granted (11003371 us)
D/KeyguardViewMediator( 2225): onScreenTurnedOn, seq = 1
D/WindowManager( 2225): mSetIgnorePWR
I/OMXCodec( 1870): Successfully allocated OMX node 'OMX.google.vorbis.decoder'
V/AwesomePlayer( 1870): notifyListner_l() msg (5-MEDIA_SET_VIDEO_SIZE), ext1 (0), ext2 (0)
V/AudioCache( 1870): notify(0x421d8e08, 5, 0, 0)
V/AudioCache( 1870): ignored
V/AwesomePlayer( 1870): notifyListner_l() msg (1-MEDIA_PREPARED), ext1 (0), ext2 (0)
V/AudioCache( 1870): notify(0x421d8e08, 1, 0, 0)
V/AudioCache( 1870): prepared
V/AudioCache( 1870): wait - success
V/MediaPlayerService( 1870): start
V/StagefrightPlayer( 1870): start
V/AwesomePlayer( 1870): play
V/AwesomePlayer( 1870): AwesomePlayer::play_l():: This is not a DRM content
E/SensorManager( 2225): thread start
D/WindowOrientationListener( 2225): enable register mbSContext: false
V/WindowOrientationListener( 2225): WindowOrientationListener enabled
D/SensorService( 2225): info.rates.add, set DEFAULT_EVENTS_PERIOD
I/iNemoSensor( 2225): enable(): handle(0), en(1), what(0)
D/AkmSensor( 2225): akm_enable_sensor: Accel is enabled. (orien = 0)
I/AkmSensor( 2225): enable_accelerometer, mEnabled = 0, enable = 1
I/AudioPlayer( 1870):  Audioplayer kKeyAudioPCMFormat:1, 1, 0
I/AudioPlayer( 1870):  Audioplayer1 (1, 1)
V/AudioCache( 1870): open(44100, 1, 0x0, 1, 4)
D/iNemoSensor( 2225): enable(): MASK_ACC (1) MASK_MAG (0) MASK_GYR (0)
D/iNemoSensor( 2225): enable(): mEnAcc(1) mEnMag(0) mEnGyr(0)
I/AkmSensor( 2225): enabled = 2, shutdown = 0
I/iNemoSensor( 2225): update_delay wanted_accel = 200000000
D/AkmSensor( 2225): MeasureSNGLoop: interval.interval = 200000000, doze_max = 196000, prms->enabled = 2
V/MediaPlayerService( 1870): wait for playback complete
D/SensorService( 2225): SensorDevice::activate  (enable 1, disable 0) = 1
D/SensorService( 2225): activating sensor enable handle=0 
V/AudioCache( 1870): write(0x421c5200, 2048)
V/AudioCache( 1870): memcpy(0x427e0000, 0x421c5200, 2048)
V/AudioCache( 1870): write(0x421c5200, 2048)
V/AudioCache( 1870): memcpy(0x427e0800, 0x421c5200, 2048)
D/SensorService( 2225): activating sensor enable, Done!
D/SensorService( 2225): SensorDevice::activating sensor handle=0 ns=200000000 
D/iNemoSensor( 2225): setDelay(): handle(0), en(200000000)
I/iNemoSensor( 2225): skip update_delay wanted_accel = 200000000 current delay = 200000000
I/SensorService( 2225): info.selectDelay() ns=66667000  
D/iNemoSensor( 2225): setDelay(): handle(0), en(66667000)
I/iNemoSensor( 2225): update_delay wanted_accel = 66667000
D/SensorService( 2225): SensorDevice::setDelay, Return(true 1, false 0) =  1
D/SensorManager( 2225): registerListener :: handle = 0  name= LSM330DLC 3-axis Accelerometer delay= 66667 Listener= android.view.WindowOrientationListener$SensorEventListenerImpl@41d58918
V/AudioCache( 1870): write(0x421c5200, 2048)
V/AudioCache( 1870): memcpy(0x427e1000, 0x421c5200, 2048)
I/InputManager( 2225): Starting input manager
I/InputManager-JNI( 2225): Setting show hovering feature to enabled.
I/InputReader( 2225): Reconfiguring input devices.  changes=0x00000010
V/BluetoothService.cpp( 2225): initializeNativeDataNative
E/WindowManager( 2225): register TouchIntercepter
I/SystemServer( 2225): Bluetooth Service
V/BluetoothService.cpp( 2225): isEnabledNative
V/AudioCache( 1870): write(0x421c5200, 2048)
V/AudioCache( 1870): memcpy(0x427e1800, 0x421c5200, 2048)
V/AudioCache( 1870): write(0x421c5200, 2048)
V/AudioCache( 1870): memcpy(0x427e2000, 0x421c5200, 2048)
V/AudioCache( 1870): write(0x421c5200, 2048)
V/AudioCache( 1870): memcpy(0x427e2800, 0x421c5200, 2048)
V/AudioCache( 1870): write(0x421c5200, 2048)
V/AudioCache( 1870): memcpy(0x427e3000, 0x421c5200, 2048)
V/AudioCache( 1870): write(0x421c5200, 2048)
V/AudioCache( 1870): memcpy(0x427e3800, 0x421c5200, 2048)
V/AudioCache( 1870): write(0x421c5200, 2048)
V/AudioCache( 1870): memcpy(0x427e4000, 0x421c5200, 2048)
V/AudioCache( 1870): write(0x421c5200, 2048)
V/AudioCache( 1870): memcpy(0x427e4800, 0x421c5200, 2048)
I/BluetoothProfileState( 2225): Message:Entering Stable State
V/AudioCache( 1870): write(0x421c5200, 2048)
V/AudioCache( 1870): memcpy(0x427e5000, 0x421c5200, 2048)
V/AudioCache( 1870): write(0x421c5200, 2048)
V/AudioCache( 1870): memcpy(0x427e5800, 0x421c5200, 2048)
V/AudioCache( 1870): write(0x421c5200, 2048)
V/AudioCache( 1870): memcpy(0x427e6000, 0x421c5200, 2048)
I/BluetoothProfileState( 2225): Message:Entering Stable State
I/BluetoothProfileState( 2225): Message:Entering Stable State
V/AudioCache( 1870): write(0x421c5200, 2048)
V/AudioCache( 1870): memcpy(0x427e6800, 0x421c5200, 2048)
V/AudioCache( 1870): write(0x421c5200, 2048)
V/AudioCache( 1870): memcpy(0x427e7000, 0x421c5200, 2048)
V/AudioCache( 1870): write(0x421c5200, 2048)
V/AudioCache( 1870): memcpy(0x427e7800, 0x421c5200, 2048)
V/AudioCache( 1870): write(0x421c5200, 2048)
V/AudioCache( 1870): memcpy(0x427e8000, 0x421c5200, 2048)
E/OMXCodec( 1870): [OMX.google.vorbis.decoder] err = -1011
V/AudioCache( 1870): write(0x421c5200, 2048)
V/AudioCache( 1870): memcpy(0x427e8800, 0x421c5200, 2048)
V/AudioCache( 1870): write(0x421c5200, 2048)
V/AudioCache( 1870): memcpy(0x427e9000, 0x421c5200, 2048)
V/AudioCache( 1870): write(0x421c5200, 2048)
V/AudioCache( 1870): memcpy(0x427e9800, 0x421c5200, 2048)
V/AudioCache( 1870): write(0x421c5200, 2048)
V/AudioCache( 1870): memcpy(0x427ea000, 0x421c5200, 2048)
D/BluetoothService( 2225): btPANEnable:::false
E/BluetoothService( 2225): mSapAvailable was set to FALSE
V/AudioCache( 1870): write(0x421c5200, 1040)
V/AudioCache( 1870): memcpy(0x427ea800, 0x421c5200, 1040)
V/AwesomePlayer( 1870): MEDIA_PLAYBACK_COMPLETE
V/AwesomePlayer( 1870): notifyListner_l() msg (2-MEDIA_PLAYBACK_COMPLETE), ext1 (0), ext2 (0)
V/AudioCache( 1870): notify(0x421d8e08, 2, 0, 0)
V/AudioCache( 1870): playback complete - thread will wake up later
V/AudioCache( 1870): wait - success
V/StagefrightPlayer( 1870): reset
I/AwesomePlayer( 1870): reset
I/AwesomePlayer( 1870): cancel player events
V/AwesomePlayer( 1870): mAudioTrackVector clear
I/OMXCodec( 1870): [OMX.google.vorbis.decoder] stop() sendCommand(0x2, OMX_CommandStateSet, OMX_StateIdle)
I/OMXCodec( 1870): [OMX.google.vorbis.decoder] stopped in state 1
V/MediaPlayerService( 1870): MediaPlayerService::decode() using fd -
V/StagefrightPlayer( 1870): ~StagefrightPlayer
V/StagefrightPlayer( 1870): reset
I/AwesomePlayer( 1870): reset
I/AwesomePlayer( 1870): cancel player events
V/AwesomePlayer( 1870): mAudioTrackVector clear
I/AwesomePlayer( 1870): reset
I/AwesomePlayer( 1870): cancel player events
V/AwesomePlayer( 1870): mAudioTrackVector clear
V/AwesomePlayer( 1870): ~AwesomePlayer()
V/SoundPoolThread( 2225): Got message m=2, mData=2
V/MediaPlayer( 2225): decode(61, 0, 11684)
V/MediaPlayerService( 1870): decode(24, 0, 11684)
V/MediaPlayerService( 1870): player type = 3
V/MediaPlayerService( 1870):  create StagefrightPlayer
V/AwesomePlayer( 1870): setDefault
V/AwesomePlayer( 1870): constructor
V/AwesomePlayer( 1870): setDefault
I/AwesomePlayer( 1870): reset
I/AwesomePlayer( 1870): cancel player events
V/AwesomePlayer( 1870): mAudioTrackVector clear
V/StagefrightPlayer( 1870): StagefrightPlayer
V/AwesomePlayer( 1870): setListener
V/StagefrightPlayer( 1870): initCheck
V/StagefrightPlayer( 1870): setDataSource(24, 0, 11684)
V/AwesomePlayer( 1870): setDataSource (30, 0, 11684)
I/AwesomePlayer( 1870): cancel player events
V/AwesomePlayer( 1870): mAudioTrackVector clear
V/AwesomePlayer( 1870): track of type 'audio/vorbis' does not publish bitrate
V/AwesomePlayer( 1870): mBitrate = -1 bits/sec
W/AwesomePlayer( 1870): couldn't get userdata - Weather
W/AwesomePlayer( 1870): couldn't get userdata - Authorization 
W/AwesomePlayer( 1870): couldn't get userdata - SnapShot 
V/AwesomePlayer( 1870): current audio track index (0) is added to vector
V/AwesomePlayer( 1870): setDataSource_l: Audio(1), Video(0)
I/AwesomePlayer( 1870): AwesomePlayer::setDataSource_l():: This is not a DRM content
V/MediaPlayerService( 1870): prepare
V/AwesomePlayer( 1870): prepareAsync
V/MediaPlayerService( 1870): wait for prepare
V/AwesomePlayer( 1870): onPrepareAsyncEvent
V/AwesomePlayer( 1870): initAudioDecoder()
I/OMXCodec( 1870): Successfully allocated OMX node 'OMX.google.vorbis.decoder'
V/BluetoothEventLoop.cpp( 2225): initializeNativeDataNative
V/AwesomePlayer( 1870): notifyListner_l() msg (5-MEDIA_SET_VIDEO_SIZE), ext1 (0), ext2 (0)
V/AudioCache( 1870): notify(0x421d8e08, 5, 0, 0)
V/AudioCache( 1870): ignored
V/AwesomePlayer( 1870): notifyListner_l() msg (1-MEDIA_PREPARED), ext1 (0), ext2 (0)
V/AudioCache( 1870): notify(0x421d8e08, 1, 0, 0)
V/AudioCache( 1870): prepared
V/AudioCache( 1870): wait - success
V/MediaPlayerService( 1870): start
V/StagefrightPlayer( 1870): start
V/AwesomePlayer( 1870): play
V/AwesomePlayer( 1870): AwesomePlayer::play_l():: This is not a DRM content
D/BluetoothAdapterStateMachine( 2225): Enter PowerOff: -2
V/BluetoothA2dpService.cpp( 2225): initNative
D/jniAvrcpService( 2225): Registering avrcp class
I/SystemServer( 2225): AvrcpStubService -->
I/SystemServer( 2225): Input Method Service
I/AudioPlayer( 1870):  Audioplayer kKeyAudioPCMFormat:1, 1, 0
I/AudioPlayer( 1870):  Audioplayer1 (1, 1)
V/AudioCache( 1870): open(44100, 1, 0x0, 1, 4)
V/MediaPlayerService( 1870): wait for playback complete
V/AudioCache( 1870): write(0x421c4628, 2048)
V/AudioCache( 1870): memcpy(0x428e0000, 0x421c4628, 2048)
V/AudioCache( 1870): write(0x421c4628, 2048)
V/AudioCache( 1870): memcpy(0x428e0800, 0x421c4628, 2048)
W/InputMethodManagerService( 2225): Couldn't create dir.: /data/system/inputmethod
V/AudioCache( 1870): write(0x421c4628, 2048)
V/AudioCache( 1870): memcpy(0x428e1000, 0x421c4628, 2048)
V/AudioCache( 1870): write(0x421c4628, 2048)
V/AudioCache( 1870): memcpy(0x428e1800, 0x421c4628, 2048)
V/AudioCache( 1870): write(0x421c4628, 2048)
V/AudioCache( 1870): memcpy(0x428e2000, 0x421c4628, 2048)
V/AudioCache( 1870): write(0x421c4628, 2048)
V/AudioCache( 1870): memcpy(0x428e2800, 0x421c4628, 2048)
