V/AudioCache( 1870): memcpy(0x43e7b000, 0x421c4398, 2048)
V/AudioCache( 1870): write(0x421c4398, 2048)
V/AudioCache( 1870): memcpy(0x43e7b800, 0x421c4398, 2048)
V/AudioCache( 1870): write(0x421c4398, 2048)
V/AudioCache( 1870): memcpy(0x43e7c000, 0x421c4398, 2048)
V/AudioCache( 1870): write(0x421c4398, 2048)
V/AudioCache( 1870): memcpy(0x43e7c800, 0x421c4398, 2048)
V/AudioCache( 1870): write(0x421c4398, 2048)
V/AudioCache( 1870): memcpy(0x43e7d000, 0x421c4398, 2048)
D/AlarmManagerService( 2225): Kernel timezone updated to -330 minutes west of GMT
V/AudioCache( 1870): write(0x421c4398, 2048)
V/AudioCache( 1870): memcpy(0x43e7d800, 0x421c4398, 2048)
V/AudioCache( 1870): write(0x421c4398, 2048)
V/AudioCache( 1870): memcpy(0x43e7e000, 0x421c4398, 2048)
V/AudioCache( 1870): write(0x421c4398, 2048)
V/AudioCache( 1870): memcpy(0x43e7e800, 0x421c4398, 2048)
V/AudioCache( 1870): write(0x421c4398, 2048)
V/AudioCache( 1870): memcpy(0x43e7f000, 0x421c4398, 2048)
V/AudioCache( 1870): write(0x421c4398, 2048)
V/AudioCache( 1870): memcpy(0x43e7f800, 0x421c4398, 2048)
V/AudioCache( 1870): write(0x421c4398, 2048)
V/AudioCache( 1870): memcpy(0x43e80000, 0x421c4398, 2048)
D/UsbDeviceManager( 2225): sending intent : ACTION_USB_CABLE_STATE : connected = true
D/UsbDeviceManager( 2225): sending intent : ACTION_USB_STATE : connected = true, configured = true, functions = ptp,adb
V/AudioCache( 1870): write(0x421c4398, 2048)
V/AudioCache( 1870): memcpy(0x43e80800, 0x421c4398, 2048)
V/AudioCache( 1870): write(0x421c4398, 2048)
V/AudioCache( 1870): memcpy(0x43e81000, 0x421c4398, 2048)
V/AudioCache( 1870): write(0x421c4398, 2048)
V/AudioCache( 1870): memcpy(0x43e81800, 0x421c4398, 2048)
V/AudioCache( 1870): write(0x421c4398, 2048)
V/AudioCache( 1870): memcpy(0x43e82000, 0x421c4398, 2048)
E/OMXCodec( 1870): [OMX.google.vorbis.decoder] err = -1011
I/IccCard ( 2763): handleMessage: 101
V/AudioCache( 1870): write(0x421c4398, 2048)
V/AudioCache( 1870): memcpy(0x43e82800, 0x421c4398, 2048)
V/AudioCache( 1870): write(0x421c4398, 1990)
V/AudioCache( 1870): memcpy(0x43e83000, 0x421c4398, 1990)
V/AwesomePlayer( 1870): MEDIA_PLAYBACK_COMPLETE
V/AwesomePlayer( 1870): notifyListner_l() msg (2-MEDIA_PLAYBACK_COMPLETE), ext1 (0), ext2 (0)
V/AudioCache( 1870): notify(0x41c37d20, 2, 0, 0)
V/AudioCache( 1870): playback complete - thread will wake up later
V/AudioCache( 1870): wait - success
V/StagefrightPlayer( 1870): reset
I/AwesomePlayer( 1870): reset
I/AwesomePlayer( 1870): cancel player events
V/AwesomePlayer( 1870): mAudioTrackVector clear
I/OMXCodec( 1870): [OMX.google.vorbis.decoder] stop() sendCommand(0x12, OMX_CommandStateSet, OMX_StateIdle)
I/OMXCodec( 1870): [OMX.google.vorbis.decoder] stopped in state 1
V/MediaPlayerService( 1870): MediaPlayerService::decode() using fd -
V/StagefrightPlayer( 1870): ~StagefrightPlayer
V/StagefrightPlayer( 1870): reset
I/AwesomePlayer( 1870): reset
I/AwesomePlayer( 1870): cancel player events
V/AwesomePlayer( 1870): mAudioTrackVector clear
I/AwesomePlayer( 1870): reset
I/AwesomePlayer( 1870): cancel player events
V/AwesomePlayer( 1870): mAudioTrackVector clear
V/AwesomePlayer( 1870): ~AwesomePlayer()
V/SoundPoolThread( 2225): Got message m=2, mData=6
V/MediaPlayer( 2225): decode(316, 0, 10951)
V/MediaPlayerService( 1870): decode(42, 0, 10951)
V/MediaPlayerService( 1870): player type = 3
V/MediaPlayerService( 1870):  create StagefrightPlayer
V/AwesomePlayer( 1870): setDefault
V/AwesomePlayer( 1870): constructor
V/AwesomePlayer( 1870): setDefault
I/AwesomePlayer( 1870): reset
I/AwesomePlayer( 1870): cancel player events
V/AwesomePlayer( 1870): mAudioTrackVector clear
V/StagefrightPlayer( 1870): StagefrightPlayer
V/AwesomePlayer( 1870): setListener
V/StagefrightPlayer( 1870): initCheck
V/StagefrightPlayer( 1870): setDataSource(42, 0, 10951)
V/AwesomePlayer( 1870): setDataSource (50, 0, 10951)
I/AwesomePlayer( 1870): cancel player events
V/AwesomePlayer( 1870): mAudioTrackVector clear
V/AwesomePlayer( 1870): track of type 'audio/vorbis' does not publish bitrate
V/AwesomePlayer( 1870): mBitrate = -1 bits/sec
W/AwesomePlayer( 1870): couldn't get userdata - Weather
W/AwesomePlayer( 1870): couldn't get userdata - Authorization 
W/AwesomePlayer( 1870): couldn't get userdata - SnapShot 
V/AwesomePlayer( 1870): current audio track index (0) is added to vector
V/AwesomePlayer( 1870): setDataSource_l: Audio(1), Video(0)
I/AwesomePlayer( 1870): AwesomePlayer::setDataSource_l():: This is not a DRM content
V/MediaPlayerService( 1870): prepare
V/AwesomePlayer( 1870): prepareAsync
V/MediaPlayerService( 1870): wait for prepare
V/AwesomePlayer( 1870): onPrepareAsyncEvent
V/AwesomePlayer( 1870): initAudioDecoder()
I/IccCard ( 2763): handleMessage: 104
I/IccCard ( 2763): EVENT_SIM_PIN2_LOCK_INFO_DONE
I/SimLockInfoResult( 2763): num:1, lockType:3, lock_key:0, numRetry:4
I/SimLockInfoResult( 2763): NOT_NEED numRetry: 4
I/IccCard ( 2763): handleMessage: 103
I/IccCard ( 2763): EVENT_SIM_PIN_LOCK_INFO_DONE
I/SimLockInfoResult( 2763): num:1, lockType:3, lock_key:0, numRetry:4
I/SimLockInfoResult( 2763): NOT_NEED numRetry: 4
I/OMXCodec( 1870): Successfully allocated OMX node 'OMX.google.vorbis.decoder'
D/Launcher( 2825): onTrimMemory. Level: 15
D/Launcher( 2825): onTrimMemory. Level: 15
V/AwesomePlayer( 1870): notifyListner_l() msg (5-MEDIA_SET_VIDEO_SIZE), ext1 (0), ext2 (0)
V/AudioCache( 1870): notify(0x41c37d20, 5, 0, 0)
V/AudioCache( 1870): ignored
V/AwesomePlayer( 1870): notifyListner_l() msg (1-MEDIA_PREPARED), ext1 (0), ext2 (0)
V/AudioCache( 1870): notify(0x41c37d20, 1, 0, 0)
V/AudioCache( 1870): prepared
V/AudioCache( 1870): wait - success
V/MediaPlayerService( 1870): start
V/StagefrightPlayer( 1870): start
V/AwesomePlayer( 1870): play
V/AwesomePlayer( 1870): AwesomePlayer::play_l():: This is not a DRM content
W/AlarmManager( 2225): FACTORY_ON= 0
I/AudioPlayer( 1870):  Audioplayer kKeyAudioPCMFormat:1, 1, 0
I/AudioPlayer( 1870):  Audioplayer1 (1, 1)
V/AudioCache( 1870): open(44100, 1, 0x0, 1, 4)
V/MediaPlayerService( 1870): wait for playback complete
V/AudioCache( 1870): write(0x420dd560, 2048)
V/AudioCache( 1870): memcpy(0x43f77000, 0x420dd560, 2048)
V/AudioCache( 1870): write(0x420dd560, 2048)
V/AudioCache( 1870): memcpy(0x43f77800, 0x420dd560, 2048)
V/AudioCache( 1870): write(0x420dd560, 2048)
V/AudioCache( 1870): memcpy(0x43f78000, 0x420dd560, 2048)
V/AudioCache( 1870): write(0x420dd560, 2048)
V/AudioCache( 1870): memcpy(0x43f78800, 0x420dd560, 2048)
V/AudioCache( 1870): write(0x420dd560, 2048)
V/AudioCache( 1870): memcpy(0x43f79000, 0x420dd560, 2048)
V/AudioCache( 1870): write(0x420dd560, 2048)
V/AudioCache( 1870): memcpy(0x43f79800, 0x420dd560, 2048)
D/Launcher.Model( 2825): bound workspace in 588ms
V/AudioCache( 1870): write(0x420dd560, 2048)
V/AudioCache( 1870): memcpy(0x43f7a000, 0x420dd560, 2048)
V/AudioCache( 1870): write(0x420dd560, 2048)
V/AudioCache( 1870): memcpy(0x43f7a800, 0x420dd560, 2048)
V/AudioCache( 1870): write(0x420dd560, 2048)
V/AudioCache( 1870): memcpy(0x43f7b000, 0x420dd560, 2048)
V/AudioCache( 1870): write(0x420dd560, 2048)
V/AudioCache( 1870): memcpy(0x43f7b800, 0x420dd560, 2048)
V/AudioCache( 1870): write(0x420dd560, 2048)
V/AudioCache( 1870): memcpy(0x43f7c000, 0x420dd560, 2048)
V/AudioCache( 1870): write(0x420dd560, 2048)
V/AudioCache( 1870): memcpy(0x43f7c800, 0x420dd560, 2048)
V/AudioCache( 1870): write(0x420dd560, 2048)
V/AudioCache( 1870): memcpy(0x43f7d000, 0x420dd560, 2048)
V/AudioCache( 1870): write(0x420dd560, 2048)
V/AudioCache( 1870): memcpy(0x43f7d800, 0x420dd560, 2048)
V/AudioCache( 1870): write(0x420dd560, 2048)
V/AudioCache( 1870): memcpy(0x43f7e000, 0x420dd560, 2048)
V/AudioCache( 1870): write(0x420dd560, 2048)
V/AudioCache( 1870): memcpy(0x43f7e800, 0x420dd560, 2048)
V/AudioCache( 1870): write(0x420dd560, 2048)
V/AudioCache( 1870): memcpy(0x43f7f000, 0x420dd560, 2048)
V/AudioCache( 1870): write(0x420dd560, 2048)
V/AudioCache( 1870): memcpy(0x43f7f800, 0x420dd560, 2048)
V/AudioCache( 1870): write(0x420dd560, 2048)
V/AudioCache( 1870): memcpy(0x43f80000, 0x420dd560, 2048)
V/AudioCache( 1870): write(0x420dd560, 2048)
V/AudioCache( 1870): memcpy(0x43f80800, 0x420dd560, 2048)
V/AudioCache( 1870): write(0x420dd560, 2048)
V/AudioCache( 1870): memcpy(0x43f81000, 0x420dd560, 2048)
V/AudioCache( 1870): write(0x420dd560, 2048)
V/AudioCache( 1870): memcpy(0x43f81800, 0x420dd560, 2048)
V/AudioCache( 1870): write(0x420dd560, 2048)
V/AudioCache( 1870): memcpy(0x43f82000, 0x420dd560, 2048)
V/AudioCache( 1870): write(0x420dd560, 2048)
V/AudioCache( 1870): memcpy(0x43f82800, 0x420dd560, 2048)
V/AudioCache( 1870): write(0x420dd560, 2048)
V/AudioCache( 1870): memcpy(0x43f83000, 0x420dd560, 2048)
V/AudioCache( 1870): write(0x420dd560, 2048)
V/AudioCache( 1870): memcpy(0x43f83800, 0x420dd560, 2048)
V/AudioCache( 1870): write(0x420dd560, 2048)
V/AudioCache( 1870): memcpy(0x43f84000, 0x420dd560, 2048)
V/AudioCache( 1870): write(0x420dd560, 2048)
V/AudioCache( 1870): memcpy(0x43f84800, 0x420dd560, 2048)
W/AlarmManager( 2225): FACTORY_ON= 0
W/AlarmManager( 2225): FACTORY_ON= 0
V/AudioCache( 1870): write(0x420dd560, 2048)
V/AudioCache( 1870): memcpy(0x43f85000, 0x420dd560, 2048)
V/AudioCache( 1870): write(0x420dd560, 2048)
V/AudioCache( 1870): memcpy(0x43f85800, 0x420dd560, 2048)
V/AudioCache( 1870): write(0x420dd560, 2048)
V/AudioCache( 1870): memcpy(0x43f86000, 0x420dd560, 2048)
V/AudioCache( 1870): write(0x420dd560, 2048)
V/AudioCache( 1870): memcpy(0x43f86800, 0x420dd560, 2048)
V/AudioCache( 1870): write(0x420dd560, 2048)
V/AudioCache( 1870): memcpy(0x43f87000, 0x420dd560, 2048)
V/AudioCache( 1870): write(0x420dd560, 2048)
V/AudioCache( 1870): memcpy(0x43f87800, 0x420dd560, 2048)
V/AudioCache( 1870): write(0x420dd560, 2048)
V/AudioCache( 1870): memcpy(0x43f88000, 0x420dd560, 2048)
V/AudioCache( 1870): write(0x420dd560, 2048)
V/AudioCache( 1870): memcpy(0x43f88800, 0x420dd560, 2048)
E/OMXCodec( 1870): [OMX.google.vorbis.decoder] err = -1011
V/AudioCache( 1870): write(0x420dd560, 2048)
V/AudioCache( 1870): memcpy(0x43f89000, 0x420dd560, 2048)
V/AudioCache( 1870): write(0x420dd560, 2048)
V/AudioCache( 1870): memcpy(0x43f89800, 0x420dd560, 2048)
V/AudioCache( 1870): write(0x420dd560, 2048)
V/AudioCache( 1870): memcpy(0x43f8a000, 0x420dd560, 2048)
V/AudioCache( 1870): write(0x420dd560, 2048)
V/AudioCache( 1870): memcpy(0x43f8a800, 0x420dd560, 2048)
V/AudioCache( 1870): write(0x420dd560, 1124)
V/AudioCache( 1870): memcpy(0x43f8b000, 0x420dd560, 1124)
V/AwesomePlayer( 1870): MEDIA_PLAYBACK_COMPLETE
V/AwesomePlayer( 1870): notifyListner_l() msg (2-MEDIA_PLAYBACK_COMPLETE), ext1 (0), ext2 (0)
V/AudioCache( 1870): notify(0x41c37d20, 2, 0, 0)
V/AudioCache( 1870): playback complete - thread will wake up later
V/AudioCache( 1870): wait - success
V/StagefrightPlayer( 1870): reset
I/AwesomePlayer( 1870): reset
I/AwesomePlayer( 1870): cancel player events
V/AwesomePlayer( 1870): mAudioTrackVector clear
I/OMXCodec( 1870): [OMX.google.vorbis.decoder] stop() sendCommand(0x13, OMX_CommandStateSet, OMX_StateIdle)
I/OMXCodec( 1870): [OMX.google.vorbis.decoder] stopped in state 1
V/MediaPlayerService( 1870): MediaPlayerService::decode() using fd -
V/StagefrightPlayer( 1870): ~StagefrightPlayer
V/StagefrightPlayer( 1870): reset
I/AwesomePlayer( 1870): reset
I/AwesomePlayer( 1870): cancel player events
V/AwesomePlayer( 1870): mAudioTrackVector clear
I/AwesomePlayer( 1870): reset
I/AwesomePlayer( 1870): cancel player events
V/AwesomePlayer( 1870): mAudioTrackVector clear
V/AwesomePlayer( 1870): ~AwesomePlayer()
V/SoundPoolThread( 2225): Got message m=2, mData=7
V/MediaPlayer( 2225): decode(317, 0, 10584)
V/MediaPlayerService( 1870): decode(42, 0, 10584)
V/MediaPlayerService( 1870): player type = 3
V/MediaPlayerService( 1870):  create StagefrightPlayer
V/AwesomePlayer( 1870): setDefault
V/AwesomePlayer( 1870): constructor
V/AwesomePlayer( 1870): setDefault
I/AwesomePlayer( 1870): reset
I/AwesomePlayer( 1870): cancel player events
V/AwesomePlayer( 1870): mAudioTrackVector clear
V/StagefrightPlayer( 1870): StagefrightPlayer
V/AwesomePlayer( 1870): setListener
V/StagefrightPlayer( 1870): initCheck
V/StagefrightPlayer( 1870): setDataSource(42, 0, 10584)
V/AwesomePlayer( 1870): setDataSource (51, 0, 10584)
I/AwesomePlayer( 1870): cancel player events
V/AwesomePlayer( 1870): mAudioTrackVector clear
V/AwesomePlayer( 1870): track of type 'audio/vorbis' does not publish bitrate
V/AwesomePlayer( 1870): mBitrate = -1 bits/sec
W/AwesomePlayer( 1870): couldn't get userdata - Weather
W/AwesomePlayer( 1870): couldn't get userdata - Authorization 
W/AwesomePlayer( 1870): couldn't get userdata - SnapShot 
V/AwesomePlayer( 1870): current audio track index (0) is added to vector
V/AwesomePlayer( 1870): setDataSource_l: Audio(1), Video(0)
I/AwesomePlayer( 1870): AwesomePlayer::setDataSource_l():: This is not a DRM content
V/MediaPlayerService( 1870): prepare
V/AwesomePlayer( 1870): prepareAsync
V/MediaPlayerService( 1870): wait for prepare
V/AwesomePlayer( 1870): onPrepareAsyncEvent
V/AwesomePlayer( 1870): initAudioDecoder()
I/OMXCodec( 1870): Successfully allocated OMX node 'OMX.google.vorbis.decoder'
V/AwesomePlayer( 1870): notifyListner_l() msg (5-MEDIA_SET_VIDEO_SIZE), ext1 (0), ext2 (0)
V/AudioCache( 1870): notify(0x41c37d20, 5, 0, 0)
V/AudioCache( 1870): ignored
V/AwesomePlayer( 1870): notifyListner_l() msg (1-MEDIA_PREPARED), ext1 (0), ext2 (0)
V/AudioCache( 1870): notify(0x41c37d20, 1, 0, 0)
V/AudioCache( 1870): prepared
V/AudioCache( 1870): wait - success
V/MediaPlayerService( 1870): start
V/StagefrightPlayer( 1870): start
V/AwesomePlayer( 1870): play
V/AwesomePlayer( 1870): AwesomePlayer::play_l():: This is not a DRM content
W/ResourceType( 2610): Attempt to retrieve bag 0x01030068 which is invalid or in a cycle.
I/AudioPlayer( 1870):  Audioplayer kKeyAudioPCMFormat:1, 1, 0
I/AudioPlayer( 1870):  Audioplayer1 (1, 1)
V/AudioCache( 1870): open(44100, 1, 0x0, 1, 4)
W/ResourceType( 2610): Attempt to retrieve bag 0x01030067 which is invalid or in a cycle.
V/MediaPlayerService( 1870): wait for playback complete
V/AudioCache( 1870): write(0x420dd560, 2048)
V/AudioCache( 1870): memcpy(0x44077000, 0x420dd560, 2048)
V/AudioCache( 1870): write(0x420dd560, 2048)
V/AudioCache( 1870): memcpy(0x44077800, 0x420dd560, 2048)
V/AudioCache( 1870): write(0x420dd560, 2048)
V/AudioCache( 1870): memcpy(0x44078000, 0x420dd560, 2048)
V/AudioCache( 1870): write(0x420dd560, 2048)
V/AudioCache( 1870): memcpy(0x44078800, 0x420dd560, 2048)
V/AudioCache( 1870): write(0x420dd560, 2048)
V/AudioCache( 1870): memcpy(0x44079000, 0x420dd560, 2048)
V/AudioCache( 1870): write(0x420dd560, 2048)
V/AudioCache( 1870): memcpy(0x44079800, 0x420dd560, 2048)
V/AudioCache( 1870): write(0x420dd560, 2048)
V/AudioCache( 1870): memcpy(0x4407a000, 0x420dd560, 2048)
V/AudioCache( 1870): write(0x420dd560, 2048)
V/AudioCache( 1870): memcpy(0x4407a800, 0x420dd560, 2048)
V/AudioCache( 1870): write(0x420dd560, 2048)
V/AudioCache( 1870): memcpy(0x4407b000, 0x420dd560, 2048)
V/AudioCache( 1870): write(0x420dd560, 2048)
V/AudioCache( 1870): memcpy(0x4407b800, 0x420dd560, 2048)
V/AudioCache( 1870): write(0x420dd560, 2048)
V/AudioCache( 1870): memcpy(0x4407c000, 0x420dd560, 2048)
V/AudioCache( 1870): write(0x420dd560, 2048)
V/AudioCache( 1870): memcpy(0x4407c800, 0x420dd560, 2048)
V/AudioCache( 1870): write(0x420dd560, 2048)
V/AudioCache( 1870): memcpy(0x4407d000, 0x420dd560, 2048)
V/AudioCache( 1870): write(0x420dd560, 2048)
V/AudioCache( 1870): memcpy(0x4407d800, 0x420dd560, 2048)
V/AudioCache( 1870): write(0x420dd560, 2048)
V/AudioCache( 1870): memcpy(0x4407e000, 0x420dd560, 2048)
V/AudioCache( 1870): write(0x420dd560, 2048)
V/AudioCache( 1870): memcpy(0x4407e800, 0x420dd560, 2048)
V/AudioCache( 1870): write(0x420dd560, 2048)
V/AudioCache( 1870): memcpy(0x4407f000, 0x420dd560, 2048)
V/AudioCache( 1870): write(0x420dd560, 2048)
V/AudioCache( 1870): memcpy(0x4407f800, 0x420dd560, 2048)
D/StatusBar( 2610): expanding top notification at 0entry.userCollapsed() = false
V/AudioCache( 1870): write(0x420dd560, 2048)
V/AudioCache( 1870): memcpy(0x44080000, 0x420dd560, 2048)
V/AudioCache( 1870): write(0x420dd560, 2048)
V/AudioCache( 1870): memcpy(0x44080800, 0x420dd560, 2048)
E/OMXCodec( 1870): [OMX.google.vorbis.decoder] err = -1011
V/AudioCache( 1870): write(0x420dd560, 2048)
V/AudioCache( 1870): memcpy(0x44081000, 0x420dd560, 2048)
V/AudioCache( 1870): write(0x420dd560, 2048)
V/AudioCache( 1870): memcpy(0x44081800, 0x420dd560, 2048)
V/AudioCache( 1870): write(0x420dd560, 2048)
V/AudioCache( 1870): memcpy(0x44082000, 0x420dd560, 2048)
V/AudioCache( 1870): write(0x420dd560, 2048)
V/AudioCache( 1870): memcpy(0x44082800, 0x420dd560, 2048)
V/AudioCache( 1870): write(0x420dd560, 106)
V/AudioCache( 1870): memcpy(0x44083000, 0x420dd560, 106)
V/AwesomePlayer( 1870): MEDIA_PLAYBACK_COMPLETE
V/AwesomePlayer( 1870): notifyListner_l() msg (2-MEDIA_PLAYBACK_COMPLETE), ext1 (0), ext2 (0)
V/AudioCache( 1870): notify(0x41c37d20, 2, 0, 0)
V/AudioCache( 1870): playback complete - thread will wake up later
V/AudioCache( 1870): wait - success
V/StagefrightPlayer( 1870): reset
W/AlarmManager( 2225): FACTORY_ON= 0
I/AwesomePlayer( 1870): reset
I/AwesomePlayer( 1870): cancel player events
V/AwesomePlayer( 1870): mAudioTrackVector clear
I/OMXCodec( 1870): [OMX.google.vorbis.decoder] stop() sendCommand(0x14, OMX_CommandStateSet, OMX_StateIdle)
I/OMXCodec( 1870): [OMX.google.vorbis.decoder] stopped in state 1
V/MediaPlayerService( 1870): MediaPlayerService::decode() using fd -
V/StagefrightPlayer( 1870): ~StagefrightPlayer
V/StagefrightPlayer( 1870): reset
I/AwesomePlayer( 1870): reset
I/AwesomePlayer( 1870): cancel player events
V/AwesomePlayer( 1870): mAudioTrackVector clear
I/AwesomePlayer( 1870): reset
I/AwesomePlayer( 1870): cancel player events
V/AwesomePlayer( 1870): mAudioTrackVector clear
V/AwesomePlayer( 1870): ~AwesomePlayer()
V/SoundPoolThread( 2225): Got message m=2, mData=8
V/MediaPlayer( 2225): decode(319, 0, 8043)
V/MediaPlayerService( 1870): decode(42, 0, 8043)
V/MediaPlayerService( 1870): player type = 3
V/MediaPlayerService( 1870):  create StagefrightPlayer
V/AwesomePlayer( 1870): setDefault
V/AwesomePlayer( 1870): constructor
V/AwesomePlayer( 1870): setDefault
I/AwesomePlayer( 1870): reset
I/AwesomePlayer( 1870): cancel player events
V/AwesomePlayer( 1870): mAudioTrackVector clear
V/StagefrightPlayer( 1870): StagefrightPlayer
V/AwesomePlayer( 1870): setListener
V/StagefrightPlayer( 1870): initCheck
V/StagefrightPlayer( 1870): setDataSource(42, 0, 8043)
V/AwesomePlayer( 1870): setDataSource (52, 0, 8043)
I/AwesomePlayer( 1870): cancel player events
V/AwesomePlayer( 1870): mAudioTrackVector clear
V/AwesomePlayer( 1870): track of type 'audio/vorbis' does not publish bitrate
V/AwesomePlayer( 1870): mBitrate = -1 bits/sec
W/AwesomePlayer( 1870): couldn't get userdata - Weather
W/AwesomePlayer( 1870): couldn't get userdata - Authorization 
W/AwesomePlayer( 1870): couldn't get userdata - SnapShot 
V/AwesomePlayer( 1870): current audio track index (0) is added to vector
V/AwesomePlayer( 1870): setDataSource_l: Audio(1), Video(0)
I/AwesomePlayer( 1870): AwesomePlayer::setDataSource_l():: This is not a DRM content
V/MediaPlayerService( 1870): prepare
V/AwesomePlayer( 1870): prepareAsync
V/MediaPlayerService( 1870): wait for prepare
W/System.err( 2225): 	at com.android.server.enterprise.EnterpriseDeviceManagerService$2.run(EnterpriseDeviceManagerService.java:770)
W/System.err( 2225): 	at android.os.Handler.handleCallback(Handler.java:615)
W/System.err( 2225): 	at android.os.Handler.dispatchMessage(Handler.java:92)
W/System.err( 2225): 	at android.os.Looper.loop(Looper.java:137)
W/System.err( 2225): 	at android.os.HandlerThread.run(HandlerThread.java:60)
V/AwesomePlayer( 1870): onPrepareAsyncEvent
V/AwesomePlayer( 1870): initAudioDecoder()
D/STATUSBAR-BatteryController( 2610): onReceive() - ACTION_BATTERY_CHANGED
I/OMXCodec( 1870): Successfully allocated OMX node 'OMX.google.vorbis.decoder'
V/AwesomePlayer( 1870): notifyListner_l() msg (5-MEDIA_SET_VIDEO_SIZE), ext1 (0), ext2 (0)
V/AudioCache( 1870): notify(0x41c37d20, 5, 0, 0)
V/AudioCache( 1870): ignored
V/AwesomePlayer( 1870): notifyListner_l() msg (1-MEDIA_PREPARED), ext1 (0), ext2 (0)
V/AudioCache( 1870): notify(0x41c37d20, 1, 0, 0)
V/AudioCache( 1870): prepared
V/AudioCache( 1870): wait - success
V/MediaPlayerService( 1870): start
V/StagefrightPlayer( 1870): start
V/AwesomePlayer( 1870): play
V/AwesomePlayer( 1870): AwesomePlayer::play_l():: This is not a DRM content
D/ApplicationPolicy( 2225): isStatusBarNotificationAllowed: packageName = com.android.phone
D/STATUSBAR-BatteryController( 2610): onReceive() - level:41
D/STATUSBAR-BatteryController( 2610): onReceive() - plugged:2
D/STATUSBAR-BatteryController( 2610): onReceive() - BATTERY_STATUS_DISCHARGING: tw_stat_sys_battery_usb_not_charge
D/ClockWidget( 2225): received MISSED_EVENT intent !! 
I/AudioPlayer( 1870):  Audioplayer kKeyAudioPCMFormat:1, 1, 0
I/AudioPlayer( 1870):  Audioplayer1 (1, 1)
V/AudioCache( 1870): open(44100, 1, 0x0, 1, 4)
V/AudioCache( 1870): write(0x41b7e010, 2048)
V/AudioCache( 1870): memcpy(0x44177000, 0x41b7e010, 2048)
V/MediaPlayerService( 1870): wait for playback complete
V/AudioCache( 1870): write(0x41b7e010, 2048)
V/AudioCache( 1870): memcpy(0x44177800, 0x41b7e010, 2048)
V/AudioCache( 1870): write(0x41b7e010, 2048)
V/AudioCache( 1870): memcpy(0x44178000, 0x41b7e010, 2048)
V/AudioCache( 1870): write(0x41b7e010, 2048)
V/AudioCache( 1870): memcpy(0x44178800, 0x41b7e010, 2048)
D/STATUSBAR-NotificationService( 2225): Noti Alert - mSystemReady:true, AlertEnabled:true
V/AudioCache( 1870): write(0x41b7e010, 2048)
V/AudioCache( 1870): memcpy(0x44179000, 0x41b7e010, 2048)
V/AudioCache( 1870): write(0x41b7e010, 2048)
V/AudioCache( 1870): memcpy(0x44179800, 0x41b7e010, 2048)
V/AudioCache( 1870): write(0x41b7e010, 2048)
V/AudioCache( 1870): memcpy(0x4417a000, 0x41b7e010, 2048)
V/AudioCache( 1870): write(0x41b7e010, 2048)
V/AudioCache( 1870): memcpy(0x4417a800, 0x41b7e010, 2048)
V/AudioCache( 1870): write(0x41b7e010, 2048)
V/AudioCache( 1870): memcpy(0x4417b000, 0x41b7e010, 2048)
D/ClockWidget( 2225): refreshTime()
V/AudioCache( 1870): write(0x41b7e010, 2048)
V/AudioCache( 1870): memcpy(0x4417b800, 0x41b7e010, 2048)
V/AudioCache( 1870): write(0x41b7e010, 2048)
V/AudioCache( 1870): memcpy(0x4417c000, 0x41b7e010, 2048)
V/AudioCache( 1870): write(0x41b7e010, 2048)
V/AudioCache( 1870): memcpy(0x4417c800, 0x41b7e010, 2048)
E/OMXCodec( 1870): [OMX.google.vorbis.decoder] err = -1011
V/AudioCache( 1870): write(0x41b7e010, 2048)
V/AudioCache( 1870): memcpy(0x4417d000, 0x41b7e010, 2048)
V/AudioCache( 1870): write(0x41b7e010, 2048)
V/AudioCache( 1870): memcpy(0x4417d800, 0x41b7e010, 2048)
V/AudioCache( 1870): write(0x41b7e010, 2048)
V/AudioCache( 1870): memcpy(0x4417e000, 0x41b7e010, 2048)
V/AudioCache( 1870): write(0x41b7e010, 2048)
V/AudioCache( 1870): memcpy(0x4417e800, 0x41b7e010, 2048)
V/AudioCache( 1870): write(0x41b7e010, 2048)
V/AudioCache( 1870): memcpy(0x4417f000, 0x41b7e010, 2048)
V/AudioCache( 1870): write(0x41b7e010, 2048)
V/AudioCache( 1870): memcpy(0x4417f800, 0x41b7e010, 2048)
V/AudioCache( 1870): write(0x41b7e010, 2048)
V/AudioCache( 1870): memcpy(0x44180000, 0x41b7e010, 2048)
V/AwesomePlayer( 1870): MEDIA_PLAYBACK_COMPLETE
V/AwesomePlayer( 1870): notifyListner_l() msg (2-MEDIA_PLAYBACK_COMPLETE), ext1 (0), ext2 (0)
V/AudioCache( 1870): notify(0x41c37d20, 2, 0, 0)
V/AudioCache( 1870): playback complete - thread will wake up later
V/AudioCache( 1870): write(0x41b7e010, 134)
V/AudioCache( 1870): memcpy(0x44180800, 0x41b7e010, 134)
V/AudioCache( 1870): wait - success
V/StagefrightPlayer( 1870): reset
I/AwesomePlayer( 1870): reset
I/AwesomePlayer( 1870): cancel player events
V/AwesomePlayer( 1870): mAudioTrackVector clear
I/OMXCodec( 1870): [OMX.google.vorbis.decoder] stop() sendCommand(0x15, OMX_CommandStateSet, OMX_StateIdle)
I/OMXCodec( 1870): [OMX.google.vorbis.decoder] stopped in state 1
I/IccCard ( 2763): handleMessage: 105
I/IccCard ( 2763): EVENT_SIM_PIN_LOCK_INFO_REFRESH_DONE
I/IccCard ( 2763): handleMessage: 1012
I/IccCard ( 2763): restore handleMessage: 12
V/MediaPlayerService( 1870): MediaPlayerService::decode() using fd -
V/StagefrightPlayer( 1870): ~StagefrightPlayer
V/StagefrightPlayer( 1870): reset
I/AwesomePlayer( 1870): reset
I/AwesomePlayer( 1870): cancel player events
V/AwesomePlayer( 1870): mAudioTrackVector clear
I/AwesomePlayer( 1870): reset
I/AwesomePlayer( 1870): cancel player events
V/AwesomePlayer( 1870): mAudioTrackVector clear
V/AwesomePlayer( 1870): ~AwesomePlayer()
V/SoundPoolThread( 2225): Got message m=2, mData=9
V/MediaPlayer( 2225): decode(323, 0, 8350)
V/MediaPlayerService( 1870): decode(42, 0, 8350)
V/MediaPlayerService( 1870): player type = 3
V/MediaPlayerService( 1870):  create StagefrightPlayer
V/AwesomePlayer( 1870): setDefault
V/AwesomePlayer( 1870): constructor
D/ClockWidget( 2225): TTS Message = It is 20 50, Sunday, February 7
V/AwesomePlayer( 1870): setDefault
I/AwesomePlayer( 1870): reset
I/AwesomePlayer( 1870): cancel player events
V/AwesomePlayer( 1870): mAudioTrackVector clear
V/StagefrightPlayer( 1870): StagefrightPlayer
V/AwesomePlayer( 1870): setListener
V/StagefrightPlayer( 1870): initCheck
V/StagefrightPlayer( 1870): setDataSource(42, 0, 8350)
V/AwesomePlayer( 1870): setDataSource (53, 0, 8350)
I/AwesomePlayer( 1870): cancel player events
V/AwesomePlayer( 1870): mAudioTrackVector clear
V/AwesomePlayer( 1870): track of type 'audio/vorbis' does not publish bitrate
V/AwesomePlayer( 1870): mBitrate = -1 bits/sec
W/AwesomePlayer( 1870): couldn't get userdata - Weather
W/AwesomePlayer( 1870): couldn't get userdata - Authorization 
W/AwesomePlayer( 1870): couldn't get userdata - SnapShot 
V/AwesomePlayer( 1870): current audio track index (0) is added to vector
V/AwesomePlayer( 1870): setDataSource_l: Audio(1), Video(0)
I/AwesomePlayer( 1870): AwesomePlayer::setDataSource_l():: This is not a DRM content
V/MediaPlayerService( 1870): prepare
V/AwesomePlayer( 1870): prepareAsync
V/MediaPlayerService( 1870): wait for prepare
V/AwesomePlayer( 1870): onPrepareAsyncEvent
V/AwesomePlayer( 1870): initAudioDecoder()
I/OMXCodec( 1870): Successfully allocated OMX node 'OMX.google.vorbis.decoder'
I/IccCard ( 2763): handleMessage: 101
D/CallNotifier( 2763): onCfiChanged(): false
D/NotificationMgr( 2763): updateCfi(): false
D/NotificationMgr( 2763): updateCfi() : voice = false video = false
V/AwesomePlayer( 1870): notifyListner_l() msg (5-MEDIA_SET_VIDEO_SIZE), ext1 (0), ext2 (0)
V/AudioCache( 1870): notify(0x41c37d20, 5, 0, 0)
V/AudioCache( 1870): ignored
V/AwesomePlayer( 1870): notifyListner_l() msg (1-MEDIA_PREPARED), ext1 (0), ext2 (0)
V/AudioCache( 1870): notify(0x41c37d20, 1, 0, 0)
V/AudioCache( 1870): prepared
V/AudioCache( 1870): wait - success
V/MediaPlayerService( 1870): start
V/StagefrightPlayer( 1870): start
V/AwesomePlayer( 1870): play
V/AwesomePlayer( 1870): AwesomePlayer::play_l():: This is not a DRM content
I/Choreographer( 2610): Skipped 341 frames!  The application may be doing too much work on its main thread.
I/AudioPlayer( 1870):  Audioplayer kKeyAudioPCMFormat:1, 1, 0
I/AudioPlayer( 1870):  Audioplayer1 (1, 1)
V/AudioCache( 1870): open(44100, 1, 0x0, 1, 4)
V/MediaPlayerService( 1870): wait for playback complete
D/WifiService( 2225): New client listening to asynchronous messages
D/ClockWidget( 2225): received MISSED_EVENT intent !! 
V/AudioCache( 1870): write(0x41b7d008, 2048)
V/AudioCache( 1870): memcpy(0x44277000, 0x41b7d008, 2048)
V/AudioCache( 1870): write(0x41b7d008, 2048)
V/AudioCache( 1870): memcpy(0x44277800, 0x41b7d008, 2048)
V/AudioCache( 1870): write(0x41b7d008, 2048)
V/AudioCache( 1870): memcpy(0x44278000, 0x41b7d008, 2048)
V/LockPatternKeyguardView( 2225): *** dispatchDraw() time: 27575
V/AudioCache( 1870): write(0x41b7d008, 2048)
V/AudioCache( 1870): memcpy(0x44278800, 0x41b7d008, 2048)
V/AudioCache( 1870): write(0x41b7d008, 2048)
V/AudioCache( 1870): memcpy(0x44279000, 0x41b7d008, 2048)
V/AudioCache( 1870): write(0x41b7d008, 2048)
V/AudioCache( 1870): memcpy(0x44279800, 0x41b7d008, 2048)
V/AudioCache( 1870): write(0x41b7d008, 2048)
V/AudioCache( 1870): memcpy(0x4427a000, 0x41b7d008, 2048)
V/AudioCache( 1870): write(0x41b7d008, 2048)
V/AudioCache( 1870): memcpy(0x4427a800, 0x41b7d008, 2048)
V/AudioCache( 1870): write(0x41b7d008, 2048)
V/AudioCache( 1870): memcpy(0x4427b000, 0x41b7d008, 2048)
V/AudioCache( 1870): write(0x41b7d008, 2048)
V/AudioCache( 1870): memcpy(0x4427b800, 0x41b7d008, 2048)
V/AudioCache( 1870): write(0x41b7d008, 2048)
V/AudioCache( 1870): memcpy(0x4427c000, 0x41b7d008, 2048)
V/AudioCache( 1870): write(0x41b7d008, 2048)
V/AudioCache( 1870): memcpy(0x4427c800, 0x41b7d008, 2048)
V/AudioCache( 1870): write(0x41b7d008, 2048)
V/AudioCache( 1870): memcpy(0x4427d000, 0x41b7d008, 2048)
V/AudioCache( 1870): write(0x41b7d008, 2048)
V/AudioCache( 1870): memcpy(0x4427d800, 0x41b7d008, 2048)
V/AudioCache( 1870): write(0x41b7d008, 2048)
V/AudioCache( 1870): memcpy(0x4427e000, 0x41b7d008, 2048)
E/OMXCodec( 1870): [OMX.google.vorbis.decoder] err = -1011
V/AudioCache( 1870): write(0x41b7d008, 2048)
V/AudioCache( 1870): memcpy(0x4427e800, 0x41b7d008, 2048)
V/AudioCache( 1870): write(0x41b7d008, 2048)
V/AudioCache( 1870): memcpy(0x4427f000, 0x41b7d008, 2048)
V/AudioCache( 1870): write(0x41b7d008, 2048)
V/AudioCache( 1870): memcpy(0x4427f800, 0x41b7d008, 2048)
V/AwesomePlayer( 1870): MEDIA_PLAYBACK_COMPLETE
V/AwesomePlayer( 1870): notifyListner_l() msg (2-MEDIA_PLAYBACK_COMPLETE), ext1 (0), ext2 (0)
V/AudioCache( 1870): notify(0x41c37d20, 2, 0, 0)
V/AudioCache( 1870): playback complete - thread will wake up later
V/AudioCache( 1870): write(0x41b7d008, 1262)
V/AudioCache( 1870): memcpy(0x44280000, 0x41b7d008, 1262)
V/AudioCache( 1870): wait - success
V/StagefrightPlayer( 1870): reset
I/AwesomePlayer( 1870): reset
I/AwesomePlayer( 1870): cancel player events
V/AwesomePlayer( 1870): mAudioTrackVector clear
I/OMXCodec( 1870): [OMX.google.vorbis.decoder] stop() sendCommand(0x16, OMX_CommandStateSet, OMX_StateIdle)
I/OMXCodec( 1870): [OMX.google.vorbis.decoder] stopped in state 1
V/MediaPlayerService( 1870): MediaPlayerService::decode() using fd -
V/StagefrightPlayer( 1870): ~StagefrightPlayer
V/StagefrightPlayer( 1870): reset
I/AwesomePlayer( 1870): reset
I/AwesomePlayer( 1870): cancel player events
V/AwesomePlayer( 1870): mAudioTrackVector clear
I/AwesomePlayer( 1870): reset
I/AwesomePlayer( 1870): cancel player events
V/AwesomePlayer( 1870): mAudioTrackVector clear
V/AwesomePlayer( 1870): ~AwesomePlayer()
V/SoundPoolThread( 2225): Got message m=2, mData=10
V/MediaPlayer( 2225): decode(326, 0, 6750)
V/MediaPlayerService( 1870): decode(42, 0, 6750)
V/MediaPlayerService( 1870): player type = 3
V/MediaPlayerService( 1870):  create StagefrightPlayer
V/AwesomePlayer( 1870): setDefault
V/AwesomePlayer( 1870): constructor
V/AwesomePlayer( 1870): setDefault
I/AwesomePlayer( 1870): reset
I/AwesomePlayer( 1870): cancel player events
V/AwesomePlayer( 1870): mAudioTrackVector clear
V/StagefrightPlayer( 1870): StagefrightPlayer
V/AwesomePlayer( 1870): setListener
V/StagefrightPlayer( 1870): initCheck
V/StagefrightPlayer( 1870): setDataSource(42, 0, 6750)
V/AwesomePlayer( 1870): setDataSource (54, 0, 6750)
I/AwesomePlayer( 1870): cancel player events
V/AwesomePlayer( 1870): mAudioTrackVector clear
V/AwesomePlayer( 1870): track of type 'audio/vorbis' does not publish bitrate
V/AwesomePlayer( 1870): mBitrate = -1 bits/sec
W/AwesomePlayer( 1870): couldn't get userdata - Weather
W/AwesomePlayer( 1870): couldn't get userdata - Authorization 
W/AwesomePlayer( 1870): couldn't get userdata - SnapShot 
V/AwesomePlayer( 1870): current audio track index (0) is added to vector
V/AwesomePlayer( 1870): setDataSource_l: Audio(1), Video(0)
I/AwesomePlayer( 1870): AwesomePlayer::setDataSource_l():: This is not a DRM content
V/MediaPlayerService( 1870): prepare
V/AwesomePlayer( 1870): prepareAsync
V/MediaPlayerService( 1870): wait for prepare
V/AwesomePlayer( 1870): onPrepareAsyncEvent
V/AwesomePlayer( 1870): initAudioDecoder()
I/OMXCodec( 1870): Successfully allocated OMX node 'OMX.google.vorbis.decoder'
V/AwesomePlayer( 1870): notifyListner_l() msg (5-MEDIA_SET_VIDEO_SIZE), ext1 (0), ext2 (0)
V/AudioCache( 1870): notify(0x41c37d20, 5, 0, 0)
V/AudioCache( 1870): ignored
V/AwesomePlayer( 1870): notifyListner_l() msg (1-MEDIA_PREPARED), ext1 (0), ext2 (0)
V/AudioCache( 1870): notify(0x41c37d20, 1, 0, 0)
V/AudioCache( 1870): prepared
V/AudioCache( 1870): wait - success
V/MediaPlayerService( 1870): start
V/StagefrightPlayer( 1870): start
V/AwesomePlayer( 1870): play
V/AwesomePlayer( 1870): AwesomePlayer::play_l():: This is not a DRM content
D/Launcher( 2825): onTrimMemory. Level: 15
D/Launcher.Model( 2825): done with first binding step
D/Launcher.Model( 2825): waited 753ms for previous step to finish binding
D/Launcher.Model( 2825): step 2: loading all apps
D/Launcher.Model( 2825): loadAndBindAllApps mAllAppsLoaded: false, mRefreshRequired: true
D/dalvikvm( 2731): GC_CONCURRENT freed 555K, 14% free 7890K/9095K, paused 13ms+2ms, total 82ms
D/dalvikvm( 2731): WAIT_FOR_CONCURRENT_GC blocked 28ms
I/AudioPlayer( 1870):  Audioplayer kKeyAudioPCMFormat:1, 2, 0
I/AudioPlayer( 1870):  Audioplayer1 (2, 1)
V/AudioCache( 1870): open(44100, 2, 0x0, 1, 4)
V/MediaPlayerService( 1870): wait for playback complete
D/STATUSBAR-SignalClusterView( 2610): mSeparateMobileGroup=8
D/MccTable( 2763): updateMccMncConfiguration: mcc=404, mnc=2
D/MccTable( 2763): locale set to null_in
D/MccTable( 2763): WIFI_COUNTRY_CODE set to in
V/AudioCache( 1870): write(0x41b7d810, 4096)
V/AudioCache( 1870): memcpy(0x44377000, 0x41b7d810, 4096)
E/dalvikvm( 3068): Could not find class 'android.app.AppOpsManager', referenced from method com.google.android.gms.common.kz.a
W/dalvikvm( 3068): VFY: unable to resolve check-cast 36 (Landroid/app/AppOpsManager;) in Lcom/google/android/gms/common/kz;
D/dalvikvm( 3068): VFY: replacing opcode 0x1f at 0x0010
I/dalvikvm( 3068): Could not find method android.content.pm.PackageManager.getPackageInstaller, referenced from method com.google.android.gms.common.kz.a
W/dalvikvm( 3068): VFY: unable to resolve virtual method 446: Landroid/content/pm/PackageManager;.getPackageInstaller ()Landroid/content/pm/PackageInstaller;
D/dalvikvm( 3068): VFY: replacing opcode 0x6e at 0x000d
V/AudioCache( 1870): write(0x41b7d810, 4096)
V/AudioCache( 1870): memcpy(0x44378000, 0x41b7d810, 4096)
I/WifiService( 2225): WifiService trying to set country code to in with persist set to true
V/AudioCache( 1870): write(0x41b7d810, 4096)
V/AudioCache( 1870): memcpy(0x44379000, 0x41b7d810, 4096)
V/AudioCache( 1870): write(0x41b7d810, 4096)
V/AudioCache( 1870): memcpy(0x4437a000, 0x41b7d810, 4096)
V/AudioCache( 1870): write(0x41b7d810, 4096)
V/AudioCache( 1870): memcpy(0x4437b000, 0x41b7d810, 4096)
V/AudioCache( 1870): write(0x41b7d810, 4096)
V/AudioCache( 1870): memcpy(0x4437c000, 0x41b7d810, 4096)
E/OMXCodec( 1870): [OMX.google.vorbis.decoder] err = -1011
V/AudioCache( 1870): write(0x41b7d810, 4096)
V/AudioCache( 1870): memcpy(0x4437d000, 0x41b7d810, 4096)
V/AudioCache( 1870): write(0x41b7d810, 4096)
V/AudioCache( 1870): memcpy(0x4437e000, 0x41b7d810, 4096)
V/AudioCache( 1870): write(0x41b7d810, 4096)
V/AudioCache( 1870): memcpy(0x4437f000, 0x41b7d810, 4096)
V/AudioCache( 1870): write(0x41b7d810, 4096)
V/AudioCache( 1870): memcpy(0x44380000, 0x41b7d810, 4096)
V/AudioCache( 1870): write(0x41b7d810, 4096)
V/AudioCache( 1870): memcpy(0x44381000, 0x41b7d810, 4096)
V/AudioCache( 1870): write(0x41b7d810, 4096)
V/AudioCache( 1870): memcpy(0x44382000, 0x41b7d810, 4096)
V/AwesomePlayer( 1870): MEDIA_PLAYBACK_COMPLETE
V/AwesomePlayer( 1870): notifyListner_l() msg (2-MEDIA_PLAYBACK_COMPLETE), ext1 (0), ext2 (0)
V/AudioCache( 1870): notify(0x41c37d20, 2, 0, 0)
V/AudioCache( 1870): playback complete - thread will wake up later
V/AudioCache( 1870): write(0x41b7d810, 1396)
V/AudioCache( 1870): memcpy(0x44383000, 0x41b7d810, 1396)
V/AudioCache( 1870): wait - success
V/StagefrightPlayer( 1870): reset
I/AwesomePlayer( 1870): reset
I/AwesomePlayer( 1870): cancel player events
V/AwesomePlayer( 1870): mAudioTrackVector clear
I/OMXCodec( 1870): [OMX.google.vorbis.decoder] stop() sendCommand(0x17, OMX_CommandStateSet, OMX_StateIdle)
I/OMXCodec( 1870): [OMX.google.vorbis.decoder] stopped in state 1
V/MediaPlayerService( 1870): MediaPlayerService::decode() using fd -
V/StagefrightPlayer( 1870): ~StagefrightPlayer
V/StagefrightPlayer( 1870): reset
I/AwesomePlayer( 1870): reset
I/AwesomePlayer( 1870): cancel player events
V/AwesomePlayer( 1870): mAudioTrackVector clear
I/AwesomePlayer( 1870): reset
I/AwesomePlayer( 1870): cancel player events
V/AwesomePlayer( 1870): mAudioTrackVector clear
V/AwesomePlayer( 1870): ~AwesomePlayer()
V/SoundPoolThread( 2225): Got message m=2, mData=11
V/MediaPlayer( 2225): decode(329, 0, 7567)
V/MediaPlayerService( 1870): decode(42, 0, 7567)
D/KeyguardViewMediator( 2225): setHidden false
I/ActivityManager( 2225): Config changed: {4 0 1.0 404mcc2mnc en_GB sw800dp w1280dp h752dp xlrg land finger -keyb/v/h -nav/h s.5}
V/MediaPlayerService( 1870): player type = 3
V/MediaPlayerService( 1870):  create StagefrightPlayer
V/AwesomePlayer( 1870): setDefault
V/AwesomePlayer( 1870): constructor
V/AwesomePlayer( 1870): setDefault
I/AwesomePlayer( 1870): reset
I/AwesomePlayer( 1870): cancel player events
V/AwesomePlayer( 1870): mAudioTrackVector clear
V/StagefrightPlayer( 1870): StagefrightPlayer
V/AwesomePlayer( 1870): setListener
V/StagefrightPlayer( 1870): initCheck
V/StagefrightPlayer( 1870): setDataSource(42, 0, 7567)
V/AwesomePlayer( 1870): setDataSource (55, 0, 7567)
I/AwesomePlayer( 1870): cancel player events
V/AwesomePlayer( 1870): mAudioTrackVector clear
D/Launcher( 2825): onConfigurationChanged. orientation: 2
V/AwesomePlayer( 1870): track of type 'audio/vorbis' does not publish bitrate
V/AwesomePlayer( 1870): mBitrate = -1 bits/sec
W/AwesomePlayer( 1870): couldn't get userdata - Weather
W/AwesomePlayer( 1870): couldn't get userdata - Authorization 
W/AwesomePlayer( 1870): couldn't get userdata - SnapShot 
V/AwesomePlayer( 1870): current audio track index (0) is added to vector
V/AwesomePlayer( 1870): setDataSource_l: Audio(1), Video(0)
I/AwesomePlayer( 1870): AwesomePlayer::setDataSource_l():: This is not a DRM content
V/MediaPlayerService( 1870): prepare
V/AwesomePlayer( 1870): prepareAsync
V/MediaPlayerService( 1870): wait for prepare
V/AwesomePlayer( 1870): onPrepareAsyncEvent
V/AwesomePlayer( 1870): initAudioDecoder()
E/UsimServiceTable( 2763): isActive for service 51 fails, max service is 40
E/UsimServiceTable( 2763): isSSTAvailable for service 51 fails, max service is 80
E/UsimServiceTable( 2763): isActive for service 51 fails, max service is 40
E/UsimServiceTable( 2763): isSSTAvailable for service 51 fails, max service is 80
E/UsimServiceTable( 2763): isActive for service 52 fails, max service is 40
E/UsimServiceTable( 2763): isSSTAvailable for service 52 fails, max service is 80
E/UsimServiceTable( 2763): isActive for service 52 fails, max service is 40
E/UsimServiceTable( 2763): isSSTAvailable for service 52 fails, max service is 80
I/OMXCodec( 1870): Successfully allocated OMX node 'OMX.google.vorbis.decoder'
D/WfdService( 2225): intent recieved android.intent.action.CONFIGURATION_CHANGED
D/dalvikvm( 3068): GC_CONCURRENT freed 256K, 10% free 8757K/9671K, paused 19ms+48ms, total 128ms
D/Launcher.Model( 2825): startLoader. isLaunching: false
D/Launcher.Model( 2825): Stopping LoaderTask: 1098142304
D/Launcher.SWidgetPkgMgr( 2825):   ----> running samsung widgets loader
I/dalvikvm( 3068): Could not find method android.app.Notification$Builder.setLocalOnly, referenced from method com.google.android.gms.common.kz.b
W/dalvikvm( 3068): VFY: unable to resolve virtual method 155: Landroid/app/Notification$Builder;.setLocalOnly (Z)Landroid/app/Notification$Builder;
D/dalvikvm( 3068): VFY: replacing opcode 0x6e at 0x0206
I/dalvikvm( 3068): DexOpt: access denied from Lcom/google/android/gms/common/kz; to field Landroid/app/Notification;.extras
W/dalvikvm( 3068): VFY: unable to resolve instance field 27
D/dalvikvm( 3068): VFY: replacing opcode 0x54 at 0x0225
E/dalvikvm( 3068): Could not find class 'android.os.UserManager', referenced from method com.google.android.gms.common.kz.j
W/dalvikvm( 3068): VFY: unable to resolve check-cast 245 (Landroid/os/UserManager;) in Lcom/google/android/gms/common/kz;
D/dalvikvm( 3068): VFY: replacing opcode 0x1f at 0x000e
V/AwesomePlayer( 1870): notifyListner_l() msg (5-MEDIA_SET_VIDEO_SIZE), ext1 (0), ext2 (0)
V/AudioCache( 1870): notify(0x41c37d20, 5, 0, 0)
V/AudioCache( 1870): ignored
V/AwesomePlayer( 1870): notifyListner_l() msg (1-MEDIA_PREPARED), ext1 (0), ext2 (0)
V/AudioCache( 1870): notify(0x41c37d20, 1, 0, 0)
V/AudioCache( 1870): prepared
V/AudioCache( 1870): wait - success
V/MediaPlayerService( 1870): start
V/StagefrightPlayer( 1870): start
V/AwesomePlayer( 1870): play
V/AwesomePlayer( 1870): AwesomePlayer::play_l():: This is not a DRM content
E/UsimServiceTable( 2763): isActive for service 53 fails, max service is 40
E/UsimServiceTable( 2763): isSSTAvailable for service 53 fails, max service is 80
E/UsimServiceTable( 2763): isActive for service 53 fails, max service is 40
E/UsimServiceTable( 2763): isSSTAvailable for service 53 fails, max service is 80
I/AudioPlayer( 1870):  Audioplayer kKeyAudioPCMFormat:1, 2, 0
I/AudioPlayer( 1870):  Audioplayer1 (2, 1)
V/AudioCache( 1870): open(44100, 2, 0x0, 1, 4)
V/MediaPlayerService( 1870): wait for playback complete
V/AudioCache( 1870): write(0x41b7d008, 4096)
V/AudioCache( 1870): memcpy(0x44477000, 0x41b7d008, 4096)
V/AudioCache( 1870): write(0x41b7d008, 4096)
V/AudioCache( 1870): memcpy(0x44478000, 0x41b7d008, 4096)
V/AudioCache( 1870): write(0x41b7d008, 4096)
V/AudioCache( 1870): memcpy(0x44479000, 0x41b7d008, 4096)
V/AudioCache( 1870): write(0x41b7d008, 4096)
V/AudioCache( 1870): memcpy(0x4447a000, 0x41b7d008, 4096)
V/AudioCache( 1870): write(0x41b7d008, 4096)
V/AudioCache( 1870): memcpy(0x4447b000, 0x41b7d008, 4096)
D/Launcher.SWidgetPkgMgr( 2825): (Xml)  -----> widget title=Weather Widget vertical width=384 height=352
D/Launcher.SWidgetPkgMgr( 2825): (Xml)  -----> widget title=Weather Widget horizontal width=480 height=292
V/AudioCache( 1870): write(0x41b7d008, 4096)
V/AudioCache( 1870): memcpy(0x4447c000, 0x41b7d008, 4096)
V/AudioCache( 1870): write(0x41b7d008, 4096)
V/AudioCache( 1870): memcpy(0x4447d000, 0x41b7d008, 4096)
V/AudioCache( 1870): write(0x41b7d008, 4096)
V/AudioCache( 1870): memcpy(0x4447e000, 0x41b7d008, 4096)
E/OMXCodec( 1870): [OMX.google.vorbis.decoder] err = -1011
V/AudioCache( 1870): write(0x41b7d008, 4096)
V/AudioCache( 1870): memcpy(0x4447f000, 0x41b7d008, 4096)
V/AudioCache( 1870): write(0x41b7d008, 4096)
V/AudioCache( 1870): memcpy(0x44480000, 0x41b7d008, 4096)
V/AwesomePlayer( 1870): MEDIA_PLAYBACK_COMPLETE
V/AwesomePlayer( 1870): notifyListner_l() msg (2-MEDIA_PLAYBACK_COMPLETE), ext1 (0), ext2 (0)
V/AudioCache( 1870): notify(0x41c37d20, 2, 0, 0)
V/AudioCache( 1870): playback complete - thread will wake up later
V/AudioCache( 1870): write(0x41b7d008, 384)
V/AudioCache( 1870): memcpy(0x44481000, 0x41b7d008, 384)
V/AudioCache( 1870): wait - success
V/StagefrightPlayer( 1870): reset
W/System.err( 2225): Caused by: libcore.io.ErrnoException: open failed: ENOENT (No such file or directory)
W/System.err( 2225): 	at libcore.io.Posix.open(Native Method)
I/SurfaceFlinger( 1867): id=5(1) createSurf 0x43944f0c (1280x48),4 flag=400, TystemBar
W/AlarmManager( 2225): FACTORY_ON= 0
E/UsimServiceTable( 2763): isActive for service 54 fails, max service is 40
E/UsimServiceTable( 2763): isSSTAvailable for service 54 fails, max service is 80
E/UsimServiceTable( 2763): isActive for service 54 fails, max service is 40
E/UsimServiceTable( 2763): isSSTAvailable for service 54 fails, max service is 80
E/UsimServiceTable( 2763): isActive for service 55 fails, max service is 40
E/UsimServiceTable( 2763): isSSTAvailable for service 55 fails, max service is 80
E/UsimServiceTable( 2763): isActive for service 55 fails, max service is 40
E/UsimServiceTable( 2763): isSSTAvailable for service 55 fails, max service is 80
I/SimLockInfoResult( 2763): num:1, lockType:9, lock_key:3, numRetry:2
I/SimLockInfoResult( 2763): PIN2 numRetry: 2
D/Launcher.SWidgetPkgMgr( 2825): (Xml)  -----> widget title=S Planner Widget vertical width=576 height=480
D/Launcher.SWidgetPkgMgr( 2825): (Xml)  -----> widget title=S Planner Widget horizontal width=736 height=390
I/IccCard ( 2763): handleMessage: 104
I/IccCard ( 2763): EVENT_SIM_PIN2_LOCK_INFO_DONE
I/SimLockInfoResult( 2763): num:1, lockType:9, lock_key:3, numRetry:2
I/SimLockInfoResult( 2763): PIN2 numRetry: 2
I/IccCard ( 2763): handleMessage: 105
I/IccCard ( 2763): EVENT_SIM_PIN_LOCK_INFO_REFRESH_DONE
D/Launcher.SWidgetPkgMgr( 2825): (Xml)  -----> widget title=S Planner Widget vertical width=384 height=480
D/Launcher.SWidgetPkgMgr( 2825): (Xml)  -----> widget title=S Planner Widget horizontal width=480 height=390
I/IccCard ( 2763): handleMessage: 1006
I/IccCard ( 2763): restore handleMessage: 6
D/KeyguardViewMediator( 2225): setHidden false
D/Launcher.SWidgetPkgMgr( 2825): (Xml)  -----> widget title=S Planner Widget vertical width=384 height=480
D/Launcher.SWidgetPkgMgr( 2825): (Xml)  -----> widget title=S Planner Widget horizontal width=480 height=390
D/Launcher.SWidgetPkgMgr( 2825):   ----> samsungwidgets loader completed
I/AwesomePlayer( 1870): reset
I/AwesomePlayer( 1870): cancel player events
V/AwesomePlayer( 1870): mAudioTrackVector clear
I/OMXCodec( 1870): [OMX.google.vorbis.decoder] stop() sendCommand(0x18, OMX_CommandStateSet, OMX_StateIdle)
I/IccCard ( 2763): handleMessage: 2
I/OMXCodec( 1870): [OMX.google.vorbis.decoder] stopped in state 1
V/MediaPlayerService( 1870): MediaPlayerService::decode() using fd -
V/StagefrightPlayer( 1870): ~StagefrightPlayer
V/StagefrightPlayer( 1870): reset
I/AwesomePlayer( 1870): reset
I/AwesomePlayer( 1870): cancel player events
V/AwesomePlayer( 1870): mAudioTrackVector clear
I/AwesomePlayer( 1870): reset
I/AwesomePlayer( 1870): cancel player events
V/AwesomePlayer( 1870): mAudioTrackVector clear
V/AwesomePlayer( 1870): ~AwesomePlayer()
I/GCoreUlr( 3068): Starting service, intent=Intent { act=com.google.android.location.reporting.ACTION_UPDATE_WORLD cmp=com.google.android.gms/com.google.android.location.reporting.service.DispatchingService (has extras) }, extras=Bundle[{receiverAction=android.location.PROVIDERS_CHANGED}]
I/dalvikvm( 3068): Could not find method android.provider.Settings$Global.getUriFor, referenced from method com.google.android.location.os.real.ac.handleMessage
W/dalvikvm( 3068): VFY: unable to resolve static method 955: Landroid/provider/Settings$Global;.getUriFor (Ljava/lang/String;)Landroid/net/Uri;
D/dalvikvm( 3068): VFY: replacing opcode 0x71 at 0x0168
D/dalvikvm( 2731): GC_CONCURRENT freed 499K, 14% free 7893K/9095K, paused 14ms+3ms, total 57ms
D/dalvikvm( 2731): WAIT_FOR_CONCURRENT_GC blocked 20ms
D/KeyguardViewMediator( 2225): setHidden false
D/MenuAppLoader( 2825): loadAllItems; aborted: true
D/MenuAppLoader( 2825):     Query PkgMgr for all main intents: 151
D/MenuAppLoader( 2825):     Create AppItem for all main intents: 0 / 151
D/MenuAppLoader( 2825):     Query AppOrder database table: 3 / 154
D/MenuAppLoader( 2825):     Merge AppOrder and PkgMgr data: 11 / 165
D/MenuAppLoader( 2825):     Normalize items and update DB: 0 / 165
W/Launcher.Model( 2825): LoaderTask aborted or running with no launcher (bindAllApps)
D/Launcher.Model( 2825): Comparing loaded icons to database icons
D/Launcher.Model( 2825): Begin LoaderTask: 1099505920
D/Launcher.Model( 2825): Setting thread priority to DEFAULT
D/Launcher.Model( 2825): step 1: loading workspace
D/Launcher.Model( 2825): loadAndBindWorkspace mWorkspaceLoaded: true, mRefreshRequired: true
I/System.out( 2911): [SEVERE:2985]: LogSource: AsyncHttpRequestImpl.run(): exception thrown : Unable to resolve host "www.google.com": No address associated with hostname: java.net.UnknownHostException
E/GlsClient-query( 2911): requestFailed
W/System.err( 2225): 	at libcore.io.BlockGuardOs.open(BlockGuardOs.java:110)
W/System.err( 2225): 	at libcore.io.IoBridge.open(IoBridge.java:400)
W/System.err( 2225): 	... 11 more
E/readPropertyValue( 2225): File access error /data/system/selfUpdateAdmin.conf
I/EnterpriseDeviceManagerService( 2225): nothing to selfUpdate
D/dalvikvm( 2731): GC_CONCURRENT freed 463K, 13% free 7937K/9095K, paused 2ms+1ms, total 22ms
D/dalvikvm( 2731): WAIT_FOR_CONCURRENT_GC blocked 14ms
W/AlarmManager( 2225): FACTORY_ON= 0
D/STATUSBAR-SignalClusterView( 2610): mSeparateMobileGroup=8
D/STATUSBAR-QuickSettingButton( 2610): Button OFF
D/STATUSBAR-QuickSettingButton( 2610): Button OFF
D/STATUSBAR-LocationQuickSettingButton( 2610): init() - mGpsActivated : false
I/IccCard ( 2763): handleMessage: 7
I/IccCard ( 2763): handleMessage: 10
W/AlarmManager( 2225): FACTORY_ON= 0
W/AlarmManager( 2225): FACTORY_ON= 0
W/AlarmManager( 2225): FACTORY_ON= 0
D/STATUSBAR-QuickSettingButton( 2610): Button ON
D/STATUSBAR-QuickSettingButton( 2610): Button ON
D/STATUSBAR-QuickSettingButton( 2610): Button OFF
W/AlarmManager( 2225): FACTORY_ON= 0
D/STATUSBAR-MobileDataQuickSettingButton( 2610): init() : mMobileData = false
W/AlarmManager( 2225): FACTORY_ON= 0
D/STATUSBAR-QuickSettingButton( 2610): WfdManager handleStateChanged state = 1
D/dalvikvm( 2731): GC_CONCURRENT freed 488K, 13% free 7918K/9095K, paused 12ms+11ms, total 51ms
D/dalvikvm( 2731): WAIT_FOR_CONCURRENT_GC blocked 28ms
D/STATUSBAR-QuickSettingButton( 2610): Button OFF
D/STATUSBAR-QuickSettingButton( 2610): Button OFF
W/AlarmManager( 2225): FACTORY_ON= 0
D/WifiP2pService( 2225): P2pDisabledState{ what=131204 }
V/TaskCloserActivity( 3338): TaskCloserActivity enter()
D/ProgramMonitor( 3338): LAUNCHER_RESUME
D/ProgramMonitor( 3338): isWidgetEnabled:0  mViews:null
